10.34.26.42 - - [13/Jun/2012:15:36:03 -0500] "GET /rails_jody/courses HTTP/1.1" 304 527 "-" "Mozilla/5.0 (Windows NT 6.1) AppleWebKit/536.5 (KHTML, like Gecko) Chrome/19.0.1084.56 Safari/536.5"
10.34.26.42 - - [13/Jun/2012:15:36:05 -0500] "GET /rails_jody/assets/base.css?body=1 HTTP/1.1" 304 180 "http://bitaction01.academic.rrc.ca/rails_jody/courses" "Mozilla/5.0 (Windows NT 6.1) AppleWebKit/536.5 (KHTML, like Gecko) Chrome/19.0.1084.56 Safari/536.5"
10.34.26.42 - - [13/Jun/2012:15:36:05 -0500] "GET /rails_jody/assets/bootstrap-base.css?body=1 HTTP/1.1" 304 180 "http://bitaction01.academic.rrc.ca/rails_jody/courses" "Mozilla/5.0 (Windows NT 6.1) AppleWebKit/536.5 (KHTML, like Gecko) Chrome/19.0.1084.56 Safari/536.5"
10.34.26.42 - - [13/Jun/2012:15:36:05 -0500] "GET /rails_jody/assets/jquery.js?body=1 HTTP/1.1" 304 180 "http://bitaction01.academic.rrc.ca/rails_jody/courses" "Mozilla/5.0 (Windows NT 6.1) AppleWebKit/536.5 (KHTML, like Gecko) Chrome/19.0.1084.56 Safari/536.5"
10.34.26.42 - - [13/Jun/2012:15:36:05 -0500] "GET /rails_jody/assets/application.css?body=1 HTTP/1.1" 304 179 "http://bitaction01.academic.rrc.ca/rails_jody/courses" "Mozilla/5.0 (Windows NT 6.1) AppleWebKit/536.5 (KHTML, like Gecko) Chrome/19.0.1084.56 Safari/536.5"
10.34.26.42 - - [13/Jun/2012:15:36:05 -0500] "GET /rails_jody/assets/style.css?body=1 HTTP/1.1" 304 180 "http://bitaction01.academic.rrc.ca/rails_jody/courses" "Mozilla/5.0 (Windows NT 6.1) AppleWebKit/536.5 (KHTML, like Gecko) Chrome/19.0.1084.56 Safari/536.5"
10.34.26.42 - - [13/Jun/2012:15:36:05 -0500] "GET /rails_jody/assets/jquery_ujs.js?body=1 HTTP/1.1" 304 180 "http://bitaction01.academic.rrc.ca/rails_jody/courses" "Mozilla/5.0 (Windows NT 6.1) AppleWebKit/536.5 (KHTML, like Gecko) Chrome/19.0.1084.56 Safari/536.5"
10.34.26.42 - - [13/Jun/2012:15:36:05 -0500] "GET /rails_jody/assets/jstree/jquery.jstree.js?body=1 HTTP/1.1" 304 179 "http://bitaction01.academic.rrc.ca/rails_jody/courses" "Mozilla/5.0 (Windows NT 6.1) AppleWebKit/536.5 (KHTML, like Gecko) Chrome/19.0.1084.56 Safari/536.5"
10.34.26.42 - - [13/Jun/2012:15:36:05 -0500] "GET /rails_jody/assets/jstree_custom_menu.js?body=1 HTTP/1.1" 304 179 "http://bitaction01.academic.rrc.ca/rails_jody/courses" "Mozilla/5.0 (Windows NT 6.1) AppleWebKit/536.5 (KHTML, like Gecko) Chrome/19.0.1084.56 Safari/536.5"
10.34.26.42 - - [13/Jun/2012:15:36:05 -0500] "GET /rails_jody/assets/bootstrap-alerts.js?body=1 HTTP/1.1" 304 179 "http://bitaction01.academic.rrc.ca/rails_jody/courses" "Mozilla/5.0 (Windows NT 6.1) AppleWebKit/536.5 (KHTML, like Gecko) Chrome/19.0.1084.56 Safari/536.5"
10.34.26.42 - - [13/Jun/2012:15:36:05 -0500] "GET /rails_jody/assets/application.js?body=1 HTTP/1.1" 304 179 "http://bitaction01.academic.rrc.ca/rails_jody/courses" "Mozilla/5.0 (Windows NT 6.1) AppleWebKit/536.5 (KHTML, like Gecko) Chrome/19.0.1084.56 Safari/536.5"
10.34.26.42 - - [13/Jun/2012:15:36:05 -0500] "GET /favicon.ico HTTP/1.1" 404 511 "-" "Mozilla/5.0 (Windows NT 6.1) AppleWebKit/536.5 (KHTML, like Gecko) Chrome/19.0.1084.56 Safari/536.5"
::1 - - [13/Jun/2012:15:36:23 -0500] "OPTIONS * HTTP/1.0" 200 152 "-" "Apache/2.2.16 (Debian) (internal dummy connection)"
10.34.26.42 - - [13/Jun/2012:15:37:49 -0500] "GET /rails_jody/courses HTTP/1.1" 500 2768 "-" "Mozilla/5.0 (Windows NT 6.1) AppleWebKit/536.5 (KHTML, like Gecko) Chrome/19.0.1084.56 Safari/536.5"
10.34.26.42 - - [13/Jun/2012:15:37:50 -0500] "GET /favicon.ico HTTP/1.1" 404 512 "-" "Mozilla/5.0 (Windows NT 6.1) AppleWebKit/536.5 (KHTML, like Gecko) Chrome/19.0.1084.56 Safari/536.5"
10.34.26.42 - - [13/Jun/2012:15:38:59 -0500] "GET /rails_jody/courses HTTP/1.1" 200 3167 "-" "Mozilla/5.0 (Windows NT 6.1) AppleWebKit/536.5 (KHTML, like Gecko) Chrome/19.0.1084.56 Safari/536.5"
10.34.26.42 - - [13/Jun/2012:15:38:59 -0500] "GET /rails_jody/assets/bootstrap-base.css?body=1 HTTP/1.1" 304 180 "http://bitaction01.academic.rrc.ca/rails_jody/courses" "Mozilla/5.0 (Windows NT 6.1) AppleWebKit/536.5 (KHTML, like Gecko) Chrome/19.0.1084.56 Safari/536.5"
10.34.26.42 - - [13/Jun/2012:15:38:59 -0500] "GET /rails_jody/assets/base.css?body=1 HTTP/1.1" 304 180 "http://bitaction01.academic.rrc.ca/rails_jody/courses" "Mozilla/5.0 (Windows NT 6.1) AppleWebKit/536.5 (KHTML, like Gecko) Chrome/19.0.1084.56 Safari/536.5"
10.34.26.42 - - [13/Jun/2012:15:38:59 -0500] "GET /rails_jody/assets/style.css?body=1 HTTP/1.1" 304 180 "http://bitaction01.academic.rrc.ca/rails_jody/courses" "Mozilla/5.0 (Windows NT 6.1) AppleWebKit/536.5 (KHTML, like Gecko) Chrome/19.0.1084.56 Safari/536.5"
10.34.26.42 - - [13/Jun/2012:15:38:59 -0500] "GET /rails_jody/assets/jquery.js?body=1 HTTP/1.1" 304 180 "http://bitaction01.academic.rrc.ca/rails_jody/courses" "Mozilla/5.0 (Windows NT 6.1) AppleWebKit/536.5 (KHTML, like Gecko) Chrome/19.0.1084.56 Safari/536.5"
10.34.26.42 - - [13/Jun/2012:15:38:59 -0500] "GET /rails_jody/assets/application.css?body=1 HTTP/1.1" 304 179 "http://bitaction01.academic.rrc.ca/rails_jody/courses" "Mozilla/5.0 (Windows NT 6.1) AppleWebKit/536.5 (KHTML, like Gecko) Chrome/19.0.1084.56 Safari/536.5"
10.34.26.42 - - [13/Jun/2012:15:38:59 -0500] "GET /rails_jody/assets/jquery_ujs.js?body=1 HTTP/1.1" 304 179 "http://bitaction01.academic.rrc.ca/rails_jody/courses" "Mozilla/5.0 (Windows NT 6.1) AppleWebKit/536.5 (KHTML, like Gecko) Chrome/19.0.1084.56 Safari/536.5"
10.34.26.42 - - [13/Jun/2012:15:38:59 -0500] "GET /rails_jody/assets/application.js?body=1 HTTP/1.1" 304 179 "http://bitaction01.academic.rrc.ca/rails_jody/courses" "Mozilla/5.0 (Windows NT 6.1) AppleWebKit/536.5 (KHTML, like Gecko) Chrome/19.0.1084.56 Safari/536.5"
10.34.26.42 - - [13/Jun/2012:15:38:59 -0500] "GET /rails_jody/assets/jstree_custom_menu.js?body=1 HTTP/1.1" 304 180 "http://bitaction01.academic.rrc.ca/rails_jody/courses" "Mozilla/5.0 (Windows NT 6.1) AppleWebKit/536.5 (KHTML, like Gecko) Chrome/19.0.1084.56 Safari/536.5"
10.34.26.42 - - [13/Jun/2012:15:38:59 -0500] "GET /rails_jody/assets/jstree/jquery.jstree.js?body=1 HTTP/1.1" 304 179 "http://bitaction01.academic.rrc.ca/rails_jody/courses" "Mozilla/5.0 (Windows NT 6.1) AppleWebKit/536.5 (KHTML, like Gecko) Chrome/19.0.1084.56 Safari/536.5"
10.34.26.42 - - [13/Jun/2012:15:38:59 -0500] "GET /rails_jody/assets/bootstrap-alerts.js?body=1 HTTP/1.1" 304 179 "http://bitaction01.academic.rrc.ca/rails_jody/courses" "Mozilla/5.0 (Windows NT 6.1) AppleWebKit/536.5 (KHTML, like Gecko) Chrome/19.0.1084.56 Safari/536.5"
10.34.26.42 - - [13/Jun/2012:15:39:00 -0500] "GET /favicon.ico HTTP/1.1" 404 511 "-" "Mozilla/5.0 (Windows NT 6.1) AppleWebKit/536.5 (KHTML, like Gecko) Chrome/19.0.1084.56 Safari/536.5"
::1 - - [13/Jun/2012:15:39:17 -0500] "OPTIONS * HTTP/1.0" 200 152 "-" "Apache/2.2.16 (Debian) (internal dummy connection)"
10.34.26.42 - - [13/Jun/2012:15:39:18 -0500] "GET /rails_jody/courses HTTP/1.1" 304 527 "http://bitaction01.academic.rrc.ca/rails_jody/courses" "Mozilla/5.0 (Windows NT 6.1) AppleWebKit/536.5 (KHTML, like Gecko) Chrome/19.0.1084.56 Safari/536.5"
10.34.26.42 - - [13/Jun/2012:15:39:18 -0500] "GET /rails_jody/assets/application.css?body=1 HTTP/1.1" 304 179 "http://bitaction01.academic.rrc.ca/rails_jody/courses" "Mozilla/5.0 (Windows NT 6.1) AppleWebKit/536.5 (KHTML, like Gecko) Chrome/19.0.1084.56 Safari/536.5"
10.34.26.42 - - [13/Jun/2012:15:39:18 -0500] "GET /rails_jody/assets/base.css?body=1 HTTP/1.1" 304 180 "http://bitaction01.academic.rrc.ca/rails_jody/courses" "Mozilla/5.0 (Windows NT 6.1) AppleWebKit/536.5 (KHTML, like Gecko) Chrome/19.0.1084.56 Safari/536.5"
10.34.26.42 - - [13/Jun/2012:15:39:18 -0500] "GET /rails_jody/assets/jquery_ujs.js?body=1 HTTP/1.1" 304 180 "http://bitaction01.academic.rrc.ca/rails_jody/courses" "Mozilla/5.0 (Windows NT 6.1) AppleWebKit/536.5 (KHTML, like Gecko) Chrome/19.0.1084.56 Safari/536.5"
10.34.26.42 - - [13/Jun/2012:15:39:18 -0500] "GET /rails_jody/assets/jstree/jquery.jstree.js?body=1 HTTP/1.1" 304 179 "http://bitaction01.academic.rrc.ca/rails_jody/courses" "Mozilla/5.0 (Windows NT 6.1) AppleWebKit/536.5 (KHTML, like Gecko) Chrome/19.0.1084.56 Safari/536.5"
10.34.26.42 - - [13/Jun/2012:15:39:18 -0500] "GET /rails_jody/assets/jquery.js?body=1 HTTP/1.1" 304 180 "http://bitaction01.academic.rrc.ca/rails_jody/courses" "Mozilla/5.0 (Windows NT 6.1) AppleWebKit/536.5 (KHTML, like Gecko) Chrome/19.0.1084.56 Safari/536.5"
10.34.26.42 - - [13/Jun/2012:15:39:18 -0500] "GET /rails_jody/assets/jstree_custom_menu.js?body=1 HTTP/1.1" 304 179 "http://bitaction01.academic.rrc.ca/rails_jody/courses" "Mozilla/5.0 (Windows NT 6.1) AppleWebKit/536.5 (KHTML, like Gecko) Chrome/19.0.1084.56 Safari/536.5"
10.34.26.42 - - [13/Jun/2012:15:39:18 -0500] "GET /rails_jody/assets/style.css?body=1 HTTP/1.1" 304 180 "http://bitaction01.academic.rrc.ca/rails_jody/courses" "Mozilla/5.0 (Windows NT 6.1) AppleWebKit/536.5 (KHTML, like Gecko) Chrome/19.0.1084.56 Safari/536.5"
10.34.26.42 - - [13/Jun/2012:15:39:18 -0500] "GET /rails_jody/assets/bootstrap-alerts.js?body=1 HTTP/1.1" 304 179 "http://bitaction01.academic.rrc.ca/rails_jody/courses" "Mozilla/5.0 (Windows NT 6.1) AppleWebKit/536.5 (KHTML, like Gecko) Chrome/19.0.1084.56 Safari/536.5"
10.34.26.42 - - [13/Jun/2012:15:39:18 -0500] "GET /rails_jody/assets/application.js?body=1 HTTP/1.1" 304 179 "http://bitaction01.academic.rrc.ca/rails_jody/courses" "Mozilla/5.0 (Windows NT 6.1) AppleWebKit/536.5 (KHTML, like Gecko) Chrome/19.0.1084.56 Safari/536.5"
10.34.26.42 - - [13/Jun/2012:15:39:18 -0500] "GET /rails_jody/assets/bootstrap-base.css?body=1 HTTP/1.1" 304 180 "http://bitaction01.academic.rrc.ca/rails_jody/courses" "Mozilla/5.0 (Windows NT 6.1) AppleWebKit/536.5 (KHTML, like Gecko) Chrome/19.0.1084.56 Safari/536.5"
10.34.26.42 - - [13/Jun/2012:15:39:19 -0500] "GET /favicon.ico HTTP/1.1" 404 511 "-" "Mozilla/5.0 (Windows NT 6.1) AppleWebKit/536.5 (KHTML, like Gecko) Chrome/19.0.1084.56 Safari/536.5"
::1 - - [13/Jun/2012:15:39:36 -0500] "OPTIONS * HTTP/1.0" 200 152 "-" "Apache/2.2.16 (Debian) (internal dummy connection)"
10.34.26.42 - - [13/Jun/2012:15:40:11 -0500] "GET /rails_jody/courses HTTP/1.1" 304 527 "-" "Mozilla/5.0 (Windows NT 6.1) AppleWebKit/536.5 (KHTML, like Gecko) Chrome/19.0.1084.56 Safari/536.5"
10.34.26.42 - - [13/Jun/2012:15:40:11 -0500] "GET /rails_jody/assets/base.css?body=1 HTTP/1.1" 304 180 "http://bitaction01.academic.rrc.ca/rails_jody/courses" "Mozilla/5.0 (Windows NT 6.1) AppleWebKit/536.5 (KHTML, like Gecko) Chrome/19.0.1084.56 Safari/536.5"
10.34.26.42 - - [13/Jun/2012:15:40:11 -0500] "GET /rails_jody/assets/jquery_ujs.js?body=1 HTTP/1.1" 304 179 "http://bitaction01.academic.rrc.ca/rails_jody/courses" "Mozilla/5.0 (Windows NT 6.1) AppleWebKit/536.5 (KHTML, like Gecko) Chrome/19.0.1084.56 Safari/536.5"
10.34.26.42 - - [13/Jun/2012:15:40:11 -0500] "GET /rails_jody/assets/jstree/jquery.jstree.js?body=1 HTTP/1.1" 304 180 "http://bitaction01.academic.rrc.ca/rails_jody/courses" "Mozilla/5.0 (Windows NT 6.1) AppleWebKit/536.5 (KHTML, like Gecko) Chrome/19.0.1084.56 Safari/536.5"
10.34.26.42 - - [13/Jun/2012:15:40:11 -0500] "GET /rails_jody/assets/jquery.js?body=1 HTTP/1.1" 304 180 "http://bitaction01.academic.rrc.ca/rails_jody/courses" "Mozilla/5.0 (Windows NT 6.1) AppleWebKit/536.5 (KHTML, like Gecko) Chrome/19.0.1084.56 Safari/536.5"
10.34.26.42 - - [13/Jun/2012:15:40:11 -0500] "GET /rails_jody/assets/application.css?body=1 HTTP/1.1" 304 179 "http://bitaction01.academic.rrc.ca/rails_jody/courses" "Mozilla/5.0 (Windows NT 6.1) AppleWebKit/536.5 (KHTML, like Gecko) Chrome/19.0.1084.56 Safari/536.5"
10.34.26.42 - - [13/Jun/2012:15:40:11 -0500] "GET /rails_jody/assets/style.css?body=1 HTTP/1.1" 304 180 "http://bitaction01.academic.rrc.ca/rails_jody/courses" "Mozilla/5.0 (Windows NT 6.1) AppleWebKit/536.5 (KHTML, like Gecko) Chrome/19.0.1084.56 Safari/536.5"
10.34.26.42 - - [13/Jun/2012:15:40:11 -0500] "GET /rails_jody/assets/jstree_custom_menu.js?body=1 HTTP/1.1" 304 179 "http://bitaction01.academic.rrc.ca/rails_jody/courses" "Mozilla/5.0 (Windows NT 6.1) AppleWebKit/536.5 (KHTML, like Gecko) Chrome/19.0.1084.56 Safari/536.5"
10.34.26.42 - - [13/Jun/2012:15:40:11 -0500] "GET /rails_jody/assets/application.js?body=1 HTTP/1.1" 304 179 "http://bitaction01.academic.rrc.ca/rails_jody/courses" "Mozilla/5.0 (Windows NT 6.1) AppleWebKit/536.5 (KHTML, like Gecko) Chrome/19.0.1084.56 Safari/536.5"
10.34.26.42 - - [13/Jun/2012:15:40:11 -0500] "GET /rails_jody/assets/bootstrap-alerts.js?body=1 HTTP/1.1" 304 179 "http://bitaction01.academic.rrc.ca/rails_jody/courses" "Mozilla/5.0 (Windows NT 6.1) AppleWebKit/536.5 (KHTML, like Gecko) Chrome/19.0.1084.56 Safari/536.5"
10.34.26.42 - - [13/Jun/2012:15:40:11 -0500] "GET /rails_jody/assets/bootstrap-base.css?body=1 HTTP/1.1" 304 180 "http://bitaction01.academic.rrc.ca/rails_jody/courses" "Mozilla/5.0 (Windows NT 6.1) AppleWebKit/536.5 (KHTML, like Gecko) Chrome/19.0.1084.56 Safari/536.5"
10.34.26.42 - - [13/Jun/2012:15:40:12 -0500] "GET /favicon.ico HTTP/1.1" 404 511 "-" "Mozilla/5.0 (Windows NT 6.1) AppleWebKit/536.5 (KHTML, like Gecko) Chrome/19.0.1084.56 Safari/536.5"
10.34.26.42 - - [13/Jun/2012:15:40:25 -0500] "GET /rails_jody/courses HTTP/1.1" 200 3133 "-" "Mozilla/5.0 (Windows NT 6.1) AppleWebKit/536.5 (KHTML, like Gecko) Chrome/19.0.1084.56 Safari/536.5"
10.34.26.42 - - [13/Jun/2012:15:40:25 -0500] "GET /rails_jody/assets/base.css?body=1 HTTP/1.1" 304 179 "http://bitaction01.academic.rrc.ca/rails_jody/courses" "Mozilla/5.0 (Windows NT 6.1) AppleWebKit/536.5 (KHTML, like Gecko) Chrome/19.0.1084.56 Safari/536.5"
10.34.26.42 - - [13/Jun/2012:15:40:25 -0500] "GET /rails_jody/assets/style.css?body=1 HTTP/1.1" 304 179 "http://bitaction01.academic.rrc.ca/rails_jody/courses" "Mozilla/5.0 (Windows NT 6.1) AppleWebKit/536.5 (KHTML, like Gecko) Chrome/19.0.1084.56 Safari/536.5"
10.34.26.42 - - [13/Jun/2012:15:40:25 -0500] "GET /rails_jody/assets/bootstrap-base.css?body=1 HTTP/1.1" 304 179 "http://bitaction01.academic.rrc.ca/rails_jody/courses" "Mozilla/5.0 (Windows NT 6.1) AppleWebKit/536.5 (KHTML, like Gecko) Chrome/19.0.1084.56 Safari/536.5"
10.34.26.42 - - [13/Jun/2012:15:40:25 -0500] "GET /rails_jody/assets/jquery.js?body=1 HTTP/1.1" 304 179 "http://bitaction01.academic.rrc.ca/rails_jody/courses" "Mozilla/5.0 (Windows NT 6.1) AppleWebKit/536.5 (KHTML, like Gecko) Chrome/19.0.1084.56 Safari/536.5"
10.34.26.42 - - [13/Jun/2012:15:40:25 -0500] "GET /rails_jody/assets/jstree/jquery.jstree.js?body=1 HTTP/1.1" 304 179 "http://bitaction01.academic.rrc.ca/rails_jody/courses" "Mozilla/5.0 (Windows NT 6.1) AppleWebKit/536.5 (KHTML, like Gecko) Chrome/19.0.1084.56 Safari/536.5"
10.34.26.42 - - [13/Jun/2012:15:40:25 -0500] "GET /rails_jody/assets/jquery_ujs.js?body=1 HTTP/1.1" 304 179 "http://bitaction01.academic.rrc.ca/rails_jody/courses" "Mozilla/5.0 (Windows NT 6.1) AppleWebKit/536.5 (KHTML, like Gecko) Chrome/19.0.1084.56 Safari/536.5"
10.34.26.42 - - [13/Jun/2012:15:40:25 -0500] "GET /rails_jody/assets/bootstrap-alerts.js?body=1 HTTP/1.1" 304 179 "http://bitaction01.academic.rrc.ca/rails_jody/courses" "Mozilla/5.0 (Windows NT 6.1) AppleWebKit/536.5 (KHTML, like Gecko) Chrome/19.0.1084.56 Safari/536.5"
10.34.26.42 - - [13/Jun/2012:15:40:25 -0500] "GET /rails_jody/assets/application.css?body=1 HTTP/1.1" 304 179 "http://bitaction01.academic.rrc.ca/rails_jody/courses" "Mozilla/5.0 (Windows NT 6.1) AppleWebKit/536.5 (KHTML, like Gecko) Chrome/19.0.1084.56 Safari/536.5"
10.34.26.42 - - [13/Jun/2012:15:40:25 -0500] "GET /rails_jody/assets/jstree_custom_menu.js?body=1 HTTP/1.1" 304 179 "http://bitaction01.academic.rrc.ca/rails_jody/courses" "Mozilla/5.0 (Windows NT 6.1) AppleWebKit/536.5 (KHTML, like Gecko) Chrome/19.0.1084.56 Safari/536.5"
10.34.26.42 - - [13/Jun/2012:15:40:25 -0500] "GET /rails_jody/assets/application.js?body=1 HTTP/1.1" 304 179 "http://bitaction01.academic.rrc.ca/rails_jody/courses" "Mozilla/5.0 (Windows NT 6.1) AppleWebKit/536.5 (KHTML, like Gecko) Chrome/19.0.1084.56 Safari/536.5"
10.34.26.42 - - [13/Jun/2012:15:40:25 -0500] "GET /favicon.ico HTTP/1.1" 404 511 "-" "Mozilla/5.0 (Windows NT 6.1) AppleWebKit/536.5 (KHTML, like Gecko) Chrome/19.0.1084.56 Safari/536.5"
::1 - - [13/Jun/2012:15:40:43 -0500] "OPTIONS * HTTP/1.0" 200 152 "-" "Apache/2.2.16 (Debian) (internal dummy connection)"
10.34.26.42 - - [13/Jun/2012:15:42:22 -0500] "GET /rails_jody/courses HTTP/1.1" 200 3135 "-" "Mozilla/5.0 (Windows NT 6.1) AppleWebKit/536.5 (KHTML, like Gecko) Chrome/19.0.1084.56 Safari/536.5"
10.34.26.42 - - [13/Jun/2012:15:42:22 -0500] "GET /rails_jody/assets/jquery.js?body=1 HTTP/1.1" 304 180 "http://bitaction01.academic.rrc.ca/rails_jody/courses" "Mozilla/5.0 (Windows NT 6.1) AppleWebKit/536.5 (KHTML, like Gecko) Chrome/19.0.1084.56 Safari/536.5"
10.34.26.42 - - [13/Jun/2012:15:42:22 -0500] "GET /rails_jody/assets/application.css?body=1 HTTP/1.1" 304 179 "http://bitaction01.academic.rrc.ca/rails_jody/courses" "Mozilla/5.0 (Windows NT 6.1) AppleWebKit/536.5 (KHTML, like Gecko) Chrome/19.0.1084.56 Safari/536.5"
10.34.26.42 - - [13/Jun/2012:15:42:22 -0500] "GET /rails_jody/assets/jquery_ujs.js?body=1 HTTP/1.1" 304 180 "http://bitaction01.academic.rrc.ca/rails_jody/courses" "Mozilla/5.0 (Windows NT 6.1) AppleWebKit/536.5 (KHTML, like Gecko) Chrome/19.0.1084.56 Safari/536.5"
10.34.26.42 - - [13/Jun/2012:15:42:22 -0500] "GET /rails_jody/assets/bootstrap-alerts.js?body=1 HTTP/1.1" 304 179 "http://bitaction01.academic.rrc.ca/rails_jody/courses" "Mozilla/5.0 (Windows NT 6.1) AppleWebKit/536.5 (KHTML, like Gecko) Chrome/19.0.1084.56 Safari/536.5"
10.34.26.42 - - [13/Jun/2012:15:42:22 -0500] "GET /rails_jody/assets/application.js?body=1 HTTP/1.1" 304 179 "http://bitaction01.academic.rrc.ca/rails_jody/courses" "Mozilla/5.0 (Windows NT 6.1) AppleWebKit/536.5 (KHTML, like Gecko) Chrome/19.0.1084.56 Safari/536.5"
10.34.26.42 - - [13/Jun/2012:15:42:22 -0500] "GET /rails_jody/assets/jstree_custom_menu.js?body=1 HTTP/1.1" 304 179 "http://bitaction01.academic.rrc.ca/rails_jody/courses" "Mozilla/5.0 (Windows NT 6.1) AppleWebKit/536.5 (KHTML, like Gecko) Chrome/19.0.1084.56 Safari/536.5"
10.34.26.42 - - [13/Jun/2012:15:42:22 -0500] "GET /rails_jody/assets/base.css?body=1 HTTP/1.1" 304 180 "http://bitaction01.academic.rrc.ca/rails_jody/courses" "Mozilla/5.0 (Windows NT 6.1) AppleWebKit/536.5 (KHTML, like Gecko) Chrome/19.0.1084.56 Safari/536.5"
10.34.26.42 - - [13/Jun/2012:15:42:22 -0500] "GET /rails_jody/assets/jstree/jquery.jstree.js?body=1 HTTP/1.1" 304 179 "http://bitaction01.academic.rrc.ca/rails_jody/courses" "Mozilla/5.0 (Windows NT 6.1) AppleWebKit/536.5 (KHTML, like Gecko) Chrome/19.0.1084.56 Safari/536.5"
10.34.26.42 - - [13/Jun/2012:15:42:22 -0500] "GET /rails_jody/assets/style.css?body=1 HTTP/1.1" 304 180 "http://bitaction01.academic.rrc.ca/rails_jody/courses" "Mozilla/5.0 (Windows NT 6.1) AppleWebKit/536.5 (KHTML, like Gecko) Chrome/19.0.1084.56 Safari/536.5"
10.34.26.42 - - [13/Jun/2012:15:42:22 -0500] "GET /rails_jody/assets/bootstrap-base.css?body=1 HTTP/1.1" 304 180 "http://bitaction01.academic.rrc.ca/rails_jody/courses" "Mozilla/5.0 (Windows NT 6.1) AppleWebKit/536.5 (KHTML, like Gecko) Chrome/19.0.1084.56 Safari/536.5"
10.34.26.42 - - [13/Jun/2012:15:42:23 -0500] "GET /favicon.ico HTTP/1.1" 404 511 "-" "Mozilla/5.0 (Windows NT 6.1) AppleWebKit/536.5 (KHTML, like Gecko) Chrome/19.0.1084.56 Safari/536.5"
10.34.26.42 - - [13/Jun/2012:15:42:28 -0500] "GET /rails_jody/courses HTTP/1.1" 200 3132 "-" "Mozilla/5.0 (Windows NT 6.1) AppleWebKit/536.5 (KHTML, like Gecko) Chrome/19.0.1084.56 Safari/536.5"
10.34.26.42 - - [13/Jun/2012:15:42:29 -0500] "GET /rails_jody/assets/style.css?body=1 HTTP/1.1" 304 179 "http://bitaction01.academic.rrc.ca/rails_jody/courses" "Mozilla/5.0 (Windows NT 6.1) AppleWebKit/536.5 (KHTML, like Gecko) Chrome/19.0.1084.56 Safari/536.5"
10.34.26.42 - - [13/Jun/2012:15:42:29 -0500] "GET /rails_jody/assets/application.css?body=1 HTTP/1.1" 304 179 "http://bitaction01.academic.rrc.ca/rails_jody/courses" "Mozilla/5.0 (Windows NT 6.1) AppleWebKit/536.5 (KHTML, like Gecko) Chrome/19.0.1084.56 Safari/536.5"
10.34.26.42 - - [13/Jun/2012:15:42:29 -0500] "GET /rails_jody/assets/jquery_ujs.js?body=1 HTTP/1.1" 304 179 "http://bitaction01.academic.rrc.ca/rails_jody/courses" "Mozilla/5.0 (Windows NT 6.1) AppleWebKit/536.5 (KHTML, like Gecko) Chrome/19.0.1084.56 Safari/536.5"
10.34.26.42 - - [13/Jun/2012:15:42:29 -0500] "GET /rails_jody/assets/jquery.js?body=1 HTTP/1.1" 304 179 "http://bitaction01.academic.rrc.ca/rails_jody/courses" "Mozilla/5.0 (Windows NT 6.1) AppleWebKit/536.5 (KHTML, like Gecko) Chrome/19.0.1084.56 Safari/536.5"
10.34.26.42 - - [13/Jun/2012:15:42:29 -0500] "GET /rails_jody/assets/base.css?body=1 HTTP/1.1" 304 179 "http://bitaction01.academic.rrc.ca/rails_jody/courses" "Mozilla/5.0 (Windows NT 6.1) AppleWebKit/536.5 (KHTML, like Gecko) Chrome/19.0.1084.56 Safari/536.5"
10.34.26.42 - - [13/Jun/2012:15:42:29 -0500] "GET /rails_jody/assets/bootstrap-base.css?body=1 HTTP/1.1" 304 179 "http://bitaction01.academic.rrc.ca/rails_jody/courses" "Mozilla/5.0 (Windows NT 6.1) AppleWebKit/536.5 (KHTML, like Gecko) Chrome/19.0.1084.56 Safari/536.5"
10.34.26.42 - - [13/Jun/2012:15:42:29 -0500] "GET /rails_jody/assets/bootstrap-alerts.js?body=1 HTTP/1.1" 304 179 "http://bitaction01.academic.rrc.ca/rails_jody/courses" "Mozilla/5.0 (Windows NT 6.1) AppleWebKit/536.5 (KHTML, like Gecko) Chrome/19.0.1084.56 Safari/536.5"
10.34.26.42 - - [13/Jun/2012:15:42:29 -0500] "GET /rails_jody/assets/jstree_custom_menu.js?body=1 HTTP/1.1" 304 179 "http://bitaction01.academic.rrc.ca/rails_jody/courses" "Mozilla/5.0 (Windows NT 6.1) AppleWebKit/536.5 (KHTML, like Gecko) Chrome/19.0.1084.56 Safari/536.5"
10.34.26.42 - - [13/Jun/2012:15:42:29 -0500] "GET /rails_jody/assets/jstree/jquery.jstree.js?body=1 HTTP/1.1" 304 179 "http://bitaction01.academic.rrc.ca/rails_jody/courses" "Mozilla/5.0 (Windows NT 6.1) AppleWebKit/536.5 (KHTML, like Gecko) Chrome/19.0.1084.56 Safari/536.5"
10.34.26.42 - - [13/Jun/2012:15:42:29 -0500] "GET /rails_jody/assets/application.js?body=1 HTTP/1.1" 304 179 "http://bitaction01.academic.rrc.ca/rails_jody/courses" "Mozilla/5.0 (Windows NT 6.1) AppleWebKit/536.5 (KHTML, like Gecko) Chrome/19.0.1084.56 Safari/536.5"
10.34.26.42 - - [13/Jun/2012:15:42:29 -0500] "GET /favicon.ico HTTP/1.1" 404 511 "-" "Mozilla/5.0 (Windows NT 6.1) AppleWebKit/536.5 (KHTML, like Gecko) Chrome/19.0.1084.56 Safari/536.5"
::1 - - [13/Jun/2012:15:42:46 -0500] "OPTIONS * HTTP/1.0" 200 152 "-" "Apache/2.2.16 (Debian) (internal dummy connection)"
122.193.16.58 - - [14/Jun/2012:00:27:14 -0500] "HEAD / HTTP/1.0" 200 386 "-" "-"
190.216.213.184 - - [14/Jun/2012:01:16:52 -0500] "HEAD / HTTP/1.0" 200 386 "-" "-"
10.34.26.42 - - [14/Jun/2012:09:39:37 -0500] "GET /rails_jody/courses HTTP/1.1" 304 527 "-" "Mozilla/5.0 (Windows NT 6.1) AppleWebKit/536.5 (KHTML, like Gecko) Chrome/19.0.1084.56 Safari/536.5"
10.34.26.42 - - [14/Jun/2012:09:39:41 -0500] "GET /rails_jody/assets/application.css?body=1 HTTP/1.1" 304 179 "http://bitaction01.academic.rrc.ca/rails_jody/courses" "Mozilla/5.0 (Windows NT 6.1) AppleWebKit/536.5 (KHTML, like Gecko) Chrome/19.0.1084.56 Safari/536.5"
10.34.26.42 - - [14/Jun/2012:09:39:41 -0500] "GET /rails_jody/assets/base.css?body=1 HTTP/1.1" 304 180 "http://bitaction01.academic.rrc.ca/rails_jody/courses" "Mozilla/5.0 (Windows NT 6.1) AppleWebKit/536.5 (KHTML, like Gecko) Chrome/19.0.1084.56 Safari/536.5"
10.34.26.42 - - [14/Jun/2012:09:39:41 -0500] "GET /rails_jody/assets/bootstrap-base.css?body=1 HTTP/1.1" 304 180 "http://bitaction01.academic.rrc.ca/rails_jody/courses" "Mozilla/5.0 (Windows NT 6.1) AppleWebKit/536.5 (KHTML, like Gecko) Chrome/19.0.1084.56 Safari/536.5"
10.34.26.42 - - [14/Jun/2012:09:39:41 -0500] "GET /rails_jody/assets/style.css?body=1 HTTP/1.1" 304 180 "http://bitaction01.academic.rrc.ca/rails_jody/courses" "Mozilla/5.0 (Windows NT 6.1) AppleWebKit/536.5 (KHTML, like Gecko) Chrome/19.0.1084.56 Safari/536.5"
10.34.26.42 - - [14/Jun/2012:09:39:41 -0500] "GET /rails_jody/assets/jquery.js?body=1 HTTP/1.1" 304 180 "http://bitaction01.academic.rrc.ca/rails_jody/courses" "Mozilla/5.0 (Windows NT 6.1) AppleWebKit/536.5 (KHTML, like Gecko) Chrome/19.0.1084.56 Safari/536.5"
10.34.26.42 - - [14/Jun/2012:09:39:41 -0500] "GET /rails_jody/assets/jquery_ujs.js?body=1 HTTP/1.1" 304 180 "http://bitaction01.academic.rrc.ca/rails_jody/courses" "Mozilla/5.0 (Windows NT 6.1) AppleWebKit/536.5 (KHTML, like Gecko) Chrome/19.0.1084.56 Safari/536.5"
10.34.26.42 - - [14/Jun/2012:09:39:42 -0500] "GET /rails_jody/assets/jstree/jquery.jstree.js?body=1 HTTP/1.1" 304 179 "http://bitaction01.academic.rrc.ca/rails_jody/courses" "Mozilla/5.0 (Windows NT 6.1) AppleWebKit/536.5 (KHTML, like Gecko) Chrome/19.0.1084.56 Safari/536.5"
10.34.26.42 - - [14/Jun/2012:09:39:42 -0500] "GET /rails_jody/assets/jstree_custom_menu.js?body=1 HTTP/1.1" 304 179 "http://bitaction01.academic.rrc.ca/rails_jody/courses" "Mozilla/5.0 (Windows NT 6.1) AppleWebKit/536.5 (KHTML, like Gecko) Chrome/19.0.1084.56 Safari/536.5"
10.34.26.42 - - [14/Jun/2012:09:39:42 -0500] "GET /rails_jody/assets/bootstrap-alerts.js?body=1 HTTP/1.1" 304 179 "http://bitaction01.academic.rrc.ca/rails_jody/courses" "Mozilla/5.0 (Windows NT 6.1) AppleWebKit/536.5 (KHTML, like Gecko) Chrome/19.0.1084.56 Safari/536.5"
10.34.26.42 - - [14/Jun/2012:09:39:42 -0500] "GET /rails_jody/assets/application.js?body=1 HTTP/1.1" 304 179 "http://bitaction01.academic.rrc.ca/rails_jody/courses" "Mozilla/5.0 (Windows NT 6.1) AppleWebKit/536.5 (KHTML, like Gecko) Chrome/19.0.1084.56 Safari/536.5"
10.34.26.42 - - [14/Jun/2012:09:39:52 -0500] "GET /favicon.ico HTTP/1.1" 404 511 "-" "Mozilla/5.0 (Windows NT 6.1) AppleWebKit/536.5 (KHTML, like Gecko) Chrome/19.0.1084.56 Safari/536.5"
::1 - - [14/Jun/2012:09:40:09 -0500] "OPTIONS * HTTP/1.0" 200 152 "-" "Apache/2.2.16 (Debian) (internal dummy connection)"
128.59.14.66 - - [14/Jun/2012:11:06:45 -0500] "GET / HTTP/1.1" 200 3335 "-" "Python-urllib/2.6"
10.34.26.57 - - [14/Jun/2012:11:35:21 -0500] "GET /rails_jody/ HTTP/1.1" 200 0 "-" "Mozilla/5.0 (compatible; MSIE 9.0; Windows NT 6.1; WOW64; Trident/5.0)"
10.34.26.57 - - [14/Jun/2012:11:35:21 -0500] "GET /rails_jody/ HTTP/1.1" 200 85185 "-" "Mozilla/5.0 (compatible; MSIE 9.0; Windows NT 6.1; WOW64; Trident/5.0)"
10.34.26.57 - - [14/Jun/2012:11:35:34 -0500] "GET /rails_jody/assets/bootstrap-base.css?body=1 HTTP/1.1" 304 180 "http://bitaction01.academic.rrc.ca/rails_jody/" "Mozilla/5.0 (compatible; MSIE 9.0; Windows NT 6.1; WOW64; Trident/5.0)"
10.34.26.57 - - [14/Jun/2012:11:35:34 -0500] "GET /rails_jody/assets/application.css?body=1 HTTP/1.1" 304 179 "http://bitaction01.academic.rrc.ca/rails_jody/" "Mozilla/5.0 (compatible; MSIE 9.0; Windows NT 6.1; WOW64; Trident/5.0)"
10.34.26.57 - - [14/Jun/2012:11:35:34 -0500] "GET /rails_jody/assets/base.css?body=1 HTTP/1.1" 304 180 "http://bitaction01.academic.rrc.ca/rails_jody/" "Mozilla/5.0 (compatible; MSIE 9.0; Windows NT 6.1; WOW64; Trident/5.0)"
10.34.26.57 - - [14/Jun/2012:11:35:34 -0500] "GET /rails_jody/assets/jquery.js?body=1 HTTP/1.1" 304 179 "http://bitaction01.academic.rrc.ca/rails_jody/" "Mozilla/5.0 (compatible; MSIE 9.0; Windows NT 6.1; WOW64; Trident/5.0)"
10.34.26.57 - - [14/Jun/2012:11:35:34 -0500] "GET /rails_jody/assets/jquery_ujs.js?body=1 HTTP/1.1" 304 179 "http://bitaction01.academic.rrc.ca/rails_jody/" "Mozilla/5.0 (compatible; MSIE 9.0; Windows NT 6.1; WOW64; Trident/5.0)"
10.34.26.57 - - [14/Jun/2012:11:35:34 -0500] "GET /rails_jody/assets/style.css?body=1 HTTP/1.1" 304 180 "http://bitaction01.academic.rrc.ca/rails_jody/" "Mozilla/5.0 (compatible; MSIE 9.0; Windows NT 6.1; WOW64; Trident/5.0)"
10.34.26.57 - - [14/Jun/2012:11:35:34 -0500] "GET /rails_jody/assets/jstree/jquery.jstree.js?body=1 HTTP/1.1" 304 179 "http://bitaction01.academic.rrc.ca/rails_jody/" "Mozilla/5.0 (compatible; MSIE 9.0; Windows NT 6.1; WOW64; Trident/5.0)"
10.34.26.57 - - [14/Jun/2012:11:35:34 -0500] "GET /rails_jody/assets/jstree_custom_menu.js?body=1 HTTP/1.1" 304 179 "http://bitaction01.academic.rrc.ca/rails_jody/" "Mozilla/5.0 (compatible; MSIE 9.0; Windows NT 6.1; WOW64; Trident/5.0)"
10.34.26.57 - - [14/Jun/2012:11:35:34 -0500] "GET /rails_jody/assets/application.js?body=1 HTTP/1.1" 304 179 "http://bitaction01.academic.rrc.ca/rails_jody/" "Mozilla/5.0 (compatible; MSIE 9.0; Windows NT 6.1; WOW64; Trident/5.0)"
10.34.26.57 - - [14/Jun/2012:11:35:34 -0500] "GET /rails_jody/assets/bootstrap-alerts.js?body=1 HTTP/1.1" 304 179 "http://bitaction01.academic.rrc.ca/rails_jody/" "Mozilla/5.0 (compatible; MSIE 9.0; Windows NT 6.1; WOW64; Trident/5.0)"
10.34.26.57 - - [14/Jun/2012:11:35:37 -0500] "GET /rails_jody/assets/jstree/themes/default/style.css HTTP/1.1" 304 179 "http://bitaction01.academic.rrc.ca/rails_jody/" "Mozilla/5.0 (compatible; MSIE 9.0; Windows NT 6.1; WOW64; Trident/5.0)"
10.34.26.57 - - [14/Jun/2012:11:35:38 -0500] "GET /rails_jody/assets/d.png HTTP/1.1" 304 179 "http://bitaction01.academic.rrc.ca/rails_jody/" "Mozilla/5.0 (compatible; MSIE 9.0; Windows NT 6.1; WOW64; Trident/5.0)"
10.34.26.57 - - [14/Jun/2012:11:35:39 -0500] "GET /rails_jody/assets/jstree/themes/default/d.png HTTP/1.1" 304 179 "http://bitaction01.academic.rrc.ca/rails_jody/" "Mozilla/5.0 (compatible; MSIE 9.0; Windows NT 6.1; WOW64; Trident/5.0)"
10.34.26.57 - - [14/Jun/2012:11:35:54 -0500] "GET /rails_jody/courses HTTP/1.1" 200 3130 "http://bitaction01.academic.rrc.ca/rails_jody/" "Mozilla/5.0 (compatible; MSIE 9.0; Windows NT 6.1; WOW64; Trident/5.0)"
10.34.26.57 - - [14/Jun/2012:11:36:05 -0500] "GET /rails_jody/semesters HTTP/1.1" 200 1697 "http://bitaction01.academic.rrc.ca/rails_jody/courses" "Mozilla/5.0 (compatible; MSIE 9.0; Windows NT 6.1; WOW64; Trident/5.0)"
10.34.26.57 - - [14/Jun/2012:11:36:01 -0500] "GET /rails_jody/course_outcomes HTTP/1.1" 200 27870 "http://bitaction01.academic.rrc.ca/rails_jody/courses" "Mozilla/5.0 (compatible; MSIE 9.0; Windows NT 6.1; WOW64; Trident/5.0)"
10.34.26.57 - - [14/Jun/2012:11:36:10 -0500] "GET /rails_jody/courses HTTP/1.1" 304 527 "http://bitaction01.academic.rrc.ca/rails_jody/semesters" "Mozilla/5.0 (compatible; MSIE 9.0; Windows NT 6.1; WOW64; Trident/5.0)"
10.34.26.57 - - [14/Jun/2012:11:36:09 -0500] "GET /rails_jody/course_outcomes HTTP/1.1" 200 0 "http://bitaction01.academic.rrc.ca/rails_jody/semesters" "Mozilla/5.0 (compatible; MSIE 9.0; Windows NT 6.1; WOW64; Trident/5.0)"
10.34.26.57 - - [14/Jun/2012:11:36:16 -0500] "GET / HTTP/1.1" 200 1386 "http://bitaction01.academic.rrc.ca/rails_jody/courses" "Mozilla/5.0 (compatible; MSIE 9.0; Windows NT 6.1; WOW64; Trident/5.0)"
10.34.26.57 - - [14/Jun/2012:11:36:16 -0500] "GET /admin/resources/css/login/main.css HTTP/1.1" 200 1181 "http://bitaction01.academic.rrc.ca/" "Mozilla/5.0 (compatible; MSIE 9.0; Windows NT 6.1; WOW64; Trident/5.0)"
10.34.26.57 - - [14/Jun/2012:11:36:16 -0500] "GET /admin/resources/js/logintabs.js HTTP/1.1" 200 498 "http://bitaction01.academic.rrc.ca/" "Mozilla/5.0 (compatible; MSIE 9.0; Windows NT 6.1; WOW64; Trident/5.0)"
10.34.26.57 - - [14/Jun/2012:11:36:16 -0500] "GET /admin/resources/js/jquery.cookie.js HTTP/1.1" 200 1697 "http://bitaction01.academic.rrc.ca/" "Mozilla/5.0 (compatible; MSIE 9.0; Windows NT 6.1; WOW64; Trident/5.0)"
10.34.26.57 - - [14/Jun/2012:11:36:16 -0500] "GET /admin/resources/js/jquery-1.6.2.min.js HTTP/1.1" 200 32423 "http://bitaction01.academic.rrc.ca/" "Mozilla/5.0 (compatible; MSIE 9.0; Windows NT 6.1; WOW64; Trident/5.0)"
10.34.26.57 - - [14/Jun/2012:11:36:16 -0500] "GET /admin/resources/js/jquery-ui-1.8.16.custom.min.js HTTP/1.1" 200 53338 "http://bitaction01.academic.rrc.ca/" "Mozilla/5.0 (compatible; MSIE 9.0; Windows NT 6.1; WOW64; Trident/5.0)"
10.34.26.57 - - [14/Jun/2012:11:36:16 -0500] "GET /admin/resources/images/footer-tail.gif HTTP/1.1" 200 399 "http://bitaction01.academic.rrc.ca/" "Mozilla/5.0 (compatible; MSIE 9.0; Windows NT 6.1; WOW64; Trident/5.0)"
10.34.26.57 - - [14/Jun/2012:11:36:11 -0500] "GET /rails_jody/outcomes HTTP/1.1" 200 37260 "http://bitaction01.academic.rrc.ca/rails_jody/courses" "Mozilla/5.0 (compatible; MSIE 9.0; Windows NT 6.1; WOW64; Trident/5.0)"
::1 - - [14/Jun/2012:11:36:34 -0500] "OPTIONS * HTTP/1.0" 200 152 "-" "Apache/2.2.16 (Debian) (internal dummy connection)"
68.171.231.83 - - [14/Jun/2012:11:38:17 -0500] "GET /rails_jody/courses HTTP/1.1" 200 3129 "-" "Mozilla/5.0 (BlackBerry; U; BlackBerry 9800; en) AppleWebKit/534.8+ (KHTML, like Gecko) Version/6.0.0.576 Mobile Safari/534.8+"
68.171.231.83 - - [14/Jun/2012:11:38:18 -0500] "GET /rails_jody/assets/application.css?body=1 HTTP/1.1" 200 701 "http://bitaction01.academic.rrc.ca/rails_jody/courses" "Mozilla/5.0 (BlackBerry; U; BlackBerry 9800; en) AppleWebKit/534.8+ (KHTML, like Gecko) Version/6.0.0.576 Mobile Safari/534.8+"
68.171.231.83 - - [14/Jun/2012:11:38:19 -0500] "GET /rails_jody/assets/base.css?body=1 HTTP/1.1" 200 1377 "http://bitaction01.academic.rrc.ca/rails_jody/courses" "Mozilla/5.0 (BlackBerry; U; BlackBerry 9800; en) AppleWebKit/534.8+ (KHTML, like Gecko) Version/6.0.0.576 Mobile Safari/534.8+"
68.171.231.83 - - [14/Jun/2012:11:38:20 -0500] "GET /rails_jody/assets/bootstrap-base.css?body=1 HTTP/1.1" 200 12879 "http://bitaction01.academic.rrc.ca/rails_jody/courses" "Mozilla/5.0 (BlackBerry; U; BlackBerry 9800; en) AppleWebKit/534.8+ (KHTML, like Gecko) Version/6.0.0.576 Mobile Safari/534.8+"
68.171.231.83 - - [14/Jun/2012:11:38:20 -0500] "GET /rails_jody/assets/style.css?body=1 HTTP/1.1" 200 1516 "http://bitaction01.academic.rrc.ca/rails_jody/courses" "Mozilla/5.0 (BlackBerry; U; BlackBerry 9800; en) AppleWebKit/534.8+ (KHTML, like Gecko) Version/6.0.0.576 Mobile Safari/534.8+"
68.171.231.83 - - [14/Jun/2012:11:38:20 -0500] "GET /rails_jody/assets/jquery.js?body=1 HTTP/1.1" 200 68460 "http://bitaction01.academic.rrc.ca/rails_jody/courses" "Mozilla/5.0 (BlackBerry; U; BlackBerry 9800; en) AppleWebKit/534.8+ (KHTML, like Gecko) Version/6.0.0.576 Mobile Safari/534.8+"
68.171.231.83 - - [14/Jun/2012:11:38:23 -0500] "GET /rails_jody/assets/jquery_ujs.js?body=1 HTTP/1.1" 200 4885 "http://bitaction01.academic.rrc.ca/rails_jody/courses" "Mozilla/5.0 (BlackBerry; U; BlackBerry 9800; en) AppleWebKit/534.8+ (KHTML, like Gecko) Version/6.0.0.576 Mobile Safari/534.8+"
68.171.231.82 - - [14/Jun/2012:11:38:23 -0500] "GET /rails_jody/assets/jstree_custom_menu.js?body=1 HTTP/1.1" 200 2645 "http://bitaction01.academic.rrc.ca/rails_jody/courses" "Mozilla/5.0 (BlackBerry; U; BlackBerry 9800; en) AppleWebKit/534.8+ (KHTML, like Gecko) Version/6.0.0.576 Mobile Safari/534.8+"
68.171.231.82 - - [14/Jun/2012:11:38:23 -0500] "GET /rails_jody/assets/application.js?body=1 HTTP/1.1" 200 766 "http://bitaction01.academic.rrc.ca/rails_jody/courses" "Mozilla/5.0 (BlackBerry; U; BlackBerry 9800; en) AppleWebKit/534.8+ (KHTML, like Gecko) Version/6.0.0.576 Mobile Safari/534.8+"
68.171.231.82 - - [14/Jun/2012:11:38:23 -0500] "GET /rails_jody/assets/bootstrap-alerts.js?body=1 HTTP/1.1" 200 1708 "http://bitaction01.academic.rrc.ca/rails_jody/courses" "Mozilla/5.0 (BlackBerry; U; BlackBerry 9800; en) AppleWebKit/534.8+ (KHTML, like Gecko) Version/6.0.0.576 Mobile Safari/534.8+"
68.171.231.82 - - [14/Jun/2012:11:38:23 -0500] "GET /rails_jody/assets/jstree/jquery.jstree.js?body=1 HTTP/1.1" 200 38240 "http://bitaction01.academic.rrc.ca/rails_jody/courses" "Mozilla/5.0 (BlackBerry; U; BlackBerry 9800; en) AppleWebKit/534.8+ (KHTML, like Gecko) Version/6.0.0.576 Mobile Safari/534.8+"
68.171.231.82 - - [14/Jun/2012:11:38:27 -0500] "GET /favicon.ico HTTP/1.1" 404 511 "-" "Mozilla/5.0 (BlackBerry; U; BlackBerry 9800; en) AppleWebKit/534.8+ (KHTML, like Gecko) Version/6.0.0.576 Mobile Safari/534.8+"
10.34.26.57 - - [14/Jun/2012:11:41:05 -0500] "GET /rails_jody/courses/12 HTTP/1.1" 200 3807 "http://bitaction01.academic.rrc.ca/rails_jody/courses" "Mozilla/5.0 (compatible; MSIE 9.0; Windows NT 6.1; WOW64; Trident/5.0)"
10.34.28.128 - - [14/Jun/2012:11:42:00 -0500] "GET /rails_jody/courses HTTP/1.1" 200 3129 "-" "Mozilla/4.0 (compatible; MSIE 7.0; Windows NT 6.1; Trident/5.0; SLCC2; .NET CLR 2.0.50727; Media Center PC 6.0; Tablet PC 2.0; .NET CLR 3.5.30729; .NET CLR 3.0.30729; InfoPath.3; .NET4.0C)"
10.34.28.128 - - [14/Jun/2012:11:42:01 -0500] "GET /rails_jody/assets/application.css?body=1 HTTP/1.1" 200 702 "http://bitaction01.academic.rrc.ca/rails_jody/courses" "Mozilla/4.0 (compatible; MSIE 7.0; Windows NT 6.1; Trident/5.0; SLCC2; .NET CLR 2.0.50727; Media Center PC 6.0; Tablet PC 2.0; .NET CLR 3.5.30729; .NET CLR 3.0.30729; InfoPath.3; .NET4.0C)"
10.34.28.128 - - [14/Jun/2012:11:42:01 -0500] "GET /rails_jody/assets/bootstrap-base.css?body=1 HTTP/1.1" 200 12880 "http://bitaction01.academic.rrc.ca/rails_jody/courses" "Mozilla/4.0 (compatible; MSIE 7.0; Windows NT 6.1; Trident/5.0; SLCC2; .NET CLR 2.0.50727; Media Center PC 6.0; Tablet PC 2.0; .NET CLR 3.5.30729; .NET CLR 3.0.30729; InfoPath.3; .NET4.0C)"
10.34.28.128 - - [14/Jun/2012:11:42:01 -0500] "GET /rails_jody/assets/style.css?body=1 HTTP/1.1" 200 1517 "http://bitaction01.academic.rrc.ca/rails_jody/courses" "Mozilla/4.0 (compatible; MSIE 7.0; Windows NT 6.1; Trident/5.0; SLCC2; .NET CLR 2.0.50727; Media Center PC 6.0; Tablet PC 2.0; .NET CLR 3.5.30729; .NET CLR 3.0.30729; InfoPath.3; .NET4.0C)"
10.34.28.128 - - [14/Jun/2012:11:42:01 -0500] "GET /rails_jody/assets/base.css?body=1 HTTP/1.1" 200 1377 "http://bitaction01.academic.rrc.ca/rails_jody/courses" "Mozilla/4.0 (compatible; MSIE 7.0; Windows NT 6.1; Trident/5.0; SLCC2; .NET CLR 2.0.50727; Media Center PC 6.0; Tablet PC 2.0; .NET CLR 3.5.30729; .NET CLR 3.0.30729; InfoPath.3; .NET4.0C)"
10.34.28.128 - - [14/Jun/2012:11:42:01 -0500] "GET /rails_jody/assets/jquery_ujs.js?body=1 HTTP/1.1" 200 4885 "http://bitaction01.academic.rrc.ca/rails_jody/courses" "Mozilla/4.0 (compatible; MSIE 7.0; Windows NT 6.1; Trident/5.0; SLCC2; .NET CLR 2.0.50727; Media Center PC 6.0; Tablet PC 2.0; .NET CLR 3.5.30729; .NET CLR 3.0.30729; InfoPath.3; .NET4.0C)"
10.34.28.128 - - [14/Jun/2012:11:42:01 -0500] "GET /rails_jody/assets/jstree_custom_menu.js?body=1 HTTP/1.1" 200 2644 "http://bitaction01.academic.rrc.ca/rails_jody/courses" "Mozilla/4.0 (compatible; MSIE 7.0; Windows NT 6.1; Trident/5.0; SLCC2; .NET CLR 2.0.50727; Media Center PC 6.0; Tablet PC 2.0; .NET CLR 3.5.30729; .NET CLR 3.0.30729; InfoPath.3; .NET4.0C)"
10.34.28.128 - - [14/Jun/2012:11:42:01 -0500] "GET /rails_jody/assets/jquery.js?body=1 HTTP/1.1" 200 68461 "http://bitaction01.academic.rrc.ca/rails_jody/courses" "Mozilla/4.0 (compatible; MSIE 7.0; Windows NT 6.1; Trident/5.0; SLCC2; .NET CLR 2.0.50727; Media Center PC 6.0; Tablet PC 2.0; .NET CLR 3.5.30729; .NET CLR 3.0.30729; InfoPath.3; .NET4.0C)"
10.34.28.128 - - [14/Jun/2012:11:42:01 -0500] "GET /rails_jody/assets/application.js?body=1 HTTP/1.1" 200 765 "http://bitaction01.academic.rrc.ca/rails_jody/courses" "Mozilla/4.0 (compatible; MSIE 7.0; Windows NT 6.1; Trident/5.0; SLCC2; .NET CLR 2.0.50727; Media Center PC 6.0; Tablet PC 2.0; .NET CLR 3.5.30729; .NET CLR 3.0.30729; InfoPath.3; .NET4.0C)"
10.34.28.128 - - [14/Jun/2012:11:42:01 -0500] "GET /rails_jody/assets/jstree/jquery.jstree.js?body=1 HTTP/1.1" 200 38240 "http://bitaction01.academic.rrc.ca/rails_jody/courses" "Mozilla/4.0 (compatible; MSIE 7.0; Windows NT 6.1; Trident/5.0; SLCC2; .NET CLR 2.0.50727; Media Center PC 6.0; Tablet PC 2.0; .NET CLR 3.5.30729; .NET CLR 3.0.30729; InfoPath.3; .NET4.0C)"
10.34.28.128 - - [14/Jun/2012:11:42:01 -0500] "GET /rails_jody/assets/bootstrap-alerts.js?body=1 HTTP/1.1" 200 1707 "http://bitaction01.academic.rrc.ca/rails_jody/courses" "Mozilla/4.0 (compatible; MSIE 7.0; Windows NT 6.1; Trident/5.0; SLCC2; .NET CLR 2.0.50727; Media Center PC 6.0; Tablet PC 2.0; .NET CLR 3.5.30729; .NET CLR 3.0.30729; InfoPath.3; .NET4.0C)"
10.34.28.128 - - [14/Jun/2012:11:42:01 -0500] "GET /favicon.ico HTTP/1.1" 404 511 "-" "Mozilla/4.0 (compatible; MSIE 7.0; Windows NT 6.1; Trident/5.0; SLCC2; .NET CLR 2.0.50727; Media Center PC 6.0; Tablet PC 2.0; .NET CLR 3.5.30729; .NET CLR 3.0.30729; InfoPath.3; .NET4.0C)"
10.34.26.57 - - [14/Jun/2012:11:42:10 -0500] "GET /rails_jody/courses/22 HTTP/1.1" 200 3875 "http://bitaction01.academic.rrc.ca/rails_jody/courses" "Mozilla/5.0 (compatible; MSIE 9.0; Windows NT 6.1; WOW64; Trident/5.0)"
10.34.28.128 - - [14/Jun/2012:11:42:07 -0500] "GET /rails_jody/courses/11/edit HTTP/1.1" 200 113112 "http://bitaction01.academic.rrc.ca/rails_jody/courses" "Mozilla/4.0 (compatible; MSIE 7.0; Windows NT 6.1; Trident/5.0; SLCC2; .NET CLR 2.0.50727; Media Center PC 6.0; Tablet PC 2.0; .NET CLR 3.5.30729; .NET CLR 3.0.30729; InfoPath.3; .NET4.0C)"
10.34.28.128 - - [14/Jun/2012:11:42:21 -0500] "GET /favicon.ico HTTP/1.1" 404 511 "-" "Mozilla/4.0 (compatible; MSIE 7.0; Windows NT 6.1; Trident/5.0; SLCC2; .NET CLR 2.0.50727; Media Center PC 6.0; Tablet PC 2.0; .NET CLR 3.5.30729; .NET CLR 3.0.30729; InfoPath.3; .NET4.0C)"
10.34.28.128 - - [14/Jun/2012:11:42:21 -0500] "GET /rails_jody/assets/jstree/themes/default/style.css HTTP/1.1" 200 1516 "http://bitaction01.academic.rrc.ca/rails_jody/courses/11/edit" "Mozilla/4.0 (compatible; MSIE 7.0; Windows NT 6.1; Trident/5.0; SLCC2; .NET CLR 2.0.50727; Media Center PC 6.0; Tablet PC 2.0; .NET CLR 3.5.30729; .NET CLR 3.0.30729; InfoPath.3; .NET4.0C)"
10.34.28.128 - - [14/Jun/2012:11:42:23 -0500] "GET /rails_jody/assets/d.png HTTP/1.1" 200 8075 "http://bitaction01.academic.rrc.ca/rails_jody/courses/11/edit" "Mozilla/4.0 (compatible; MSIE 7.0; Windows NT 6.1; Trident/5.0; SLCC2; .NET CLR 2.0.50727; Media Center PC 6.0; Tablet PC 2.0; .NET CLR 3.5.30729; .NET CLR 3.0.30729; InfoPath.3; .NET4.0C)"
10.34.28.128 - - [14/Jun/2012:11:42:23 -0500] "GET /rails_jody/assets/jstree/themes/default/d.png HTTP/1.1" 200 8075 "http://bitaction01.academic.rrc.ca/rails_jody/courses/11/edit" "Mozilla/4.0 (compatible; MSIE 7.0; Windows NT 6.1; Trident/5.0; SLCC2; .NET CLR 2.0.50727; Media Center PC 6.0; Tablet PC 2.0; .NET CLR 3.5.30729; .NET CLR 3.0.30729; InfoPath.3; .NET4.0C)"
::1 - - [14/Jun/2012:11:42:29 -0500] "OPTIONS * HTTP/1.0" 200 152 "-" "Apache/2.2.16 (Debian) (internal dummy connection)"
10.34.26.57 - - [14/Jun/2012:11:42:34 -0500] "GET /rails_jody/courses/12 HTTP/1.1" 200 3807 "http://bitaction01.academic.rrc.ca/rails_jody/courses" "Mozilla/5.0 (compatible; MSIE 9.0; Windows NT 6.1; WOW64; Trident/5.0)"
10.34.26.57 - - [14/Jun/2012:11:42:44 -0500] "GET /rails_jody/courses/21 HTTP/1.1" 200 5489 "http://bitaction01.academic.rrc.ca/rails_jody/courses" "Mozilla/5.0 (compatible; MSIE 9.0; Windows NT 6.1; WOW64; Trident/5.0)"
10.34.28.128 - - [14/Jun/2012:11:42:52 -0500] "POST /rails_jody/courses/11 HTTP/1.1" 302 1086 "http://bitaction01.academic.rrc.ca/rails_jody/courses/11/edit" "Mozilla/4.0 (compatible; MSIE 7.0; Windows NT 6.1; Trident/5.0; SLCC2; .NET CLR 2.0.50727; Media Center PC 6.0; Tablet PC 2.0; .NET CLR 3.5.30729; .NET CLR 3.0.30729; InfoPath.3; .NET4.0C)"
10.34.28.128 - - [14/Jun/2012:11:42:53 -0500] "GET /rails_jody/courses HTTP/1.1" 200 3429 "http://bitaction01.academic.rrc.ca/rails_jody/courses/11/edit" "Mozilla/4.0 (compatible; MSIE 7.0; Windows NT 6.1; Trident/5.0; SLCC2; .NET CLR 2.0.50727; Media Center PC 6.0; Tablet PC 2.0; .NET CLR 3.5.30729; .NET CLR 3.0.30729; InfoPath.3; .NET4.0C)"
10.34.26.57 - - [14/Jun/2012:11:43:04 -0500] "GET /rails_jody/courses/1 HTTP/1.1" 200 7220 "http://bitaction01.academic.rrc.ca/rails_jody/courses" "Mozilla/5.0 (compatible; MSIE 9.0; Windows NT 6.1; WOW64; Trident/5.0)"
10.34.28.128 - - [14/Jun/2012:11:43:16 -0500] "GET /rails_jody/courses/11/edit HTTP/1.1" 200 113108 "http://bitaction01.academic.rrc.ca/rails_jody/courses" "Mozilla/4.0 (compatible; MSIE 7.0; Windows NT 6.1; Trident/5.0; SLCC2; .NET CLR 2.0.50727; Media Center PC 6.0; Tablet PC 2.0; .NET CLR 3.5.30729; .NET CLR 3.0.30729; InfoPath.3; .NET4.0C)"
::1 - - [14/Jun/2012:11:43:43 -0500] "OPTIONS * HTTP/1.0" 200 152 "-" "Apache/2.2.16 (Debian) (internal dummy connection)"
::1 - - [14/Jun/2012:11:43:45 -0500] "OPTIONS * HTTP/1.0" 200 152 "-" "Apache/2.2.16 (Debian) (internal dummy connection)"
10.34.28.128 - - [14/Jun/2012:11:49:05 -0500] "POST /rails_jody/courses/11 HTTP/1.1" 302 1086 "http://bitaction01.academic.rrc.ca/rails_jody/courses/11/edit" "Mozilla/4.0 (compatible; MSIE 7.0; Windows NT 6.1; Trident/5.0; SLCC2; .NET CLR 2.0.50727; Media Center PC 6.0; Tablet PC 2.0; .NET CLR 3.5.30729; .NET CLR 3.0.30729; InfoPath.3; .NET4.0C)"
10.34.28.128 - - [14/Jun/2012:11:49:06 -0500] "GET /rails_jody/courses HTTP/1.1" 200 3429 "http://bitaction01.academic.rrc.ca/rails_jody/courses/11/edit" "Mozilla/4.0 (compatible; MSIE 7.0; Windows NT 6.1; Trident/5.0; SLCC2; .NET CLR 2.0.50727; Media Center PC 6.0; Tablet PC 2.0; .NET CLR 3.5.30729; .NET CLR 3.0.30729; InfoPath.3; .NET4.0C)"
10.34.28.128 - - [14/Jun/2012:11:49:11 -0500] "GET /rails_jody/courses/11/edit HTTP/1.1" 200 113111 "http://bitaction01.academic.rrc.ca/rails_jody/courses" "Mozilla/4.0 (compatible; MSIE 7.0; Windows NT 6.1; Trident/5.0; SLCC2; .NET CLR 2.0.50727; Media Center PC 6.0; Tablet PC 2.0; .NET CLR 3.5.30729; .NET CLR 3.0.30729; InfoPath.3; .NET4.0C)"
10.34.26.42 - - [14/Jun/2012:12:34:23 -0500] "GET /rails_jody/courses/27/edit HTTP/1.1" 200 111199 "http://bitaction01.academic.rrc.ca/rails_jody/courses" "Mozilla/5.0 (Windows NT 6.1) AppleWebKit/536.5 (KHTML, like Gecko) Chrome/19.0.1084.56 Safari/536.5"
10.34.26.42 - - [14/Jun/2012:12:34:33 -0500] "GET /rails_jody/assets/application.css?body=1 HTTP/1.1" 304 179 "http://bitaction01.academic.rrc.ca/rails_jody/courses/27/edit" "Mozilla/5.0 (Windows NT 6.1) AppleWebKit/536.5 (KHTML, like Gecko) Chrome/19.0.1084.56 Safari/536.5"
10.34.26.42 - - [14/Jun/2012:12:34:33 -0500] "GET /rails_jody/assets/base.css?body=1 HTTP/1.1" 304 180 "http://bitaction01.academic.rrc.ca/rails_jody/courses/27/edit" "Mozilla/5.0 (Windows NT 6.1) AppleWebKit/536.5 (KHTML, like Gecko) Chrome/19.0.1084.56 Safari/536.5"
10.34.26.42 - - [14/Jun/2012:12:34:33 -0500] "GET /rails_jody/assets/bootstrap-base.css?body=1 HTTP/1.1" 304 180 "http://bitaction01.academic.rrc.ca/rails_jody/courses/27/edit" "Mozilla/5.0 (Windows NT 6.1) AppleWebKit/536.5 (KHTML, like Gecko) Chrome/19.0.1084.56 Safari/536.5"
10.34.26.42 - - [14/Jun/2012:12:34:33 -0500] "GET /rails_jody/assets/style.css?body=1 HTTP/1.1" 304 180 "http://bitaction01.academic.rrc.ca/rails_jody/courses/27/edit" "Mozilla/5.0 (Windows NT 6.1) AppleWebKit/536.5 (KHTML, like Gecko) Chrome/19.0.1084.56 Safari/536.5"
10.34.26.42 - - [14/Jun/2012:12:34:33 -0500] "GET /rails_jody/assets/jquery.js?body=1 HTTP/1.1" 304 179 "http://bitaction01.academic.rrc.ca/rails_jody/courses/27/edit" "Mozilla/5.0 (Windows NT 6.1) AppleWebKit/536.5 (KHTML, like Gecko) Chrome/19.0.1084.56 Safari/536.5"
10.34.26.42 - - [14/Jun/2012:12:34:33 -0500] "GET /rails_jody/assets/jquery_ujs.js?body=1 HTTP/1.1" 304 180 "http://bitaction01.academic.rrc.ca/rails_jody/courses/27/edit" "Mozilla/5.0 (Windows NT 6.1) AppleWebKit/536.5 (KHTML, like Gecko) Chrome/19.0.1084.56 Safari/536.5"
10.34.26.42 - - [14/Jun/2012:12:34:33 -0500] "GET /rails_jody/assets/jstree/jquery.jstree.js?body=1 HTTP/1.1" 304 179 "http://bitaction01.academic.rrc.ca/rails_jody/courses/27/edit" "Mozilla/5.0 (Windows NT 6.1) AppleWebKit/536.5 (KHTML, like Gecko) Chrome/19.0.1084.56 Safari/536.5"
10.34.26.42 - - [14/Jun/2012:12:34:33 -0500] "GET /rails_jody/assets/jstree_custom_menu.js?body=1 HTTP/1.1" 304 180 "http://bitaction01.academic.rrc.ca/rails_jody/courses/27/edit" "Mozilla/5.0 (Windows NT 6.1) AppleWebKit/536.5 (KHTML, like Gecko) Chrome/19.0.1084.56 Safari/536.5"
10.34.26.42 - - [14/Jun/2012:12:34:33 -0500] "GET /rails_jody/assets/bootstrap-alerts.js?body=1 HTTP/1.1" 304 179 "http://bitaction01.academic.rrc.ca/rails_jody/courses/27/edit" "Mozilla/5.0 (Windows NT 6.1) AppleWebKit/536.5 (KHTML, like Gecko) Chrome/19.0.1084.56 Safari/536.5"
10.34.26.42 - - [14/Jun/2012:12:34:33 -0500] "GET /rails_jody/assets/application.js?body=1 HTTP/1.1" 304 179 "http://bitaction01.academic.rrc.ca/rails_jody/courses/27/edit" "Mozilla/5.0 (Windows NT 6.1) AppleWebKit/536.5 (KHTML, like Gecko) Chrome/19.0.1084.56 Safari/536.5"
10.34.26.42 - - [14/Jun/2012:12:34:34 -0500] "GET /rails_jody/assets/jstree/themes/default/style.css HTTP/1.1" 304 179 "http://bitaction01.academic.rrc.ca/rails_jody/courses/27/edit" "Mozilla/5.0 (Windows NT 6.1) AppleWebKit/536.5 (KHTML, like Gecko) Chrome/19.0.1084.56 Safari/536.5"
10.34.26.42 - - [14/Jun/2012:12:34:34 -0500] "GET /favicon.ico HTTP/1.1" 404 511 "-" "Mozilla/5.0 (Windows NT 6.1) AppleWebKit/536.5 (KHTML, like Gecko) Chrome/19.0.1084.56 Safari/536.5"
10.34.26.42 - - [14/Jun/2012:12:34:35 -0500] "GET /rails_jody/assets/d.png HTTP/1.1" 304 179 "http://bitaction01.academic.rrc.ca/rails_jody/courses/27/edit" "Mozilla/5.0 (Windows NT 6.1) AppleWebKit/536.5 (KHTML, like Gecko) Chrome/19.0.1084.56 Safari/536.5"
10.34.26.42 - - [14/Jun/2012:12:34:35 -0500] "GET /rails_jody/assets/jstree/themes/default/d.png HTTP/1.1" 304 179 "http://bitaction01.academic.rrc.ca/rails_jody/courses/27/edit" "Mozilla/5.0 (Windows NT 6.1) AppleWebKit/536.5 (KHTML, like Gecko) Chrome/19.0.1084.56 Safari/536.5"
::1 - - [14/Jun/2012:12:34:52 -0500] "OPTIONS * HTTP/1.0" 200 152 "-" "Apache/2.2.16 (Debian) (internal dummy connection)"
10.34.26.42 - - [14/Jun/2012:12:34:55 -0500] "POST /rails_jody/courses/27 HTTP/1.1" 302 1078 "http://bitaction01.academic.rrc.ca/rails_jody/courses/27/edit" "Mozilla/5.0 (Windows NT 6.1) AppleWebKit/536.5 (KHTML, like Gecko) Chrome/19.0.1084.56 Safari/536.5"
10.34.26.42 - - [14/Jun/2012:12:34:56 -0500] "GET /rails_jody/courses HTTP/1.1" 200 3427 "http://bitaction01.academic.rrc.ca/rails_jody/courses/27/edit" "Mozilla/5.0 (Windows NT 6.1) AppleWebKit/536.5 (KHTML, like Gecko) Chrome/19.0.1084.56 Safari/536.5"
10.34.26.42 - - [14/Jun/2012:12:34:56 -0500] "GET /rails_jody/assets/application.css?body=1 HTTP/1.1" 304 179 "http://bitaction01.academic.rrc.ca/rails_jody/courses" "Mozilla/5.0 (Windows NT 6.1) AppleWebKit/536.5 (KHTML, like Gecko) Chrome/19.0.1084.56 Safari/536.5"
