::1 - - [30/Sep/2012:07:41:12 -0500] "OPTIONS * HTTP/1.0" 200 152 "-" "Apache/2.2.16 (Debian) (internal dummy connection)"
::1 - - [30/Sep/2012:07:41:12 -0500] "OPTIONS * HTTP/1.0" 200 152 "-" "Apache/2.2.16 (Debian) (internal dummy connection)"
::1 - - [30/Sep/2012:07:41:12 -0500] "OPTIONS * HTTP/1.0" 200 152 "-" "Apache/2.2.16 (Debian) (internal dummy connection)"
::1 - - [30/Sep/2012:07:41:12 -0500] "OPTIONS * HTTP/1.0" 200 152 "-" "Apache/2.2.16 (Debian) (internal dummy connection)"
::1 - - [30/Sep/2012:07:41:12 -0500] "OPTIONS * HTTP/1.0" 200 152 "-" "Apache/2.2.16 (Debian) (internal dummy connection)"
::1 - - [30/Sep/2012:07:41:12 -0500] "OPTIONS * HTTP/1.0" 200 152 "-" "Apache/2.2.16 (Debian) (internal dummy connection)"
::1 - - [30/Sep/2012:07:41:12 -0500] "OPTIONS * HTTP/1.0" 200 152 "-" "Apache/2.2.16 (Debian) (internal dummy connection)"
::1 - - [30/Sep/2012:07:41:12 -0500] "OPTIONS * HTTP/1.0" 200 152 "-" "Apache/2.2.16 (Debian) (internal dummy connection)"
::1 - - [30/Sep/2012:07:41:12 -0500] "OPTIONS * HTTP/1.0" 200 152 "-" "Apache/2.2.16 (Debian) (internal dummy connection)"
::1 - - [30/Sep/2012:07:41:12 -0500] "OPTIONS * HTTP/1.0" 200 152 "-" "Apache/2.2.16 (Debian) (internal dummy connection)"
66.249.76.189 - - [30/Sep/2012:09:03:33 -0500] "GET /robots.txt HTTP/1.1" 404 502 "-" "Mozilla/5.0 (compatible; Googlebot/2.1; +http://www.google.com/bot.html)"
66.249.76.189 - - [30/Sep/2012:09:03:33 -0500] "GET / HTTP/1.1" 200 1387 "-" "Mozilla/5.0 (compatible; Googlebot/2.1; +http://www.google.com/bot.html)"
94.23.45.14 - - [01/Oct/2012:05:57:30 -0500] "HEAD / HTTP/1.0" 200 387 "-" "-"
205.200.14.67 - - [01/Oct/2012:12:59:50 -0500] "GET /rails_jody HTTP/1.1" 200 105162 "-" "Mozilla/5.0 (Macintosh; Intel Mac OS X 10.6; rv:15.0) Gecko/20100101 Firefox/15.0.1"
205.200.14.67 - - [01/Oct/2012:13:00:03 -0500] "GET /rails_jody/assets/application.css?body=1 HTTP/1.1" 200 701 "http://198.163.145.68/rails_jody" "Mozilla/5.0 (Macintosh; Intel Mac OS X 10.6; rv:15.0) Gecko/20100101 Firefox/15.0.1"
205.200.14.67 - - [01/Oct/2012:13:00:03 -0500] "GET /rails_jody/assets/base.css?body=1 HTTP/1.1" 200 1390 "http://198.163.145.68/rails_jody" "Mozilla/5.0 (Macintosh; Intel Mac OS X 10.6; rv:15.0) Gecko/20100101 Firefox/15.0.1"
205.200.14.67 - - [01/Oct/2012:13:00:03 -0500] "GET /rails_jody/assets/bootstrap-base.css?body=1 HTTP/1.1" 200 12875 "http://198.163.145.68/rails_jody" "Mozilla/5.0 (Macintosh; Intel Mac OS X 10.6; rv:15.0) Gecko/20100101 Firefox/15.0.1"
205.200.14.67 - - [01/Oct/2012:13:00:03 -0500] "GET /rails_jody/assets/jquery_ujs.js?body=1 HTTP/1.1" 200 4886 "http://198.163.145.68/rails_jody" "Mozilla/5.0 (Macintosh; Intel Mac OS X 10.6; rv:15.0) Gecko/20100101 Firefox/15.0.1"
205.200.14.67 - - [01/Oct/2012:13:00:03 -0500] "GET /rails_jody/assets/jstree/jquery.jstree.js?body=1 HTTP/1.1" 200 38239 "http://198.163.145.68/rails_jody" "Mozilla/5.0 (Macintosh; Intel Mac OS X 10.6; rv:15.0) Gecko/20100101 Firefox/15.0.1"
205.200.14.67 - - [01/Oct/2012:13:00:04 -0500] "GET /rails_jody/assets/bootstrap-alerts.js?body=1 HTTP/1.1" 200 1707 "http://198.163.145.68/rails_jody" "Mozilla/5.0 (Macintosh; Intel Mac OS X 10.6; rv:15.0) Gecko/20100101 Firefox/15.0.1"
205.200.14.67 - - [01/Oct/2012:13:00:04 -0500] "GET /rails_jody/assets/application.js?body=1 HTTP/1.1" 200 765 "http://198.163.145.68/rails_jody" "Mozilla/5.0 (Macintosh; Intel Mac OS X 10.6; rv:15.0) Gecko/20100101 Firefox/15.0.1"
205.200.14.67 - - [01/Oct/2012:13:00:03 -0500] "GET /rails_jody/assets/jquery.js?body=1 HTTP/1.1" 200 68461 "http://198.163.145.68/rails_jody" "Mozilla/5.0 (Macintosh; Intel Mac OS X 10.6; rv:15.0) Gecko/20100101 Firefox/15.0.1"
205.200.14.67 - - [01/Oct/2012:13:00:03 -0500] "GET /rails_jody/assets/style.css?body=1 HTTP/1.1" 200 1517 "http://198.163.145.68/rails_jody" "Mozilla/5.0 (Macintosh; Intel Mac OS X 10.6; rv:15.0) Gecko/20100101 Firefox/15.0.1"
205.200.14.67 - - [01/Oct/2012:13:00:03 -0500] "GET /rails_jody/assets/jstree_custom_menu.js?body=1 HTTP/1.1" 200 2644 "http://198.163.145.68/rails_jody" "Mozilla/5.0 (Macintosh; Intel Mac OS X 10.6; rv:15.0) Gecko/20100101 Firefox/15.0.1"
205.200.14.67 - - [01/Oct/2012:13:00:08 -0500] "GET /favicon.ico HTTP/1.1" 404 504 "-" "Mozilla/5.0 (Macintosh; Intel Mac OS X 10.6; rv:15.0) Gecko/20100101 Firefox/15.0.1"
205.200.14.67 - - [01/Oct/2012:13:00:08 -0500] "GET /rails_jody/assets/jstree/themes/default/style.css HTTP/1.1" 200 1516 "http://198.163.145.68/rails_jody" "Mozilla/5.0 (Macintosh; Intel Mac OS X 10.6; rv:15.0) Gecko/20100101 Firefox/15.0.1"
205.200.14.67 - - [01/Oct/2012:13:00:08 -0500] "GET /rails_jody/assets/d.png HTTP/1.1" 200 8075 "http://198.163.145.68/rails_jody/assets/style.css?body=1" "Mozilla/5.0 (Macintosh; Intel Mac OS X 10.6; rv:15.0) Gecko/20100101 Firefox/15.0.1"
205.200.14.67 - - [01/Oct/2012:13:00:08 -0500] "GET /favicon.ico HTTP/1.1" 404 504 "-" "Mozilla/5.0 (Macintosh; Intel Mac OS X 10.6; rv:15.0) Gecko/20100101 Firefox/15.0.1"
205.200.14.67 - - [01/Oct/2012:13:00:08 -0500] "GET /rails_jody/assets/jstree/themes/default/d.png HTTP/1.1" 200 8075 "http://198.163.145.68/rails_jody/assets/jstree/themes/default/style.css" "Mozilla/5.0 (Macintosh; Intel Mac OS X 10.6; rv:15.0) Gecko/20100101 Firefox/15.0.1"
205.200.14.67 - - [01/Oct/2012:13:00:19 -0500] "GET /rails_jody/courses HTTP/1.1" 200 3486 "http://198.163.145.68/rails_jody" "Mozilla/5.0 (Macintosh; Intel Mac OS X 10.6; rv:15.0) Gecko/20100101 Firefox/15.0.1"
205.200.14.67 - - [01/Oct/2012:13:00:19 -0500] "GET /rails_jody/assets/application.css?body=1 HTTP/1.1" 304 179 "http://198.163.145.68/rails_jody/courses" "Mozilla/5.0 (Macintosh; Intel Mac OS X 10.6; rv:15.0) Gecko/20100101 Firefox/15.0.1"
205.200.14.67 - - [01/Oct/2012:13:00:19 -0500] "GET /rails_jody/assets/base.css?body=1 HTTP/1.1" 304 179 "http://198.163.145.68/rails_jody/courses" "Mozilla/5.0 (Macintosh; Intel Mac OS X 10.6; rv:15.0) Gecko/20100101 Firefox/15.0.1"
205.200.14.67 - - [01/Oct/2012:13:00:19 -0500] "GET /rails_jody/assets/bootstrap-base.css?body=1 HTTP/1.1" 304 179 "http://198.163.145.68/rails_jody/courses" "Mozilla/5.0 (Macintosh; Intel Mac OS X 10.6; rv:15.0) Gecko/20100101 Firefox/15.0.1"
205.200.14.67 - - [01/Oct/2012:13:00:19 -0500] "GET /rails_jody/assets/style.css?body=1 HTTP/1.1" 304 179 "http://198.163.145.68/rails_jody/courses" "Mozilla/5.0 (Macintosh; Intel Mac OS X 10.6; rv:15.0) Gecko/20100101 Firefox/15.0.1"
205.200.14.67 - - [01/Oct/2012:13:00:19 -0500] "GET /rails_jody/assets/jquery.js?body=1 HTTP/1.1" 304 179 "http://198.163.145.68/rails_jody/courses" "Mozilla/5.0 (Macintosh; Intel Mac OS X 10.6; rv:15.0) Gecko/20100101 Firefox/15.0.1"
205.200.14.67 - - [01/Oct/2012:13:00:19 -0500] "GET /rails_jody/assets/jquery_ujs.js?body=1 HTTP/1.1" 304 180 "http://198.163.145.68/rails_jody/courses" "Mozilla/5.0 (Macintosh; Intel Mac OS X 10.6; rv:15.0) Gecko/20100101 Firefox/15.0.1"
205.200.14.67 - - [01/Oct/2012:13:00:19 -0500] "GET /rails_jody/assets/jstree/jquery.jstree.js?body=1 HTTP/1.1" 304 180 "http://198.163.145.68/rails_jody/courses" "Mozilla/5.0 (Macintosh; Intel Mac OS X 10.6; rv:15.0) Gecko/20100101 Firefox/15.0.1"
205.200.14.67 - - [01/Oct/2012:13:00:19 -0500] "GET /rails_jody/assets/jstree_custom_menu.js?body=1 HTTP/1.1" 304 180 "http://198.163.145.68/rails_jody/courses" "Mozilla/5.0 (Macintosh; Intel Mac OS X 10.6; rv:15.0) Gecko/20100101 Firefox/15.0.1"
205.200.14.67 - - [01/Oct/2012:13:00:20 -0500] "GET /rails_jody/assets/bootstrap-alerts.js?body=1 HTTP/1.1" 304 179 "http://198.163.145.68/rails_jody/courses" "Mozilla/5.0 (Macintosh; Intel Mac OS X 10.6; rv:15.0) Gecko/20100101 Firefox/15.0.1"
205.200.14.67 - - [01/Oct/2012:13:00:20 -0500] "GET /rails_jody/assets/application.js?body=1 HTTP/1.1" 304 179 "http://198.163.145.68/rails_jody/courses" "Mozilla/5.0 (Macintosh; Intel Mac OS X 10.6; rv:15.0) Gecko/20100101 Firefox/15.0.1"
205.200.14.67 - - [01/Oct/2012:13:00:30 -0500] "GET /rails_jody/courses/14 HTTP/1.1" 200 4172 "http://198.163.145.68/rails_jody/courses" "Mozilla/5.0 (Macintosh; Intel Mac OS X 10.6; rv:15.0) Gecko/20100101 Firefox/15.0.1"
205.200.14.67 - - [01/Oct/2012:13:00:30 -0500] "GET /rails_jody/assets/application.css?body=1 HTTP/1.1" 304 179 "http://198.163.145.68/rails_jody/courses/14" "Mozilla/5.0 (Macintosh; Intel Mac OS X 10.6; rv:15.0) Gecko/20100101 Firefox/15.0.1"
205.200.14.67 - - [01/Oct/2012:13:00:30 -0500] "GET /rails_jody/assets/base.css?body=1 HTTP/1.1" 304 179 "http://198.163.145.68/rails_jody/courses/14" "Mozilla/5.0 (Macintosh; Intel Mac OS X 10.6; rv:15.0) Gecko/20100101 Firefox/15.0.1"
205.200.14.67 - - [01/Oct/2012:13:00:30 -0500] "GET /rails_jody/assets/bootstrap-base.css?body=1 HTTP/1.1" 304 179 "http://198.163.145.68/rails_jody/courses/14" "Mozilla/5.0 (Macintosh; Intel Mac OS X 10.6; rv:15.0) Gecko/20100101 Firefox/15.0.1"
205.200.14.67 - - [01/Oct/2012:13:00:30 -0500] "GET /rails_jody/assets/style.css?body=1 HTTP/1.1" 304 179 "http://198.163.145.68/rails_jody/courses/14" "Mozilla/5.0 (Macintosh; Intel Mac OS X 10.6; rv:15.0) Gecko/20100101 Firefox/15.0.1"
205.200.14.67 - - [01/Oct/2012:13:00:30 -0500] "GET /rails_jody/assets/jquery.js?body=1 HTTP/1.1" 304 179 "http://198.163.145.68/rails_jody/courses/14" "Mozilla/5.0 (Macintosh; Intel Mac OS X 10.6; rv:15.0) Gecko/20100101 Firefox/15.0.1"
205.200.14.67 - - [01/Oct/2012:13:00:30 -0500] "GET /rails_jody/assets/jquery_ujs.js?body=1 HTTP/1.1" 304 179 "http://198.163.145.68/rails_jody/courses/14" "Mozilla/5.0 (Macintosh; Intel Mac OS X 10.6; rv:15.0) Gecko/20100101 Firefox/15.0.1"
205.200.14.67 - - [01/Oct/2012:13:00:30 -0500] "GET /rails_jody/assets/jstree/jquery.jstree.js?body=1 HTTP/1.1" 304 179 "http://198.163.145.68/rails_jody/courses/14" "Mozilla/5.0 (Macintosh; Intel Mac OS X 10.6; rv:15.0) Gecko/20100101 Firefox/15.0.1"
205.200.14.67 - - [01/Oct/2012:13:00:30 -0500] "GET /rails_jody/assets/jstree_custom_menu.js?body=1 HTTP/1.1" 304 179 "http://198.163.145.68/rails_jody/courses/14" "Mozilla/5.0 (Macintosh; Intel Mac OS X 10.6; rv:15.0) Gecko/20100101 Firefox/15.0.1"
205.200.14.67 - - [01/Oct/2012:13:00:30 -0500] "GET /rails_jody/assets/bootstrap-alerts.js?body=1 HTTP/1.1" 304 179 "http://198.163.145.68/rails_jody/courses/14" "Mozilla/5.0 (Macintosh; Intel Mac OS X 10.6; rv:15.0) Gecko/20100101 Firefox/15.0.1"
205.200.14.67 - - [01/Oct/2012:13:00:30 -0500] "GET /rails_jody/assets/application.js?body=1 HTTP/1.1" 304 179 "http://198.163.145.68/rails_jody/courses/14" "Mozilla/5.0 (Macintosh; Intel Mac OS X 10.6; rv:15.0) Gecko/20100101 Firefox/15.0.1"
::1 - - [01/Oct/2012:13:00:46 -0500] "OPTIONS * HTTP/1.0" 200 152 "-" "Apache/2.2.16 (Debian) (internal dummy connection)"
54.247.62.103 - - [02/Oct/2012:02:15:02 -0500] "HEAD /manager/status HTTP/1.1" 404 220 "-" "Java/1.7.0_07"
66.249.74.75 - - [02/Oct/2012:05:20:25 -0500] "GET /robots.txt HTTP/1.1" 404 502 "-" "Mozilla/5.0 (compatible; Googlebot/2.1; +http://www.google.com/bot.html)"
66.249.74.75 - - [02/Oct/2012:05:20:25 -0500] "GET / HTTP/1.1" 200 1387 "-" "Mozilla/5.0 (compatible; Googlebot/2.1; +http://www.google.com/bot.html)"
10.34.26.40 - - [03/Oct/2012:15:07:35 -0500] "GET / HTTP/1.1" 200 1330 "-" "Mozilla/5.0 (Windows NT 6.1; WOW64) AppleWebKit/537.4 (KHTML, like Gecko) Chrome/22.0.1229.79 Safari/537.4"
10.34.26.40 - - [03/Oct/2012:15:07:36 -0500] "GET /favicon.ico HTTP/1.1" 404 504 "-" "Mozilla/5.0 (Windows NT 6.1; WOW64) AppleWebKit/537.4 (KHTML, like Gecko) Chrome/22.0.1229.79 Safari/537.4"
::1 - - [03/Oct/2012:15:07:53 -0500] "OPTIONS * HTTP/1.0" 200 152 "-" "Apache/2.2.16 (Debian) (internal dummy connection)"
10.34.26.40 - - [03/Oct/2012:15:07:59 -0500] "POST /index.php HTTP/1.1" 302 1360 "http://198.163.145.68/" "Mozilla/5.0 (Windows NT 6.1; WOW64) AppleWebKit/537.4 (KHTML, like Gecko) Chrome/22.0.1229.79 Safari/537.4"
10.34.26.40 - - [03/Oct/2012:15:07:59 -0500] "GET /admin/home.php HTTP/1.1" 200 1356 "http://198.163.145.68/" "Mozilla/5.0 (Windows NT 6.1; WOW64) AppleWebKit/537.4 (KHTML, like Gecko) Chrome/22.0.1229.79 Safari/537.4"
10.34.26.40 - - [03/Oct/2012:15:07:59 -0500] "GET /admin/resources/css/main.css HTTP/1.1" 200 478 "http://198.163.145.68/admin/home.php" "Mozilla/5.0 (Windows NT 6.1; WOW64) AppleWebKit/537.4 (KHTML, like Gecko) Chrome/22.0.1229.79 Safari/537.4"
10.34.26.40 - - [03/Oct/2012:15:07:59 -0500] "GET /admin/resources/images/user.png HTTP/1.1" 200 1767 "http://198.163.145.68/admin/home.php" "Mozilla/5.0 (Windows NT 6.1; WOW64) AppleWebKit/537.4 (KHTML, like Gecko) Chrome/22.0.1229.79 Safari/537.4"
10.34.26.40 - - [03/Oct/2012:15:07:59 -0500] "GET /admin/resources/images/map.png HTTP/1.1" 200 7642 "http://198.163.145.68/admin/home.php" "Mozilla/5.0 (Windows NT 6.1; WOW64) AppleWebKit/537.4 (KHTML, like Gecko) Chrome/22.0.1229.79 Safari/537.4"
10.34.26.40 - - [03/Oct/2012:15:07:59 -0500] "GET /admin/resources/css/login/style.css HTTP/1.1" 200 1141 "http://198.163.145.68/admin/home.php" "Mozilla/5.0 (Windows NT 6.1; WOW64) AppleWebKit/537.4 (KHTML, like Gecko) Chrome/22.0.1229.79 Safari/537.4"
10.34.26.40 - - [03/Oct/2012:15:07:59 -0500] "GET /admin/resources/css/custom-theme/jquery-ui-1.8.16.custom.css HTTP/1.1" 200 6009 "http://198.163.145.68/admin/home.php" "Mozilla/5.0 (Windows NT 6.1; WOW64) AppleWebKit/537.4 (KHTML, like Gecko) Chrome/22.0.1229.79 Safari/537.4"
10.34.26.40 - - [03/Oct/2012:15:07:59 -0500] "GET /admin/resources/css/common/style.css HTTP/1.1" 200 1230 "http://198.163.145.68/admin/home.php" "Mozilla/5.0 (Windows NT 6.1; WOW64) AppleWebKit/537.4 (KHTML, like Gecko) Chrome/22.0.1229.79 Safari/537.4"
10.34.26.40 - - [03/Oct/2012:15:07:59 -0500] "GET /admin/resources/css/layout/style.css HTTP/1.1" 200 1658 "http://198.163.145.68/admin/home.php" "Mozilla/5.0 (Windows NT 6.1; WOW64) AppleWebKit/537.4 (KHTML, like Gecko) Chrome/22.0.1229.79 Safari/537.4"
10.34.26.40 - - [03/Oct/2012:15:07:59 -0500] "GET /admin/resources/js/fancybox/jquery.fancybox-1.3.4.css HTTP/1.1" 200 2155 "http://198.163.145.68/admin/home.php" "Mozilla/5.0 (Windows NT 6.1; WOW64) AppleWebKit/537.4 (KHTML, like Gecko) Chrome/22.0.1229.79 Safari/537.4"
10.34.26.40 - - [03/Oct/2012:15:08:00 -0500] "GET /favicon.ico HTTP/1.1" 404 504 "-" "Mozilla/5.0 (Windows NT 6.1; WOW64) AppleWebKit/537.4 (KHTML, like Gecko) Chrome/22.0.1229.79 Safari/537.4"
::1 - - [03/Oct/2012:15:08:17 -0500] "OPTIONS * HTTP/1.0" 200 152 "-" "Apache/2.2.16 (Debian) (internal dummy connection)"
10.34.26.40 - - [03/Oct/2012:15:10:04 -0500] "GET /admin/locationsadmin.php HTTP/1.1" 200 1448 "http://198.163.145.68/admin/home.php" "Mozilla/5.0 (Windows NT 6.1; WOW64) AppleWebKit/537.4 (KHTML, like Gecko) Chrome/22.0.1229.79 Safari/537.4"
10.34.26.40 - - [03/Oct/2012:15:10:04 -0500] "GET /admin/resources/images/mappin.png HTTP/1.1" 200 4099 "http://198.163.145.68/admin/locationsadmin.php" "Mozilla/5.0 (Windows NT 6.1; WOW64) AppleWebKit/537.4 (KHTML, like Gecko) Chrome/22.0.1229.79 Safari/537.4"
10.34.26.40 - - [03/Oct/2012:15:10:04 -0500] "GET /admin/resources/images/pencil.png HTTP/1.1" 200 2395 "http://198.163.145.68/admin/locationsadmin.php" "Mozilla/5.0 (Windows NT 6.1; WOW64) AppleWebKit/537.4 (KHTML, like Gecko) Chrome/22.0.1229.79 Safari/537.4"
10.34.26.40 - - [03/Oct/2012:15:10:04 -0500] "GET /admin/resources/images/Drive-Backup-icon.png HTTP/1.1" 200 2935 "http://198.163.145.68/admin/locationsadmin.php" "Mozilla/5.0 (Windows NT 6.1; WOW64) AppleWebKit/537.4 (KHTML, like Gecko) Chrome/22.0.1229.79 Safari/537.4"
10.34.26.40 - - [03/Oct/2012:15:10:04 -0500] "GET /admin/resources/images/home.png HTTP/1.1" 200 2400 "http://198.163.145.68/admin/locationsadmin.php" "Mozilla/5.0 (Windows NT 6.1; WOW64) AppleWebKit/537.4 (KHTML, like Gecko) Chrome/22.0.1229.79 Safari/537.4"
10.34.26.40 - - [03/Oct/2012:15:10:04 -0500] "GET /admin/resources/images/info.png HTTP/1.1" 200 3498 "http://198.163.145.68/admin/locationsadmin.php" "Mozilla/5.0 (Windows NT 6.1; WOW64) AppleWebKit/537.4 (KHTML, like Gecko) Chrome/22.0.1229.79 Safari/537.4"
10.34.26.40 - - [03/Oct/2012:15:10:04 -0500] "GET /favicon.ico HTTP/1.1" 404 504 "-" "Mozilla/5.0 (Windows NT 6.1; WOW64) AppleWebKit/537.4 (KHTML, like Gecko) Chrome/22.0.1229.79 Safari/537.4"
10.34.26.40 - - [03/Oct/2012:15:10:06 -0500] "GET /admin/editlocations.php HTTP/1.1" 200 2238 "http://198.163.145.68/admin/locationsadmin.php" "Mozilla/5.0 (Windows NT 6.1; WOW64) AppleWebKit/537.4 (KHTML, like Gecko) Chrome/22.0.1229.79 Safari/537.4"
10.34.26.40 - - [03/Oct/2012:15:10:06 -0500] "GET /admin/resources/js/jquery-ui-1.8.1.custom.min.js HTTP/1.1" 200 5829 "http://198.163.145.68/admin/editlocations.php" "Mozilla/5.0 (Windows NT 6.1; WOW64) AppleWebKit/537.4 (KHTML, like Gecko) Chrome/22.0.1229.79 Safari/537.4"
10.34.26.40 - - [03/Oct/2012:15:10:06 -0500] "GET /admin/resources/js/fancybox/jquery.fancybox-1.3.4.pack.js HTTP/1.1" 200 5928 "http://198.163.145.68/admin/editlocations.php" "Mozilla/5.0 (Windows NT 6.1; WOW64) AppleWebKit/537.4 (KHTML, like Gecko) Chrome/22.0.1229.79 Safari/537.4"
10.34.26.40 - - [03/Oct/2012:15:10:06 -0500] "GET /admin/resources/js/common.js HTTP/1.1" 200 2432 "http://198.163.145.68/admin/editlocations.php" "Mozilla/5.0 (Windows NT 6.1; WOW64) AppleWebKit/537.4 (KHTML, like Gecko) Chrome/22.0.1229.79 Safari/537.4"
10.34.26.40 - - [03/Oct/2012:15:10:06 -0500] "GET /admin/resources/js/editlocationmaptoggle.php HTTP/1.1" 200 712 "http://198.163.145.68/admin/editlocations.php" "Mozilla/5.0 (Windows NT 6.1; WOW64) AppleWebKit/537.4 (KHTML, like Gecko) Chrome/22.0.1229.79 Safari/537.4"
10.34.26.40 - - [03/Oct/2012:15:10:06 -0500] "GET /admin/resources/js/fancybox/jquery.easing-1.3.pack.js HTTP/1.1" 200 2547 "http://198.163.145.68/admin/editlocations.php" "Mozilla/5.0 (Windows NT 6.1; WOW64) AppleWebKit/537.4 (KHTML, like Gecko) Chrome/22.0.1229.79 Safari/537.4"
10.34.26.40 - - [03/Oct/2012:15:10:06 -0500] "GET /admin/resources/js/jquery-1.6.4.js HTTP/1.1" 200 69126 "http://198.163.145.68/admin/editlocations.php" "Mozilla/5.0 (Windows NT 6.1; WOW64) AppleWebKit/537.4 (KHTML, like Gecko) Chrome/22.0.1229.79 Safari/537.4"
10.34.26.40 - - [03/Oct/2012:15:10:06 -0500] "GET /admin/resources/css/custom-theme/images/ui-bg_glass_75_ffffff_1x400.png HTTP/1.1" 200 398 "http://198.163.145.68/admin/editlocations.php" "Mozilla/5.0 (Windows NT 6.1; WOW64) AppleWebKit/537.4 (KHTML, like Gecko) Chrome/22.0.1229.79 Safari/537.4"
10.34.26.40 - - [03/Oct/2012:15:10:07 -0500] "GET /favicon.ico HTTP/1.1" 404 504 "-" "Mozilla/5.0 (Windows NT 6.1; WOW64) AppleWebKit/537.4 (KHTML, like Gecko) Chrome/22.0.1229.79 Safari/537.4"
::1 - - [03/Oct/2012:15:10:24 -0500] "OPTIONS * HTTP/1.0" 200 152 "-" "Apache/2.2.16 (Debian) (internal dummy connection)"
172.24.134.23 - - [03/Oct/2012:15:12:20 -0500] "GET / HTTP/1.1" 200 1388 "-" "Mozilla/5.0 (Macintosh; Intel Mac OS X 10_8_2) AppleWebKit/536.26.14 (KHTML, like Gecko) Version/6.0.1 Safari/536.26.14"
172.24.134.23 - - [03/Oct/2012:15:12:20 -0500] "GET /admin/resources/css/login/main.css HTTP/1.1" 200 1181 "http://198.163.145.68/" "Mozilla/5.0 (Macintosh; Intel Mac OS X 10_8_2) AppleWebKit/536.26.14 (KHTML, like Gecko) Version/6.0.1 Safari/536.26.14"
172.24.134.23 - - [03/Oct/2012:15:12:20 -0500] "GET /admin/resources/js/jquery.cookie.js HTTP/1.1" 200 1697 "http://198.163.145.68/" "Mozilla/5.0 (Macintosh; Intel Mac OS X 10_8_2) AppleWebKit/536.26.14 (KHTML, like Gecko) Version/6.0.1 Safari/536.26.14"
172.24.134.23 - - [03/Oct/2012:15:12:20 -0500] "GET /admin/resources/js/logintabs.js HTTP/1.1" 200 498 "http://198.163.145.68/" "Mozilla/5.0 (Macintosh; Intel Mac OS X 10_8_2) AppleWebKit/536.26.14 (KHTML, like Gecko) Version/6.0.1 Safari/536.26.14"
172.24.134.23 - - [03/Oct/2012:15:12:20 -0500] "GET /admin/resources/js/jquery-1.6.2.min.js HTTP/1.1" 200 32423 "http://198.163.145.68/" "Mozilla/5.0 (Macintosh; Intel Mac OS X 10_8_2) AppleWebKit/536.26.14 (KHTML, like Gecko) Version/6.0.1 Safari/536.26.14"
172.24.134.23 - - [03/Oct/2012:15:12:20 -0500] "GET /admin/resources/js/jquery-ui-1.8.16.custom.min.js HTTP/1.1" 200 53338 "http://198.163.145.68/" "Mozilla/5.0 (Macintosh; Intel Mac OS X 10_8_2) AppleWebKit/536.26.14 (KHTML, like Gecko) Version/6.0.1 Safari/536.26.14"
172.24.134.23 - - [03/Oct/2012:15:12:20 -0500] "GET /admin/resources/images/footer-tail.gif HTTP/1.1" 200 399 "http://198.163.145.68/" "Mozilla/5.0 (Macintosh; Intel Mac OS X 10_8_2) AppleWebKit/536.26.14 (KHTML, like Gecko) Version/6.0.1 Safari/536.26.14"
172.24.134.23 - - [03/Oct/2012:15:12:20 -0500] "GET /favicon.ico HTTP/1.1" 404 505 "http://198.163.145.68/" "Mozilla/5.0 (Macintosh; Intel Mac OS X 10_8_2) AppleWebKit/536.26.14 (KHTML, like Gecko) Version/6.0.1 Safari/536.26.14"
::1 - - [03/Oct/2012:15:12:37 -0500] "OPTIONS * HTTP/1.0" 200 152 "-" "Apache/2.2.16 (Debian) (internal dummy connection)"
172.24.134.23 - - [03/Oct/2012:15:15:46 -0500] "POST /index.php HTTP/1.1" 302 1360 "http://198.163.145.68/" "Mozilla/5.0 (Macintosh; Intel Mac OS X 10_8_2) AppleWebKit/536.26.14 (KHTML, like Gecko) Version/6.0.1 Safari/536.26.14"
172.24.134.23 - - [03/Oct/2012:15:15:46 -0500] "GET /admin/home.php HTTP/1.1" 200 1356 "http://198.163.145.68/" "Mozilla/5.0 (Macintosh; Intel Mac OS X 10_8_2) AppleWebKit/536.26.14 (KHTML, like Gecko) Version/6.0.1 Safari/536.26.14"
172.24.134.23 - - [03/Oct/2012:15:15:46 -0500] "GET /admin/resources/images/user.png HTTP/1.1" 200 1766 "http://198.163.145.68/admin/home.php" "Mozilla/5.0 (Macintosh; Intel Mac OS X 10_8_2) AppleWebKit/536.26.14 (KHTML, like Gecko) Version/6.0.1 Safari/536.26.14"
172.24.134.23 - - [03/Oct/2012:15:15:46 -0500] "GET /admin/resources/css/main.css HTTP/1.1" 200 479 "http://198.163.145.68/admin/home.php" "Mozilla/5.0 (Macintosh; Intel Mac OS X 10_8_2) AppleWebKit/536.26.14 (KHTML, like Gecko) Version/6.0.1 Safari/536.26.14"
172.24.134.23 - - [03/Oct/2012:15:15:46 -0500] "GET /admin/resources/images/map.png HTTP/1.1" 200 7643 "http://198.163.145.68/admin/home.php" "Mozilla/5.0 (Macintosh; Intel Mac OS X 10_8_2) AppleWebKit/536.26.14 (KHTML, like Gecko) Version/6.0.1 Safari/536.26.14"
172.24.134.23 - - [03/Oct/2012:15:15:46 -0500] "GET /admin/resources/js/fancybox/jquery.fancybox-1.3.4.css HTTP/1.1" 200 2154 "http://198.163.145.68/admin/home.php" "Mozilla/5.0 (Macintosh; Intel Mac OS X 10_8_2) AppleWebKit/536.26.14 (KHTML, like Gecko) Version/6.0.1 Safari/536.26.14"
172.24.134.23 - - [03/Oct/2012:15:15:46 -0500] "GET /admin/resources/css/common/style.css HTTP/1.1" 200 1229 "http://198.163.145.68/admin/home.php" "Mozilla/5.0 (Macintosh; Intel Mac OS X 10_8_2) AppleWebKit/536.26.14 (KHTML, like Gecko) Version/6.0.1 Safari/536.26.14"
172.24.134.23 - - [03/Oct/2012:15:15:46 -0500] "GET /admin/resources/css/custom-theme/jquery-ui-1.8.16.custom.css HTTP/1.1" 200 6008 "http://198.163.145.68/admin/home.php" "Mozilla/5.0 (Macintosh; Intel Mac OS X 10_8_2) AppleWebKit/536.26.14 (KHTML, like Gecko) Version/6.0.1 Safari/536.26.14"
172.24.134.23 - - [03/Oct/2012:15:15:46 -0500] "GET /admin/resources/css/login/style.css HTTP/1.1" 200 1142 "http://198.163.145.68/admin/home.php" "Mozilla/5.0 (Macintosh; Intel Mac OS X 10_8_2) AppleWebKit/536.26.14 (KHTML, like Gecko) Version/6.0.1 Safari/536.26.14"
172.24.134.23 - - [03/Oct/2012:15:15:46 -0500] "GET /admin/resources/css/layout/style.css HTTP/1.1" 200 1659 "http://198.163.145.68/admin/home.php" "Mozilla/5.0 (Macintosh; Intel Mac OS X 10_8_2) AppleWebKit/536.26.14 (KHTML, like Gecko) Version/6.0.1 Safari/536.26.14"
172.24.134.23 - - [03/Oct/2012:15:16:01 -0500] "GET /admin/locationsadmin.php HTTP/1.1" 200 1447 "http://198.163.145.68/admin/home.php" "Mozilla/5.0 (Macintosh; Intel Mac OS X 10_8_2) AppleWebKit/536.26.14 (KHTML, like Gecko) Version/6.0.1 Safari/536.26.14"
172.24.134.23 - - [03/Oct/2012:15:16:01 -0500] "GET /admin/resources/images/info.png HTTP/1.1" 200 3497 "http://198.163.145.68/admin/locationsadmin.php" "Mozilla/5.0 (Macintosh; Intel Mac OS X 10_8_2) AppleWebKit/536.26.14 (KHTML, like Gecko) Version/6.0.1 Safari/536.26.14"
172.24.134.23 - - [03/Oct/2012:15:16:01 -0500] "GET /admin/resources/images/mappin.png HTTP/1.1" 200 4099 "http://198.163.145.68/admin/locationsadmin.php" "Mozilla/5.0 (Macintosh; Intel Mac OS X 10_8_2) AppleWebKit/536.26.14 (KHTML, like Gecko) Version/6.0.1 Safari/536.26.14"
172.24.134.23 - - [03/Oct/2012:15:16:01 -0500] "GET /admin/resources/images/Drive-Backup-icon.png HTTP/1.1" 200 2934 "http://198.163.145.68/admin/locationsadmin.php" "Mozilla/5.0 (Macintosh; Intel Mac OS X 10_8_2) AppleWebKit/536.26.14 (KHTML, like Gecko) Version/6.0.1 Safari/536.26.14"
172.24.134.23 - - [03/Oct/2012:15:16:01 -0500] "GET /admin/resources/images/home.png HTTP/1.1" 200 2399 "http://198.163.145.68/admin/locationsadmin.php" "Mozilla/5.0 (Macintosh; Intel Mac OS X 10_8_2) AppleWebKit/536.26.14 (KHTML, like Gecko) Version/6.0.1 Safari/536.26.14"
172.24.134.23 - - [03/Oct/2012:15:16:01 -0500] "GET /admin/resources/images/pencil.png HTTP/1.1" 200 2394 "http://198.163.145.68/admin/locationsadmin.php" "Mozilla/5.0 (Macintosh; Intel Mac OS X 10_8_2) AppleWebKit/536.26.14 (KHTML, like Gecko) Version/6.0.1 Safari/536.26.14"
172.24.134.23 - - [03/Oct/2012:15:18:23 -0500] "GET /admin/useradmin.php HTTP/1.1" 200 1703 "http://198.163.145.68/admin/locationsadmin.php" "Mozilla/5.0 (Macintosh; Intel Mac OS X 10_8_2) AppleWebKit/536.26.14 (KHTML, like Gecko) Version/6.0.1 Safari/536.26.14"
172.24.134.23 - - [03/Oct/2012:15:18:23 -0500] "GET /admin/resources/js/useradmin.js HTTP/1.1" 200 602 "http://198.163.145.68/admin/useradmin.php" "Mozilla/5.0 (Macintosh; Intel Mac OS X 10_8_2) AppleWebKit/536.26.14 (KHTML, like Gecko) Version/6.0.1 Safari/536.26.14"
172.24.134.23 - - [03/Oct/2012:15:18:23 -0500] "GET /admin/resources/images/password.png HTTP/1.1" 200 18225 "http://198.163.145.68/admin/useradmin.php" "Mozilla/5.0 (Macintosh; Intel Mac OS X 10_8_2) AppleWebKit/536.26.14 (KHTML, like Gecko) Version/6.0.1 Safari/536.26.14"
172.24.134.23 - - [03/Oct/2012:15:18:24 -0500] "GET /admin/resources/images/idcard.png HTTP/1.1" 200 12943 "http://198.163.145.68/admin/useradmin.php" "Mozilla/5.0 (Macintosh; Intel Mac OS X 10_8_2) AppleWebKit/536.26.14 (KHTML, like Gecko) Version/6.0.1 Safari/536.26.14"
172.24.134.23 - - [03/Oct/2012:15:18:24 -0500] "GET /admin/resources/css/custom-theme/images/ui-bg_glass_65_ffffff_1x400.png HTTP/1.1" 200 397 "http://198.163.145.68/admin/useradmin.php" "Mozilla/5.0 (Macintosh; Intel Mac OS X 10_8_2) AppleWebKit/536.26.14 (KHTML, like Gecko) Version/6.0.1 Safari/536.26.14"
172.24.134.23 - - [03/Oct/2012:15:18:24 -0500] "GET /admin/resources/css/custom-theme/images/ui-icons_454545_256x240.png HTTP/1.1" 200 4663 "http://198.163.145.68/admin/useradmin.php" "Mozilla/5.0 (Macintosh; Intel Mac OS X 10_8_2) AppleWebKit/536.26.14 (KHTML, like Gecko) Version/6.0.1 Safari/536.26.14"
172.24.134.23 - - [03/Oct/2012:15:18:24 -0500] "GET /admin/resources/images/pre_mail.png HTTP/1.1" 200 13783 "http://198.163.145.68/admin/useradmin.php" "Mozilla/5.0 (Macintosh; Intel Mac OS X 10_8_2) AppleWebKit/536.26.14 (KHTML, like Gecko) Version/6.0.1 Safari/536.26.14"
172.24.134.23 - - [03/Oct/2012:15:18:24 -0500] "GET /admin/resources/css/custom-theme/images/ui-bg_glass_75_e6e6e6_1x400.png HTTP/1.1" 200 402 "http://198.163.145.68/admin/useradmin.php" "Mozilla/5.0 (Macintosh; Intel Mac OS X 10_8_2) AppleWebKit/536.26.14 (KHTML, like Gecko) Version/6.0.1 Safari/536.26.14"
172.24.134.23 - - [03/Oct/2012:15:18:24 -0500] "GET /admin/resources/css/custom-theme/images/ui-icons_888888_256x240.png HTTP/1.1" 200 4664 "http://198.163.145.68/admin/useradmin.php" "Mozilla/5.0 (Macintosh; Intel Mac OS X 10_8_2) AppleWebKit/536.26.14 (KHTML, like Gecko) Version/6.0.1 Safari/536.26.14"
172.24.134.23 - - [03/Oct/2012:15:18:26 -0500] "GET /admin/home.php HTTP/1.1" 200 1356 "http://198.163.145.68/admin/useradmin.php" "Mozilla/5.0 (Macintosh; Intel Mac OS X 10_8_2) AppleWebKit/536.26.14 (KHTML, like Gecko) Version/6.0.1 Safari/536.26.14"
::1 - - [03/Oct/2012:15:18:44 -0500] "OPTIONS * HTTP/1.0" 200 152 "-" "Apache/2.2.16 (Debian) (internal dummy connection)"
172.24.134.23 - - [03/Oct/2012:15:18:52 -0500] "GET /admin/home.php HTTP/1.1" 200 1357 "http://198.163.145.68/admin/home.php" "Mozilla/5.0 (Macintosh; Intel Mac OS X 10_8_2) AppleWebKit/536.26.14 (KHTML, like Gecko) Version/6.0.1 Safari/536.26.14"
172.24.134.23 - - [03/Oct/2012:15:19:02 -0500] "GET /admin/editlocations.php HTTP/1.1" 200 2238 "http://198.163.145.68/admin/home.php" "Mozilla/5.0 (Macintosh; Intel Mac OS X 10_8_2) AppleWebKit/536.26.14 (KHTML, like Gecko) Version/6.0.1 Safari/536.26.14"
172.24.134.23 - - [03/Oct/2012:15:19:02 -0500] "GET /admin/resources/js/common.js HTTP/1.1" 200 2432 "http://198.163.145.68/admin/editlocations.php" "Mozilla/5.0 (Macintosh; Intel Mac OS X 10_8_2) AppleWebKit/536.26.14 (KHTML, like Gecko) Version/6.0.1 Safari/536.26.14"
172.24.134.23 - - [03/Oct/2012:15:19:02 -0500] "GET /admin/resources/js/fancybox/jquery.easing-1.3.pack.js HTTP/1.1" 200 2548 "http://198.163.145.68/admin/editlocations.php" "Mozilla/5.0 (Macintosh; Intel Mac OS X 10_8_2) AppleWebKit/536.26.14 (KHTML, like Gecko) Version/6.0.1 Safari/536.26.14"
172.24.134.23 - - [03/Oct/2012:15:19:02 -0500] "GET /admin/resources/js/fancybox/jquery.fancybox-1.3.4.pack.js HTTP/1.1" 200 5929 "http://198.163.145.68/admin/editlocations.php" "Mozilla/5.0 (Macintosh; Intel Mac OS X 10_8_2) AppleWebKit/536.26.14 (KHTML, like Gecko) Version/6.0.1 Safari/536.26.14"
172.24.134.23 - - [03/Oct/2012:15:19:02 -0500] "GET /admin/resources/js/jquery-ui-1.8.1.custom.min.js HTTP/1.1" 200 5830 "http://198.163.145.68/admin/editlocations.php" "Mozilla/5.0 (Macintosh; Intel Mac OS X 10_8_2) AppleWebKit/536.26.14 (KHTML, like Gecko) Version/6.0.1 Safari/536.26.14"
172.24.134.23 - - [03/Oct/2012:15:19:02 -0500] "GET /admin/resources/js/editlocationmaptoggle.php HTTP/1.1" 200 713 "http://198.163.145.68/admin/editlocations.php" "Mozilla/5.0 (Macintosh; Intel Mac OS X 10_8_2) AppleWebKit/536.26.14 (KHTML, like Gecko) Version/6.0.1 Safari/536.26.14"
172.24.134.23 - - [03/Oct/2012:15:19:02 -0500] "GET /admin/resources/js/jquery-1.6.4.js HTTP/1.1" 200 69126 "http://198.163.145.68/admin/editlocations.php" "Mozilla/5.0 (Macintosh; Intel Mac OS X 10_8_2) AppleWebKit/536.26.14 (KHTML, like Gecko) Version/6.0.1 Safari/536.26.14"
172.24.134.23 - - [03/Oct/2012:15:19:03 -0500] "GET /admin/resources/css/custom-theme/images/ui-bg_glass_75_ffffff_1x400.png HTTP/1.1" 200 398 "http://198.163.145.68/admin/editlocations.php" "Mozilla/5.0 (Macintosh; Intel Mac OS X 10_8_2) AppleWebKit/536.26.14 (KHTML, like Gecko) Version/6.0.1 Safari/536.26.14"
172.24.134.23 - - [03/Oct/2012:15:19:07 -0500] "GET /admin/editlocations.php?page=2 HTTP/1.1" 200 2139 "http://198.163.145.68/admin/editlocations.php" "Mozilla/5.0 (Macintosh; Intel Mac OS X 10_8_2) AppleWebKit/536.26.14 (KHTML, like Gecko) Version/6.0.1 Safari/536.26.14"
172.24.134.23 - - [03/Oct/2012:15:19:07 -0500] "GET /admin/resources/js/editlocationmaptoggle.php HTTP/1.1" 200 712 "http://198.163.145.68/admin/editlocations.php?page=2" "Mozilla/5.0 (Macintosh; Intel Mac OS X 10_8_2) AppleWebKit/536.26.14 (KHTML, like Gecko) Version/6.0.1 Safari/536.26.14"
172.24.134.23 - - [03/Oct/2012:15:19:09 -0500] "GET /admin/home.php HTTP/1.1" 200 1356 "http://198.163.145.68/admin/editlocations.php?page=2" "Mozilla/5.0 (Macintosh; Intel Mac OS X 10_8_2) AppleWebKit/536.26.14 (KHTML, like Gecko) Version/6.0.1 Safari/536.26.14"
10.34.26.40 - - [03/Oct/2012:15:19:14 -0500] "GET / HTTP/1.1" 302 1360 "-" "Mozilla/5.0 (Windows NT 6.1; WOW64) AppleWebKit/537.4 (KHTML, like Gecko) Chrome/22.0.1229.79 Safari/537.4"
10.34.26.40 - - [03/Oct/2012:15:19:14 -0500] "GET /admin/home.php HTTP/1.1" 200 1356 "-" "Mozilla/5.0 (Windows NT 6.1; WOW64) AppleWebKit/537.4 (KHTML, like Gecko) Chrome/22.0.1229.79 Safari/537.4"
10.34.26.40 - - [03/Oct/2012:15:19:14 -0500] "GET /favicon.ico HTTP/1.1" 404 504 "-" "Mozilla/5.0 (Windows NT 6.1; WOW64) AppleWebKit/537.4 (KHTML, like Gecko) Chrome/22.0.1229.79 Safari/537.4"
172.24.134.23 - - [03/Oct/2012:15:19:15 -0500] "GET /admin/locationsadmin.php HTTP/1.1" 200 1447 "http://198.163.145.68/admin/home.php" "Mozilla/5.0 (Macintosh; Intel Mac OS X 10_8_2) AppleWebKit/536.26.14 (KHTML, like Gecko) Version/6.0.1 Safari/536.26.14"
10.34.26.40 - - [03/Oct/2012:15:19:16 -0500] "GET /admin/locationsadmin.php HTTP/1.1" 200 1447 "http://198.163.145.68/admin/home.php" "Mozilla/5.0 (Windows NT 6.1; WOW64) AppleWebKit/537.4 (KHTML, like Gecko) Chrome/22.0.1229.79 Safari/537.4"
10.34.26.40 - - [03/Oct/2012:15:19:16 -0500] "GET /favicon.ico HTTP/1.1" 404 504 "-" "Mozilla/5.0 (Windows NT 6.1; WOW64) AppleWebKit/537.4 (KHTML, like Gecko) Chrome/22.0.1229.79 Safari/537.4"
172.24.134.23 - - [03/Oct/2012:15:19:18 -0500] "GET /admin/editlocations.php HTTP/1.1" 200 2238 "http://198.163.145.68/admin/locationsadmin.php" "Mozilla/5.0 (Macintosh; Intel Mac OS X 10_8_2) AppleWebKit/536.26.14 (KHTML, like Gecko) Version/6.0.1 Safari/536.26.14"
172.24.134.23 - - [03/Oct/2012:15:19:18 -0500] "GET /admin/resources/js/editlocationmaptoggle.php HTTP/1.1" 200 712 "http://198.163.145.68/admin/editlocations.php" "Mozilla/5.0 (Macintosh; Intel Mac OS X 10_8_2) AppleWebKit/536.26.14 (KHTML, like Gecko) Version/6.0.1 Safari/536.26.14"
10.34.26.40 - - [03/Oct/2012:15:19:18 -0500] "GET /admin/newlocations.php HTTP/1.1" 200 2011 "http://198.163.145.68/admin/locationsadmin.php" "Mozilla/5.0 (Windows NT 6.1; WOW64) AppleWebKit/537.4 (KHTML, like Gecko) Chrome/22.0.1229.79 Safari/537.4"
10.34.26.40 - - [03/Oct/2012:15:19:18 -0500] "GET /admin/resources/js/addnew.js HTTP/1.1" 200 1472 "http://198.163.145.68/admin/newlocations.php" "Mozilla/5.0 (Windows NT 6.1; WOW64) AppleWebKit/537.4 (KHTML, like Gecko) Chrome/22.0.1229.79 Safari/537.4"
10.34.26.40 - - [03/Oct/2012:15:19:18 -0500] "GET /admin/resources/js/addnew.php HTTP/1.1" 200 653 "http://198.163.145.68/admin/newlocations.php" "Mozilla/5.0 (Windows NT 6.1; WOW64) AppleWebKit/537.4 (KHTML, like Gecko) Chrome/22.0.1229.79 Safari/537.4"
10.34.26.40 - - [03/Oct/2012:15:19:19 -0500] "GET /favicon.ico HTTP/1.1" 404 504 "-" "Mozilla/5.0 (Windows NT 6.1; WOW64) AppleWebKit/537.4 (KHTML, like Gecko) Chrome/22.0.1229.79 Safari/537.4"
172.24.134.23 - - [03/Oct/2012:15:19:20 -0500] "GET /admin/editlocations.php?page=2 HTTP/1.1" 200 2139 "http://198.163.145.68/admin/editlocations.php" "Mozilla/5.0 (Macintosh; Intel Mac OS X 10_8_2) AppleWebKit/536.26.14 (KHTML, like Gecko) Version/6.0.1 Safari/536.26.14"
172.24.134.23 - - [03/Oct/2012:15:19:20 -0500] "GET /admin/resources/js/editlocationmaptoggle.php HTTP/1.1" 200 712 "http://198.163.145.68/admin/editlocations.php?page=2" "Mozilla/5.0 (Macintosh; Intel Mac OS X 10_8_2) AppleWebKit/536.26.14 (KHTML, like Gecko) Version/6.0.1 Safari/536.26.14"
172.24.134.23 - - [03/Oct/2012:15:19:23 -0500] "GET /admin/editlocations.php?page=1 HTTP/1.1" 200 2238 "http://198.163.145.68/admin/editlocations.php?page=2" "Mozilla/5.0 (Macintosh; Intel Mac OS X 10_8_2) AppleWebKit/536.26.14 (KHTML, like Gecko) Version/6.0.1 Safari/536.26.14"
172.24.134.23 - - [03/Oct/2012:15:19:23 -0500] "GET /admin/resources/js/editlocationmaptoggle.php HTTP/1.1" 200 712 "http://198.163.145.68/admin/editlocations.php?page=1" "Mozilla/5.0 (Macintosh; Intel Mac OS X 10_8_2) AppleWebKit/536.26.14 (KHTML, like Gecko) Version/6.0.1 Safari/536.26.14"
172.24.134.23 - - [03/Oct/2012:15:19:31 -0500] "GET /admin/home.php HTTP/1.1" 200 1356 "http://198.163.145.68/admin/locationsadmin.php" "Mozilla/5.0 (Macintosh; Intel Mac OS X 10_8_2) AppleWebKit/536.26.14 (KHTML, like Gecko) Version/6.0.1 Safari/536.26.14"
172.24.134.23 - - [03/Oct/2012:15:19:33 -0500] "GET /admin/locationsadmin.php HTTP/1.1" 200 1447 "http://198.163.145.68/admin/home.php" "Mozilla/5.0 (Macintosh; Intel Mac OS X 10_8_2) AppleWebKit/536.26.14 (KHTML, like Gecko) Version/6.0.1 Safari/536.26.14"
::1 - - [03/Oct/2012:15:19:34 -0500] "OPTIONS * HTTP/1.0" 200 152 "-" "Apache/2.2.16 (Debian) (internal dummy connection)"
172.24.134.23 - - [03/Oct/2012:15:19:35 -0500] "GET /admin/newlocations.php HTTP/1.1" 200 2011 "http://198.163.145.68/admin/locationsadmin.php" "Mozilla/5.0 (Macintosh; Intel Mac OS X 10_8_2) AppleWebKit/536.26.14 (KHTML, like Gecko) Version/6.0.1 Safari/536.26.14"
172.24.134.23 - - [03/Oct/2012:15:19:35 -0500] "GET /admin/resources/js/addnew.js HTTP/1.1" 200 1472 "http://198.163.145.68/admin/newlocations.php" "Mozilla/5.0 (Macintosh; Intel Mac OS X 10_8_2) AppleWebKit/536.26.14 (KHTML, like Gecko) Version/6.0.1 Safari/536.26.14"
172.24.134.23 - - [03/Oct/2012:15:19:35 -0500] "GET /admin/resources/js/addnew.php HTTP/1.1" 200 652 "http://198.163.145.68/admin/newlocations.php" "Mozilla/5.0 (Macintosh; Intel Mac OS X 10_8_2) AppleWebKit/536.26.14 (KHTML, like Gecko) Version/6.0.1 Safari/536.26.14"
::1 - - [03/Oct/2012:15:19:35 -0500] "OPTIONS * HTTP/1.0" 200 152 "-" "Apache/2.2.16 (Debian) (internal dummy connection)"
::1 - - [03/Oct/2012:15:19:36 -0500] "OPTIONS * HTTP/1.0" 200 152 "-" "Apache/2.2.16 (Debian) (internal dummy connection)"
::1 - - [03/Oct/2012:15:19:37 -0500] "OPTIONS * HTTP/1.0" 200 152 "-" "Apache/2.2.16 (Debian) (internal dummy connection)"
::1 - - [03/Oct/2012:15:19:52 -0500] "OPTIONS * HTTP/1.0" 200 152 "-" "Apache/2.2.16 (Debian) (internal dummy connection)"
10.34.26.40 - - [03/Oct/2012:15:20:30 -0500] "GET /admin/locationsadmin.php HTTP/1.1" 200 1448 "http://198.163.145.68/admin/home.php" "Mozilla/5.0 (Windows NT 6.1; WOW64) AppleWebKit/537.4 (KHTML, like Gecko) Chrome/22.0.1229.79 Safari/537.4"
10.34.26.40 - - [03/Oct/2012:15:20:30 -0500] "GET /favicon.ico HTTP/1.1" 404 504 "-" "Mozilla/5.0 (Windows NT 6.1; WOW64) AppleWebKit/537.4 (KHTML, like Gecko) Chrome/22.0.1229.79 Safari/537.4"
10.34.26.40 - - [03/Oct/2012:15:20:36 -0500] "GET /admin/newlocations.php HTTP/1.1" 200 2011 "http://198.163.145.68/admin/locationsadmin.php" "Mozilla/5.0 (Windows NT 6.1; WOW64) AppleWebKit/537.4 (KHTML, like Gecko) Chrome/22.0.1229.79 Safari/537.4"
10.34.26.40 - - [03/Oct/2012:15:20:36 -0500] "GET /admin/resources/js/addnew.php HTTP/1.1" 200 652 "http://198.163.145.68/admin/newlocations.php" "Mozilla/5.0 (Windows NT 6.1; WOW64) AppleWebKit/537.4 (KHTML, like Gecko) Chrome/22.0.1229.79 Safari/537.4"
10.34.26.40 - - [03/Oct/2012:15:20:36 -0500] "GET /favicon.ico HTTP/1.1" 404 504 "-" "Mozilla/5.0 (Windows NT 6.1; WOW64) AppleWebKit/537.4 (KHTML, like Gecko) Chrome/22.0.1229.79 Safari/537.4"
10.34.26.40 - - [03/Oct/2012:15:20:39 -0500] "GET /admin/locationsadmin.php HTTP/1.1" 200 1447 "http://198.163.145.68/admin/home.php" "Mozilla/5.0 (Windows NT 6.1; WOW64) AppleWebKit/537.4 (KHTML, like Gecko) Chrome/22.0.1229.79 Safari/537.4"
10.34.26.40 - - [03/Oct/2012:15:20:39 -0500] "GET /favicon.ico HTTP/1.1" 404 504 "-" "Mozilla/5.0 (Windows NT 6.1; WOW64) AppleWebKit/537.4 (KHTML, like Gecko) Chrome/22.0.1229.79 Safari/537.4"
::1 - - [03/Oct/2012:15:20:57 -0500] "OPTIONS * HTTP/1.0" 200 152 "-" "Apache/2.2.16 (Debian) (internal dummy connection)"
172.24.134.23 - - [03/Oct/2012:15:24:57 -0500] "GET /admin/logout.php HTTP/1.1" 302 456 "http://198.163.145.68/admin/newlocations.php" "Mozilla/5.0 (Macintosh; Intel Mac OS X 10_8_2) AppleWebKit/536.26.14 (KHTML, like Gecko) Version/6.0.1 Safari/536.26.14"
172.24.134.23 - - [03/Oct/2012:15:24:57 -0500] "GET /index.php HTTP/1.1" 200 1395 "http://198.163.145.68/admin/newlocations.php" "Mozilla/5.0 (Macintosh; Intel Mac OS X 10_8_2) AppleWebKit/536.26.14 (KHTML, like Gecko) Version/6.0.1 Safari/536.26.14"
172.24.134.23 - - [03/Oct/2012:15:24:57 -0500] "GET /admin/resources/css/custom-theme/images/ui-bg_inset-soft_95_fef1ec_1x100.png HTTP/1.1" 200 414 "http://198.163.145.68/index.php" "Mozilla/5.0 (Macintosh; Intel Mac OS X 10_8_2) AppleWebKit/536.26.14 (KHTML, like Gecko) Version/6.0.1 Safari/536.26.14"
10.34.26.40 - - [03/Oct/2012:15:35:05 -0500] "GET /rails_jody HTTP/1.1" 200 105168 "-" "Mozilla/5.0 (Windows NT 6.1; WOW64) AppleWebKit/537.4 (KHTML, like Gecko) Chrome/22.0.1229.79 Safari/537.4"
10.34.26.40 - - [03/Oct/2012:15:35:14 -0500] "GET /rails_jody/assets/application.css?body=1 HTTP/1.1" 304 179 "http://198.163.145.68/rails_jody" "Mozilla/5.0 (Windows NT 6.1; WOW64) AppleWebKit/537.4 (KHTML, like Gecko) Chrome/22.0.1229.79 Safari/537.4"
10.34.26.40 - - [03/Oct/2012:15:35:14 -0500] "GET /rails_jody/assets/base.css?body=1 HTTP/1.1" 304 180 "http://198.163.145.68/rails_jody" "Mozilla/5.0 (Windows NT 6.1; WOW64) AppleWebKit/537.4 (KHTML, like Gecko) Chrome/22.0.1229.79 Safari/537.4"
10.34.26.40 - - [03/Oct/2012:15:35:14 -0500] "GET /rails_jody/assets/bootstrap-base.css?body=1 HTTP/1.1" 304 180 "http://198.163.145.68/rails_jody" "Mozilla/5.0 (Windows NT 6.1; WOW64) AppleWebKit/537.4 (KHTML, like Gecko) Chrome/22.0.1229.79 Safari/537.4"
10.34.26.40 - - [03/Oct/2012:15:35:14 -0500] "GET /rails_jody/assets/style.css?body=1 HTTP/1.1" 304 180 "http://198.163.145.68/rails_jody" "Mozilla/5.0 (Windows NT 6.1; WOW64) AppleWebKit/537.4 (KHTML, like Gecko) Chrome/22.0.1229.79 Safari/537.4"
10.34.26.40 - - [03/Oct/2012:15:35:14 -0500] "GET /rails_jody/assets/jquery_ujs.js?body=1 HTTP/1.1" 304 180 "http://198.163.145.68/rails_jody" "Mozilla/5.0 (Windows NT 6.1; WOW64) AppleWebKit/537.4 (KHTML, like Gecko) Chrome/22.0.1229.79 Safari/537.4"
10.34.26.40 - - [03/Oct/2012:15:35:14 -0500] "GET /rails_jody/assets/jquery.js?body=1 HTTP/1.1" 304 180 "http://198.163.145.68/rails_jody" "Mozilla/5.0 (Windows NT 6.1; WOW64) AppleWebKit/537.4 (KHTML, like Gecko) Chrome/22.0.1229.79 Safari/537.4"
10.34.26.40 - - [03/Oct/2012:15:35:14 -0500] "GET /rails_jody/assets/jstree/jquery.jstree.js?body=1 HTTP/1.1" 304 179 "http://198.163.145.68/rails_jody" "Mozilla/5.0 (Windows NT 6.1; WOW64) AppleWebKit/537.4 (KHTML, like Gecko) Chrome/22.0.1229.79 Safari/537.4"
10.34.26.40 - - [03/Oct/2012:15:35:14 -0500] "GET /rails_jody/assets/jstree_custom_menu.js?body=1 HTTP/1.1" 304 179 "http://198.163.145.68/rails_jody" "Mozilla/5.0 (Windows NT 6.1; WOW64) AppleWebKit/537.4 (KHTML, like Gecko) Chrome/22.0.1229.79 Safari/537.4"
10.34.26.40 - - [03/Oct/2012:15:35:14 -0500] "GET /rails_jody/assets/bootstrap-alerts.js?body=1 HTTP/1.1" 304 179 "http://198.163.145.68/rails_jody" "Mozilla/5.0 (Windows NT 6.1; WOW64) AppleWebKit/537.4 (KHTML, like Gecko) Chrome/22.0.1229.79 Safari/537.4"
10.34.26.40 - - [03/Oct/2012:15:35:14 -0500] "GET /rails_jody/assets/application.js?body=1 HTTP/1.1" 304 179 "http://198.163.145.68/rails_jody" "Mozilla/5.0 (Windows NT 6.1; WOW64) AppleWebKit/537.4 (KHTML, like Gecko) Chrome/22.0.1229.79 Safari/537.4"
10.34.26.40 - - [03/Oct/2012:15:35:15 -0500] "GET /rails_jody/assets/jstree/themes/default/style.css HTTP/1.1" 304 179 "http://198.163.145.68/rails_jody" "Mozilla/5.0 (Windows NT 6.1; WOW64) AppleWebKit/537.4 (KHTML, like Gecko) Chrome/22.0.1229.79 Safari/537.4"
10.34.26.40 - - [03/Oct/2012:15:35:15 -0500] "GET /favicon.ico HTTP/1.1" 404 504 "-" "Mozilla/5.0 (Windows NT 6.1; WOW64) AppleWebKit/537.4 (KHTML, like Gecko) Chrome/22.0.1229.79 Safari/537.4"
10.34.26.40 - - [03/Oct/2012:15:35:15 -0500] "GET /rails_jody/assets/jstree/themes/default/d.png HTTP/1.1" 304 179 "http://198.163.145.68/rails_jody" "Mozilla/5.0 (Windows NT 6.1; WOW64) AppleWebKit/537.4 (KHTML, like Gecko) Chrome/22.0.1229.79 Safari/537.4"
10.34.26.40 - - [03/Oct/2012:15:35:20 -0500] "GET /rails_jody/courses HTTP/1.1" 200 3490 "http://198.163.145.68/rails_jody" "Mozilla/5.0 (Windows NT 6.1; WOW64) AppleWebKit/537.4 (KHTML, like Gecko) Chrome/22.0.1229.79 Safari/537.4"
10.34.26.40 - - [03/Oct/2012:15:35:20 -0500] "GET /rails_jody/assets/application.css?body=1 HTTP/1.1" 304 179 "http://198.163.145.68/rails_jody/courses" "Mozilla/5.0 (Windows NT 6.1; WOW64) AppleWebKit/537.4 (KHTML, like Gecko) Chrome/22.0.1229.79 Safari/537.4"
10.34.26.40 - - [03/Oct/2012:15:35:20 -0500] "GET /rails_jody/assets/base.css?body=1 HTTP/1.1" 304 179 "http://198.163.145.68/rails_jody/courses" "Mozilla/5.0 (Windows NT 6.1; WOW64) AppleWebKit/537.4 (KHTML, like Gecko) Chrome/22.0.1229.79 Safari/537.4"
10.34.26.40 - - [03/Oct/2012:15:35:20 -0500] "GET /rails_jody/assets/style.css?body=1 HTTP/1.1" 304 179 "http://198.163.145.68/rails_jody/courses" "Mozilla/5.0 (Windows NT 6.1; WOW64) AppleWebKit/537.4 (KHTML, like Gecko) Chrome/22.0.1229.79 Safari/537.4"
10.34.26.40 - - [03/Oct/2012:15:35:20 -0500] "GET /rails_jody/assets/bootstrap-base.css?body=1 HTTP/1.1" 304 179 "http://198.163.145.68/rails_jody/courses" "Mozilla/5.0 (Windows NT 6.1; WOW64) AppleWebKit/537.4 (KHTML, like Gecko) Chrome/22.0.1229.79 Safari/537.4"
10.34.26.40 - - [03/Oct/2012:15:35:20 -0500] "GET /rails_jody/assets/jquery.js?body=1 HTTP/1.1" 304 179 "http://198.163.145.68/rails_jody/courses" "Mozilla/5.0 (Windows NT 6.1; WOW64) AppleWebKit/537.4 (KHTML, like Gecko) Chrome/22.0.1229.79 Safari/537.4"
10.34.26.40 - - [03/Oct/2012:15:35:21 -0500] "GET /rails_jody/assets/jstree_custom_menu.js?body=1 HTTP/1.1" 304 179 "http://198.163.145.68/rails_jody/courses" "Mozilla/5.0 (Windows NT 6.1; WOW64) AppleWebKit/537.4 (KHTML, like Gecko) Chrome/22.0.1229.79 Safari/537.4"
10.34.26.40 - - [03/Oct/2012:15:35:21 -0500] "GET /rails_jody/assets/bootstrap-alerts.js?body=1 HTTP/1.1" 304 179 "http://198.163.145.68/rails_jody/courses" "Mozilla/5.0 (Windows NT 6.1; WOW64) AppleWebKit/537.4 (KHTML, like Gecko) Chrome/22.0.1229.79 Safari/537.4"
10.34.26.40 - - [03/Oct/2012:15:35:20 -0500] "GET /rails_jody/assets/jquery_ujs.js?body=1 HTTP/1.1" 304 179 "http://198.163.145.68/rails_jody/courses" "Mozilla/5.0 (Windows NT 6.1; WOW64) AppleWebKit/537.4 (KHTML, like Gecko) Chrome/22.0.1229.79 Safari/537.4"
10.34.26.40 - - [03/Oct/2012:15:35:21 -0500] "GET /rails_jody/assets/application.js?body=1 HTTP/1.1" 304 179 "http://198.163.145.68/rails_jody/courses" "Mozilla/5.0 (Windows NT 6.1; WOW64) AppleWebKit/537.4 (KHTML, like Gecko) Chrome/22.0.1229.79 Safari/537.4"
10.34.26.40 - - [03/Oct/2012:15:35:21 -0500] "GET /rails_jody/assets/jstree/jquery.jstree.js?body=1 HTTP/1.1" 304 179 "http://198.163.145.68/rails_jody/courses" "Mozilla/5.0 (Windows NT 6.1; WOW64) AppleWebKit/537.4 (KHTML, like Gecko) Chrome/22.0.1229.79 Safari/537.4"
10.34.26.40 - - [03/Oct/2012:15:35:21 -0500] "GET /favicon.ico HTTP/1.1" 404 504 "-" "Mozilla/5.0 (Windows NT 6.1; WOW64) AppleWebKit/537.4 (KHTML, like Gecko) Chrome/22.0.1229.79 Safari/537.4"
10.34.26.40 - - [03/Oct/2012:15:35:22 -0500] "GET /rails_jody/outcomes HTTP/1.1" 200 105167 "http://198.163.145.68/rails_jody/courses" "Mozilla/5.0 (Windows NT 6.1; WOW64) AppleWebKit/537.4 (KHTML, like Gecko) Chrome/22.0.1229.79 Safari/537.4"
10.34.26.40 - - [03/Oct/2012:15:35:31 -0500] "GET /rails_jody/assets/base.css?body=1 HTTP/1.1" 304 179 "http://198.163.145.68/rails_jody/outcomes" "Mozilla/5.0 (Windows NT 6.1; WOW64) AppleWebKit/537.4 (KHTML, like Gecko) Chrome/22.0.1229.79 Safari/537.4"
10.34.26.40 - - [03/Oct/2012:15:35:31 -0500] "GET /rails_jody/assets/jquery.js?body=1 HTTP/1.1" 304 179 "http://198.163.145.68/rails_jody/outcomes" "Mozilla/5.0 (Windows NT 6.1; WOW64) AppleWebKit/537.4 (KHTML, like Gecko) Chrome/22.0.1229.79 Safari/537.4"
10.34.26.40 - - [03/Oct/2012:15:35:31 -0500] "GET /rails_jody/assets/style.css?body=1 HTTP/1.1" 304 179 "http://198.163.145.68/rails_jody/outcomes" "Mozilla/5.0 (Windows NT 6.1; WOW64) AppleWebKit/537.4 (KHTML, like Gecko) Chrome/22.0.1229.79 Safari/537.4"
10.34.26.40 - - [03/Oct/2012:15:35:31 -0500] "GET /rails_jody/assets/application.css?body=1 HTTP/1.1" 304 179 "http://198.163.145.68/rails_jody/outcomes" "Mozilla/5.0 (Windows NT 6.1; WOW64) AppleWebKit/537.4 (KHTML, like Gecko) Chrome/22.0.1229.79 Safari/537.4"
10.34.26.40 - - [03/Oct/2012:15:35:31 -0500] "GET /rails_jody/assets/jquery_ujs.js?body=1 HTTP/1.1" 304 179 "http://198.163.145.68/rails_jody/outcomes" "Mozilla/5.0 (Windows NT 6.1; WOW64) AppleWebKit/537.4 (KHTML, like Gecko) Chrome/22.0.1229.79 Safari/537.4"
10.34.26.40 - - [03/Oct/2012:15:35:31 -0500] "GET /rails_jody/assets/bootstrap-alerts.js?body=1 HTTP/1.1" 304 179 "http://198.163.145.68/rails_jody/outcomes" "Mozilla/5.0 (Windows NT 6.1; WOW64) AppleWebKit/537.4 (KHTML, like Gecko) Chrome/22.0.1229.79 Safari/537.4"
10.34.26.40 - - [03/Oct/2012:15:35:31 -0500] "GET /rails_jody/assets/jstree/jquery.jstree.js?body=1 HTTP/1.1" 304 179 "http://198.163.145.68/rails_jody/outcomes" "Mozilla/5.0 (Windows NT 6.1; WOW64) AppleWebKit/537.4 (KHTML, like Gecko) Chrome/22.0.1229.79 Safari/537.4"
10.34.26.40 - - [03/Oct/2012:15:35:31 -0500] "GET /rails_jody/assets/application.js?body=1 HTTP/1.1" 304 179 "http://198.163.145.68/rails_jody/outcomes" "Mozilla/5.0 (Windows NT 6.1; WOW64) AppleWebKit/537.4 (KHTML, like Gecko) Chrome/22.0.1229.79 Safari/537.4"
10.34.26.40 - - [03/Oct/2012:15:35:31 -0500] "GET /rails_jody/assets/jstree_custom_menu.js?body=1 HTTP/1.1" 304 179 "http://198.163.145.68/rails_jody/outcomes" "Mozilla/5.0 (Windows NT 6.1; WOW64) AppleWebKit/537.4 (KHTML, like Gecko) Chrome/22.0.1229.79 Safari/537.4"
10.34.26.40 - - [03/Oct/2012:15:35:31 -0500] "GET /rails_jody/assets/bootstrap-base.css?body=1 HTTP/1.1" 304 179 "http://198.163.145.68/rails_jody/outcomes" "Mozilla/5.0 (Windows NT 6.1; WOW64) AppleWebKit/537.4 (KHTML, like Gecko) Chrome/22.0.1229.79 Safari/537.4"
10.34.26.40 - - [03/Oct/2012:15:35:33 -0500] "GET /favicon.ico HTTP/1.1" 404 504 "-" "Mozilla/5.0 (Windows NT 6.1; WOW64) AppleWebKit/537.4 (KHTML, like Gecko) Chrome/22.0.1229.79 Safari/537.4"
10.34.26.40 - - [03/Oct/2012:15:35:33 -0500] "GET /rails_jody/assets/jstree/themes/default/style.css HTTP/1.1" 304 179 "http://198.163.145.68/rails_jody/outcomes" "Mozilla/5.0 (Windows NT 6.1; WOW64) AppleWebKit/537.4 (KHTML, like Gecko) Chrome/22.0.1229.79 Safari/537.4"
10.34.26.40 - - [03/Oct/2012:15:35:45 -0500] "GET /rails_jody/outcomes/new HTTP/1.1" 304 526 "http://198.163.145.68/rails_jody/outcomes" "Mozilla/5.0 (Windows NT 6.1; WOW64) AppleWebKit/537.4 (KHTML, like Gecko) Chrome/22.0.1229.79 Safari/537.4"
