10.20.2.178 - - [29/Oct/2012:11:03:29 -0500] "GET /spinabifida/administrator/templates/bluestork/images/toolbar/icon-32-purge.png HTTP/1.1" 200 1907 "http://bitaction01.academic.rrc.ca/spinabifida/administrator/index.php?option=com_installer&view=languages" "Mozilla/5.0 (Windows NT 6.1) AppleWebKit/537.4 (KHTML, like Gecko) Chrome/22.0.1229.94 Safari/537.4"
10.20.2.178 - - [29/Oct/2012:11:03:29 -0500] "GET /spinabifida/media/system/images/sort_asc.png HTTP/1.1" 200 422 "http://bitaction01.academic.rrc.ca/spinabifida/administrator/index.php?option=com_installer&view=languages" "Mozilla/5.0 (Windows NT 6.1) AppleWebKit/537.4 (KHTML, like Gecko) Chrome/22.0.1229.94 Safari/537.4"
10.20.2.178 - - [29/Oct/2012:11:03:29 -0500] "GET /spinabifida/administrator/templates/bluestork/images/j_button2_right.png HTTP/1.1" 200 596 "http://bitaction01.academic.rrc.ca/spinabifida/administrator/index.php?option=com_installer&view=languages" "Mozilla/5.0 (Windows NT 6.1) AppleWebKit/537.4 (KHTML, like Gecko) Chrome/22.0.1229.94 Safari/537.4"
10.20.2.178 - - [29/Oct/2012:11:03:29 -0500] "GET /spinabifida/administrator/templates/bluestork/images/j_button2_first_off.png HTTP/1.1" 200 881 "http://bitaction01.academic.rrc.ca/spinabifida/administrator/index.php?option=com_installer&view=languages" "Mozilla/5.0 (Windows NT 6.1) AppleWebKit/537.4 (KHTML, like Gecko) Chrome/22.0.1229.94 Safari/537.4"
10.20.2.178 - - [29/Oct/2012:11:03:29 -0500] "GET /spinabifida/administrator/templates/bluestork/images/j_button2_prev_off.png HTTP/1.1" 200 862 "http://bitaction01.academic.rrc.ca/spinabifida/administrator/index.php?option=com_installer&view=languages" "Mozilla/5.0 (Windows NT 6.1) AppleWebKit/537.4 (KHTML, like Gecko) Chrome/22.0.1229.94 Safari/537.4"
10.20.2.178 - - [29/Oct/2012:11:03:29 -0500] "GET /spinabifida/administrator/templates/bluestork/images/j_button2_right_cap.png HTTP/1.1" 200 530 "http://bitaction01.academic.rrc.ca/spinabifida/administrator/index.php?option=com_installer&view=languages" "Mozilla/5.0 (Windows NT 6.1) AppleWebKit/537.4 (KHTML, like Gecko) Chrome/22.0.1229.94 Safari/537.4"
10.20.2.178 - - [29/Oct/2012:11:03:29 -0500] "GET /spinabifida/administrator/templates/bluestork/images/j_button2_next.png HTTP/1.1" 200 990 "http://bitaction01.academic.rrc.ca/spinabifida/administrator/index.php?option=com_installer&view=languages" "Mozilla/5.0 (Windows NT 6.1) AppleWebKit/537.4 (KHTML, like Gecko) Chrome/22.0.1229.94 Safari/537.4"
10.20.2.178 - - [29/Oct/2012:11:03:29 -0500] "GET /spinabifida/administrator/templates/bluestork/images/j_button2_last.png HTTP/1.1" 200 986 "http://bitaction01.academic.rrc.ca/spinabifida/administrator/index.php?option=com_installer&view=languages" "Mozilla/5.0 (Windows NT 6.1) AppleWebKit/537.4 (KHTML, like Gecko) Chrome/22.0.1229.94 Safari/537.4"
10.20.2.178 - - [29/Oct/2012:11:03:31 -0500] "GET /spinabifida/administrator/index.php?option=com_installer HTTP/1.1" 200 5781 "http://bitaction01.academic.rrc.ca/spinabifida/administrator/index.php?option=com_installer&view=languages" "Mozilla/5.0 (Windows NT 6.1) AppleWebKit/537.4 (KHTML, like Gecko) Chrome/22.0.1229.94 Safari/537.4"
74.216.41.92 - - [29/Oct/2012:11:03:32 -0500] "GET /spinabifida/directory HTTP/1.1" 404 519 "http://bitaction01.academic.rrc.ca/spinabifida/index.php" "Mozilla/4.0 (compatible; MSIE 8.0; Windows NT 5.1; Trident/4.0; GTB7.4; .NET CLR 1.1.4322; .NET CLR 2.0.50727; .NET CLR 3.0.4506.2152; .NET CLR 3.5.30729; BRI/2; OfficeLiveConnector.1.5; OfficeLivePatch.1.3)"
74.216.41.92 - - [29/Oct/2012:11:03:33 -0500] "GET /favicon.ico HTTP/1.1" 404 511 "-" "Mozilla/4.0 (compatible; MSIE 8.0; Windows NT 5.1; Trident/4.0; GTB7.4; .NET CLR 1.1.4322; .NET CLR 2.0.50727; .NET CLR 3.0.4506.2152; .NET CLR 3.5.30729; BRI/2; OfficeLiveConnector.1.5; OfficeLivePatch.1.3)"
10.20.2.178 - - [29/Oct/2012:11:03:34 -0500] "GET /spinabifida/administrator/index.php?option=com_installer&view=database HTTP/1.1" 200 5889 "http://bitaction01.academic.rrc.ca/spinabifida/administrator/index.php?option=com_installer" "Mozilla/5.0 (Windows NT 6.1) AppleWebKit/537.4 (KHTML, like Gecko) Chrome/22.0.1229.94 Safari/537.4"
74.216.41.92 - - [29/Oct/2012:11:03:36 -0500] "GET /spinabifida/index.php HTTP/1.1" 200 5057 "-" "Mozilla/4.0 (compatible; MSIE 8.0; Windows NT 5.1; Trident/4.0; GTB7.4; .NET CLR 1.1.4322; .NET CLR 2.0.50727; .NET CLR 3.0.4506.2152; .NET CLR 3.5.30729; BRI/2; OfficeLiveConnector.1.5; OfficeLivePatch.1.3)"
::1 - - [29/Oct/2012:11:03:46 -0500] "OPTIONS * HTTP/1.0" 200 152 "-" "Apache/2.2.16 (Debian) (internal dummy connection)"
74.216.41.92 - - [29/Oct/2012:11:03:46 -0500] "GET /spinabifida/research/researchhistory HTTP/1.1" 404 524 "http://bitaction01.academic.rrc.ca/spinabifida/index.php" "Mozilla/4.0 (compatible; MSIE 8.0; Windows NT 5.1; Trident/4.0; GTB7.4; .NET CLR 1.1.4322; .NET CLR 2.0.50727; .NET CLR 3.0.4506.2152; .NET CLR 3.5.30729; BRI/2; OfficeLiveConnector.1.5; OfficeLivePatch.1.3)"
74.216.41.92 - - [29/Oct/2012:11:03:49 -0500] "GET /spinabifida/index.php HTTP/1.1" 200 5057 "-" "Mozilla/4.0 (compatible; MSIE 8.0; Windows NT 5.1; Trident/4.0; GTB7.4; .NET CLR 1.1.4322; .NET CLR 2.0.50727; .NET CLR 3.0.4506.2152; .NET CLR 3.5.30729; BRI/2; OfficeLiveConnector.1.5; OfficeLivePatch.1.3)"
10.20.2.178 - - [29/Oct/2012:11:03:50 -0500] "GET /spinabifida/administrator/index.php HTTP/1.1" 200 6436 "http://bitaction01.academic.rrc.ca/spinabifida/administrator/index.php?option=com_installer&view=database" "Mozilla/5.0 (Windows NT 6.1) AppleWebKit/537.4 (KHTML, like Gecko) Chrome/22.0.1229.94 Safari/537.4"
10.20.2.178 - - [29/Oct/2012:11:03:51 -0500] "POST /spinabifida/administrator/index.php?option=com_installer&view=update&task=update.ajax HTTP/1.1" 200 295 "http://bitaction01.academic.rrc.ca/spinabifida/administrator/index.php" "Mozilla/5.0 (Windows NT 6.1) AppleWebKit/537.4 (KHTML, like Gecko) Chrome/22.0.1229.94 Safari/537.4"
10.20.2.178 - - [29/Oct/2012:11:03:53 -0500] "POST /spinabifida/administrator/index.php?option=com_installer&view=update&task=update.ajax HTTP/1.1" 200 295 "http://bitaction01.academic.rrc.ca/spinabifida/administrator/index.php" "Mozilla/5.0 (Windows NT 6.1) AppleWebKit/537.4 (KHTML, like Gecko) Chrome/22.0.1229.94 Safari/537.4"
10.20.2.178 - - [29/Oct/2012:11:03:58 -0500] "GET /spinabifida/administrator/index.php?option=com_users&view=users HTTP/1.1" 200 7886 "http://bitaction01.academic.rrc.ca/spinabifida/administrator/index.php" "Mozilla/5.0 (Windows NT 6.1) AppleWebKit/537.4 (KHTML, like Gecko) Chrome/22.0.1229.94 Safari/537.4"
10.20.2.178 - - [29/Oct/2012:11:03:59 -0500] "GET /spinabifida/administrator/templates/bluestork/images/toolbar/icon-32-new.png HTTP/1.1" 200 2416 "http://bitaction01.academic.rrc.ca/spinabifida/administrator/index.php?option=com_users&view=users" "Mozilla/5.0 (Windows NT 6.1) AppleWebKit/537.4 (KHTML, like Gecko) Chrome/22.0.1229.94 Safari/537.4"
10.20.2.178 - - [29/Oct/2012:11:03:59 -0500] "GET /spinabifida/administrator/templates/bluestork/images/toolbar/icon-32-edit.png HTTP/1.1" 200 2750 "http://bitaction01.academic.rrc.ca/spinabifida/administrator/index.php?option=com_users&view=users" "Mozilla/5.0 (Windows NT 6.1) AppleWebKit/537.4 (KHTML, like Gecko) Chrome/22.0.1229.94 Safari/537.4"
10.20.2.178 - - [29/Oct/2012:11:03:59 -0500] "GET /spinabifida/administrator/templates/bluestork/images/toolbar/icon-32-publish.png HTTP/1.1" 200 2766 "http://bitaction01.academic.rrc.ca/spinabifida/administrator/index.php?option=com_users&view=users" "Mozilla/5.0 (Windows NT 6.1) AppleWebKit/537.4 (KHTML, like Gecko) Chrome/22.0.1229.94 Safari/537.4"
10.20.2.178 - - [29/Oct/2012:11:03:59 -0500] "GET /spinabifida/administrator/templates/bluestork/images/toolbar/icon-32-unpublish.png HTTP/1.1" 200 2652 "http://bitaction01.academic.rrc.ca/spinabifida/administrator/index.php?option=com_users&view=users" "Mozilla/5.0 (Windows NT 6.1) AppleWebKit/537.4 (KHTML, like Gecko) Chrome/22.0.1229.94 Safari/537.4"
10.20.2.178 - - [29/Oct/2012:11:03:59 -0500] "GET /spinabifida/administrator/templates/bluestork/images/toolbar/icon-32-unblock.png HTTP/1.1" 200 2734 "http://bitaction01.academic.rrc.ca/spinabifida/administrator/index.php?option=com_users&view=users" "Mozilla/5.0 (Windows NT 6.1) AppleWebKit/537.4 (KHTML, like Gecko) Chrome/22.0.1229.94 Safari/537.4"
10.20.2.178 - - [29/Oct/2012:11:03:59 -0500] "GET /spinabifida/administrator/templates/bluestork/images/toolbar/icon-32-delete.png HTTP/1.1" 200 2389 "http://bitaction01.academic.rrc.ca/spinabifida/administrator/index.php?option=com_users&view=users" "Mozilla/5.0 (Windows NT 6.1) AppleWebKit/537.4 (KHTML, like Gecko) Chrome/22.0.1229.94 Safari/537.4"
10.20.2.178 - - [29/Oct/2012:11:03:59 -0500] "GET /spinabifida/administrator/templates/bluestork/images/admin/note_add_16.png HTTP/1.1" 200 3392 "http://bitaction01.academic.rrc.ca/spinabifida/administrator/index.php?option=com_users&view=users" "Mozilla/5.0 (Windows NT 6.1) AppleWebKit/537.4 (KHTML, like Gecko) Chrome/22.0.1229.94 Safari/537.4"
74.216.41.92 - - [29/Oct/2012:11:04:02 -0500] "GET /spinabifida/ HTTP/1.1" 200 5051 "http://bitaction01.academic.rrc.ca/spinabifida/index.php" "Mozilla/4.0 (compatible; MSIE 8.0; Windows NT 5.1; Trident/4.0; GTB7.4; .NET CLR 1.1.4322; .NET CLR 2.0.50727; .NET CLR 3.0.4506.2152; .NET CLR 3.5.30729; BRI/2; OfficeLiveConnector.1.5; OfficeLivePatch.1.3)"
74.216.41.92 - - [29/Oct/2012:11:04:05 -0500] "GET /spinabifida/sbhac HTTP/1.1" 404 517 "http://bitaction01.academic.rrc.ca/spinabifida/" "Mozilla/4.0 (compatible; MSIE 8.0; Windows NT 5.1; Trident/4.0; GTB7.4; .NET CLR 1.1.4322; .NET CLR 2.0.50727; .NET CLR 3.0.4506.2152; .NET CLR 3.5.30729; BRI/2; OfficeLiveConnector.1.5; OfficeLivePatch.1.3)"
74.216.41.92 - - [29/Oct/2012:11:04:07 -0500] "GET /spinabifida/ HTTP/1.1" 200 5051 "http://bitaction01.academic.rrc.ca/spinabifida/index.php" "Mozilla/4.0 (compatible; MSIE 8.0; Windows NT 5.1; Trident/4.0; GTB7.4; .NET CLR 1.1.4322; .NET CLR 2.0.50727; .NET CLR 3.0.4506.2152; .NET CLR 3.5.30729; BRI/2; OfficeLiveConnector.1.5; OfficeLivePatch.1.3)"
10.20.2.178 - - [29/Oct/2012:11:04:09 -0500] "POST /spinabifida/administrator/index.php?option=com_installer&view=update&task=update.ajax HTTP/1.1" 200 295 "http://bitaction01.academic.rrc.ca/spinabifida/administrator/index.php" "Mozilla/5.0 (Windows NT 6.1) AppleWebKit/537.4 (KHTML, like Gecko) Chrome/22.0.1229.94 Safari/537.4"
10.20.2.178 - - [29/Oct/2012:11:04:11 -0500] "POST /spinabifida/administrator/index.php?option=com_installer&view=update&task=update.ajax HTTP/1.1" 200 295 "http://bitaction01.academic.rrc.ca/spinabifida/administrator/index.php" "Mozilla/5.0 (Windows NT 6.1) AppleWebKit/537.4 (KHTML, like Gecko) Chrome/22.0.1229.94 Safari/537.4"
74.216.41.92 - - [29/Oct/2012:11:04:13 -0500] "GET /spinabifida/fr/ HTTP/1.1" 404 515 "http://bitaction01.academic.rrc.ca/spinabifida/" "Mozilla/4.0 (compatible; MSIE 8.0; Windows NT 5.1; Trident/4.0; GTB7.4; .NET CLR 1.1.4322; .NET CLR 2.0.50727; .NET CLR 3.0.4506.2152; .NET CLR 3.5.30729; BRI/2; OfficeLiveConnector.1.5; OfficeLivePatch.1.3)"
10.20.2.178 - - [29/Oct/2012:11:04:14 -0500] "GET /spinabifida/ HTTP/1.1" 200 5043 "http://bitaction01.academic.rrc.ca/spinabifida/administrator/index.php" "Mozilla/5.0 (Windows NT 6.1) AppleWebKit/537.4 (KHTML, like Gecko) Chrome/22.0.1229.94 Safari/537.4"
184.151.222.94 - - [29/Oct/2012:11:04:15 -0500] "GET /spinabifida/index.php HTTP/1.1" 200 3059 "-" "Mozilla/5.0 (iPhone; CPU iPhone OS 6_0 like Mac OS X) AppleWebKit/536.26 (KHTML, like Gecko) Version/6.0 Mobile/10A403 Safari/8536.25"
184.151.222.94 - - [29/Oct/2012:11:04:16 -0500] "GET /spinabifida/plugins/system/jvframework/jvframework/basethemes/css/typo.css HTTP/1.1" 200 2542 "http://bitaction01.academic.rrc.ca/spinabifida/index.php" "Mozilla/5.0 (iPhone; CPU iPhone OS 6_0 like Mac OS X) AppleWebKit/536.26 (KHTML, like Gecko) Version/6.0 Mobile/10A403 Safari/8536.25"
184.151.222.94 - - [29/Oct/2012:11:04:16 -0500] "GET /spinabifida/templates/jv-framework/themes/jv-melody/css/css3.css HTTP/1.1" 200 447 "http://bitaction01.academic.rrc.ca/spinabifida/index.php" "Mozilla/5.0 (iPhone; CPU iPhone OS 6_0 like Mac OS X) AppleWebKit/536.26 (KHTML, like Gecko) Version/6.0 Mobile/10A403 Safari/8536.25"
184.151.222.94 - - [29/Oct/2012:11:04:16 -0500] "GET /spinabifida/templates/jv-framework/themes/jv-melody/css/layout.css HTTP/1.1" 200 2239 "http://bitaction01.academic.rrc.ca/spinabifida/index.php" "Mozilla/5.0 (iPhone; CPU iPhone OS 6_0 like Mac OS X) AppleWebKit/536.26 (KHTML, like Gecko) Version/6.0 Mobile/10A403 Safari/8536.25"
184.151.222.94 - - [29/Oct/2012:11:04:16 -0500] "GET /spinabifida/plugins/jvframework/usertool/usertool/assets/css/usertool.css HTTP/1.1" 200 1033 "http://bitaction01.academic.rrc.ca/spinabifida/index.php" "Mozilla/5.0 (iPhone; CPU iPhone OS 6_0 like Mac OS X) AppleWebKit/536.26 (KHTML, like Gecko) Version/6.0 Mobile/10A403 Safari/8536.25"
184.151.222.94 - - [29/Oct/2012:11:04:16 -0500] "GET /spinabifida/templates/jv-framework/themes/jv-melody/css/iphone.css HTTP/1.1" 200 1087 "http://bitaction01.academic.rrc.ca/spinabifida/index.php" "Mozilla/5.0 (iPhone; CPU iPhone OS 6_0 like Mac OS X) AppleWebKit/536.26 (KHTML, like Gecko) Version/6.0 Mobile/10A403 Safari/8536.25"
184.151.222.94 - - [29/Oct/2012:11:04:16 -0500] "GET /spinabifida/templates/jv-framework/themes/jv-melody/css/template.css HTTP/1.1" 200 1398 "http://bitaction01.academic.rrc.ca/spinabifida/index.php" "Mozilla/5.0 (iPhone; CPU iPhone OS 6_0 like Mac OS X) AppleWebKit/536.26 (KHTML, like Gecko) Version/6.0 Mobile/10A403 Safari/8536.25"
74.216.41.92 - - [29/Oct/2012:11:04:16 -0500] "GET /spinabifida/ HTTP/1.1" 200 5051 "http://bitaction01.academic.rrc.ca/spinabifida/index.php" "Mozilla/4.0 (compatible; MSIE 8.0; Windows NT 5.1; Trident/4.0; GTB7.4; .NET CLR 1.1.4322; .NET CLR 2.0.50727; .NET CLR 3.0.4506.2152; .NET CLR 3.5.30729; BRI/2; OfficeLiveConnector.1.5; OfficeLivePatch.1.3)"
184.151.222.94 - - [29/Oct/2012:11:04:16 -0500] "GET /spinabifida/templates/jv-framework/themes/jv-melody/css/colors/black.css HTTP/1.1" 200 359 "http://bitaction01.academic.rrc.ca/spinabifida/index.php" "Mozilla/5.0 (iPhone; CPU iPhone OS 6_0 like Mac OS X) AppleWebKit/536.26 (KHTML, like Gecko) Version/6.0 Mobile/10A403 Safari/8536.25"
184.151.222.94 - - [29/Oct/2012:11:04:17 -0500] "GET /spinabifida/media/system/js/mootools-core.js HTTP/1.1" 200 31453 "http://bitaction01.academic.rrc.ca/spinabifida/index.php" "Mozilla/5.0 (iPhone; CPU iPhone OS 6_0 like Mac OS X) AppleWebKit/536.26 (KHTML, like Gecko) Version/6.0 Mobile/10A403 Safari/8536.25"
184.151.222.94 - - [29/Oct/2012:11:04:17 -0500] "GET /spinabifida/media/system/js/core.js HTTP/1.1" 200 2067 "http://bitaction01.academic.rrc.ca/spinabifida/index.php" "Mozilla/5.0 (iPhone; CPU iPhone OS 6_0 like Mac OS X) AppleWebKit/536.26 (KHTML, like Gecko) Version/6.0 Mobile/10A403 Safari/8536.25"
184.151.222.94 - - [29/Oct/2012:11:04:17 -0500] "GET /spinabifida/media/system/js/caption.js HTTP/1.1" 200 755 "http://bitaction01.academic.rrc.ca/spinabifida/index.php" "Mozilla/5.0 (iPhone; CPU iPhone OS 6_0 like Mac OS X) AppleWebKit/536.26 (KHTML, like Gecko) Version/6.0 Mobile/10A403 Safari/8536.25"
184.151.222.94 - - [29/Oct/2012:11:04:17 -0500] "GET /spinabifida/plugins/system/jvframework/jvframework/basethemes/js/menu.js HTTP/1.1" 404 549 "http://bitaction01.academic.rrc.ca/spinabifida/index.php" "Mozilla/5.0 (iPhone; CPU iPhone OS 6_0 like Mac OS X) AppleWebKit/536.26 (KHTML, like Gecko) Version/6.0 Mobile/10A403 Safari/8536.25"
184.151.222.94 - - [29/Oct/2012:11:04:17 -0500] "GET /spinabifida/plugins/system/jvframework/jvframework/basethemes/js/jv.js HTTP/1.1" 200 1035 "http://bitaction01.academic.rrc.ca/spinabifida/index.php" "Mozilla/5.0 (iPhone; CPU iPhone OS 6_0 like Mac OS X) AppleWebKit/536.26 (KHTML, like Gecko) Version/6.0 Mobile/10A403 Safari/8536.25"
184.151.222.94 - - [29/Oct/2012:11:04:17 -0500] "GET /spinabifida/media/system/js/mootools-more.js HTTP/1.1" 200 68455 "http://bitaction01.academic.rrc.ca/spinabifida/index.php" "Mozilla/5.0 (iPhone; CPU iPhone OS 6_0 like Mac OS X) AppleWebKit/536.26 (KHTML, like Gecko) Version/6.0 Mobile/10A403 Safari/8536.25"
10.20.2.178 - - [29/Oct/2012:11:04:17 -0500] "GET /spinabifida/sbhac HTTP/1.1" 404 517 "http://bitaction01.academic.rrc.ca/spinabifida/" "Mozilla/5.0 (Windows NT 6.1) AppleWebKit/537.4 (KHTML, like Gecko) Chrome/22.0.1229.94 Safari/537.4"
10.20.2.178 - - [29/Oct/2012:11:04:18 -0500] "GET /favicon.ico HTTP/1.1" 404 511 "-" "Mozilla/5.0 (Windows NT 6.1) AppleWebKit/537.4 (KHTML, like Gecko) Chrome/22.0.1229.94 Safari/537.4"
184.151.222.94 - - [29/Oct/2012:11:04:18 -0500] "GET /spinabifida/plugins/jvframework/usertool/usertool/assets/js/usertools.js HTTP/1.1" 200 1952 "http://bitaction01.academic.rrc.ca/spinabifida/index.php" "Mozilla/5.0 (iPhone; CPU iPhone OS 6_0 like Mac OS X) AppleWebKit/536.26 (KHTML, like Gecko) Version/6.0 Mobile/10A403 Safari/8536.25"
184.151.222.94 - - [29/Oct/2012:11:04:21 -0500] "GET /spinabifida/images/logo-en.png HTTP/1.1" 200 18898 "http://bitaction01.academic.rrc.ca/spinabifida/index.php" "Mozilla/5.0 (iPhone; CPU iPhone OS 6_0 like Mac OS X) AppleWebKit/536.26 (KHTML, like Gecko) Version/6.0 Mobile/10A403 Safari/8536.25"
184.151.222.94 - - [29/Oct/2012:11:04:21 -0500] "GET /spinabifida/templates/jv-framework/themes/jv-melody/images/iphone/icon_resize.png HTTP/1.1" 200 3619 "http://bitaction01.academic.rrc.ca/spinabifida/index.php" "Mozilla/5.0 (iPhone; CPU iPhone OS 6_0 like Mac OS X) AppleWebKit/536.26 (KHTML, like Gecko) Version/6.0 Mobile/10A403 Safari/8536.25"
184.151.222.94 - - [29/Oct/2012:11:04:21 -0500] "GET /spinabifida/templates/jv-framework/themes/jv-melody/images/iphone/search.png HTTP/1.1" 200 3832 "http://bitaction01.academic.rrc.ca/spinabifida/index.php" "Mozilla/5.0 (iPhone; CPU iPhone OS 6_0 like Mac OS X) AppleWebKit/536.26 (KHTML, like Gecko) Version/6.0 Mobile/10A403 Safari/8536.25"
184.151.222.94 - - [29/Oct/2012:11:04:21 -0500] "GET /spinabifida/templates/jv-framework/themes/jv-melody/images/iphone/login.png HTTP/1.1" 200 3688 "http://bitaction01.academic.rrc.ca/spinabifida/index.php" "Mozilla/5.0 (iPhone; CPU iPhone OS 6_0 like Mac OS X) AppleWebKit/536.26 (KHTML, like Gecko) Version/6.0 Mobile/10A403 Safari/8536.25"
10.20.2.178 - - [29/Oct/2012:11:04:21 -0500] "GET /spinabifida/sbhac/board HTTP/1.1" 404 519 "http://bitaction01.academic.rrc.ca/spinabifida/" "Mozilla/5.0 (Windows NT 6.1) AppleWebKit/537.4 (KHTML, like Gecko) Chrome/22.0.1229.94 Safari/537.4"
10.20.2.178 - - [29/Oct/2012:11:04:21 -0500] "GET /favicon.ico HTTP/1.1" 404 511 "-" "Mozilla/5.0 (Windows NT 6.1) AppleWebKit/537.4 (KHTML, like Gecko) Chrome/22.0.1229.94 Safari/537.4"
::1 - - [29/Oct/2012:11:04:29 -0500] "OPTIONS * HTTP/1.0" 200 152 "-" "Apache/2.2.16 (Debian) (internal dummy connection)"
::1 - - [29/Oct/2012:11:04:30 -0500] "OPTIONS * HTTP/1.0" 200 152 "-" "Apache/2.2.16 (Debian) (internal dummy connection)"
::1 - - [29/Oct/2012:11:04:31 -0500] "OPTIONS * HTTP/1.0" 200 152 "-" "Apache/2.2.16 (Debian) (internal dummy connection)"
10.20.2.178 - - [29/Oct/2012:11:04:31 -0500] "GET /spinabifida/administrator/index.php?option=com_admin&view=sysinfo HTTP/1.1" 200 16816 "http://bitaction01.academic.rrc.ca/spinabifida/administrator/index.php" "Mozilla/5.0 (Windows NT 6.1) AppleWebKit/537.4 (KHTML, like Gecko) Chrome/22.0.1229.94 Safari/537.4"
10.20.2.178 - - [29/Oct/2012:11:04:31 -0500] "GET /spinabifida/administrator/templates/bluestork/images/header/icon-48-info.png HTTP/1.1" 200 2562 "http://bitaction01.academic.rrc.ca/spinabifida/administrator/index.php?option=com_admin&view=sysinfo" "Mozilla/5.0 (Windows NT 6.1) AppleWebKit/537.4 (KHTML, like Gecko) Chrome/22.0.1229.94 Safari/537.4"
10.20.2.178 - - [29/Oct/2012:11:04:31 -0500] "GET /spinabifida/administrator/index.php?=SUHO8567F54-D428-14d2-A769-00DA302A5F18 HTTP/1.1" 200 3043 "http://bitaction01.academic.rrc.ca/spinabifida/administrator/index.php?option=com_admin&view=sysinfo" "Mozilla/5.0 (Windows NT 6.1) AppleWebKit/537.4 (KHTML, like Gecko) Chrome/22.0.1229.94 Safari/537.4"
10.20.2.178 - - [29/Oct/2012:11:04:31 -0500] "GET /spinabifida/administrator/index.php?=PHPE9568F34-D428-11d2-A769-00AA001ACF42 HTTP/1.1" 200 2753 "http://bitaction01.academic.rrc.ca/spinabifida/administrator/index.php?option=com_admin&view=sysinfo" "Mozilla/5.0 (Windows NT 6.1) AppleWebKit/537.4 (KHTML, like Gecko) Chrome/22.0.1229.94 Safari/537.4"
10.20.2.178 - - [29/Oct/2012:11:04:31 -0500] "GET /spinabifida/administrator/index.php?=PHPE9568F35-D428-11d2-A769-00AA001ACF42 HTTP/1.1" 200 2375 "http://bitaction01.academic.rrc.ca/spinabifida/administrator/index.php?option=com_admin&view=sysinfo" "Mozilla/5.0 (Windows NT 6.1) AppleWebKit/537.4 (KHTML, like Gecko) Chrome/22.0.1229.94 Safari/537.4"
::1 - - [29/Oct/2012:11:04:49 -0500] "OPTIONS * HTTP/1.0" 200 152 "-" "Apache/2.2.16 (Debian) (internal dummy connection)"
::1 - - [29/Oct/2012:11:04:50 -0500] "OPTIONS * HTTP/1.0" 200 152 "-" "Apache/2.2.16 (Debian) (internal dummy connection)"
::1 - - [29/Oct/2012:11:04:51 -0500] "OPTIONS * HTTP/1.0" 200 152 "-" "Apache/2.2.16 (Debian) (internal dummy connection)"
10.20.2.178 - - [29/Oct/2012:11:05:51 -0500] "GET /spinabifida/administrator/index.php?option=com_sobipro&task=config HTTP/1.1" 200 9974 "http://bitaction01.academic.rrc.ca/spinabifida/administrator/index.php?option=com_admin&view=sysinfo" "Mozilla/5.0 (Windows NT 6.1) AppleWebKit/537.4 (KHTML, like Gecko) Chrome/22.0.1229.94 Safari/537.4"
10.20.2.178 - - [29/Oct/2012:11:05:52 -0500] "GET /spinabifida/media/sobipro/css/adm/sobipro.css HTTP/1.1" 200 2629 "http://bitaction01.academic.rrc.ca/spinabifida/administrator/index.php?option=com_sobipro&task=config" "Mozilla/5.0 (Windows NT 6.1) AppleWebKit/537.4 (KHTML, like Gecko) Chrome/22.0.1229.94 Safari/537.4"
10.20.2.178 - - [29/Oct/2012:11:05:52 -0500] "GET /spinabifida/media/sobipro/css/adm/menu.css HTTP/1.1" 200 1097 "http://bitaction01.academic.rrc.ca/spinabifida/administrator/index.php?option=com_sobipro&task=config" "Mozilla/5.0 (Windows NT 6.1) AppleWebKit/537.4 (KHTML, like Gecko) Chrome/22.0.1229.94 Safari/537.4"
10.20.2.178 - - [29/Oct/2012:11:05:52 -0500] "GET /spinabifida/media/sobipro/css/adm/dtree.css HTTP/1.1" 200 698 "http://bitaction01.academic.rrc.ca/spinabifida/administrator/index.php?option=com_sobipro&task=config" "Mozilla/5.0 (Windows NT 6.1) AppleWebKit/537.4 (KHTML, like Gecko) Chrome/22.0.1229.94 Safari/537.4"
10.20.2.178 - - [29/Oct/2012:11:05:52 -0500] "GET /spinabifida/media/sobipro/css/adm/tabs.css HTTP/1.1" 200 1289 "http://bitaction01.academic.rrc.ca/spinabifida/administrator/index.php?option=com_sobipro&task=config" "Mozilla/5.0 (Windows NT 6.1) AppleWebKit/537.4 (KHTML, like Gecko) Chrome/22.0.1229.94 Safari/537.4"
10.20.2.178 - - [29/Oct/2012:11:05:52 -0500] "GET /spinabifida/components/com_sobipro/lib/js/sobipro.js HTTP/1.1" 200 3011 "http://bitaction01.academic.rrc.ca/spinabifida/administrator/index.php?option=com_sobipro&task=config" "Mozilla/5.0 (Windows NT 6.1) AppleWebKit/537.4 (KHTML, like Gecko) Chrome/22.0.1229.94 Safari/537.4"
10.20.2.178 - - [29/Oct/2012:11:05:52 -0500] "GET /spinabifida/components/com_sobipro/lib/js/adm/sobipro.js HTTP/1.1" 200 1485 "http://bitaction01.academic.rrc.ca/spinabifida/administrator/index.php?option=com_sobipro&task=config" "Mozilla/5.0 (Windows NT 6.1) AppleWebKit/537.4 (KHTML, like Gecko) Chrome/22.0.1229.94 Safari/537.4"
10.20.2.178 - - [29/Oct/2012:11:05:52 -0500] "GET /spinabifida/components/com_sobipro/lib/js/adm/menu.js HTTP/1.1" 200 989 "http://bitaction01.academic.rrc.ca/spinabifida/administrator/index.php?option=com_sobipro&task=config" "Mozilla/5.0 (Windows NT 6.1) AppleWebKit/537.4 (KHTML, like Gecko) Chrome/22.0.1229.94 Safari/537.4"
10.20.2.178 - - [29/Oct/2012:11:05:52 -0500] "GET /spinabifida/components/com_sobipro/lib/js/dtree.js HTTP/1.1" 200 2624 "http://bitaction01.academic.rrc.ca/spinabifida/administrator/index.php?option=com_sobipro&task=config" "Mozilla/5.0 (Windows NT 6.1) AppleWebKit/537.4 (KHTML, like Gecko) Chrome/22.0.1229.94 Safari/537.4"
10.20.2.178 - - [29/Oct/2012:11:05:52 -0500] "GET /spinabifida/components/com_sobipro/lib/js/tabs.js HTTP/1.1" 200 3443 "http://bitaction01.academic.rrc.ca/spinabifida/administrator/index.php?option=com_sobipro&task=config" "Mozilla/5.0 (Windows NT 6.1) AppleWebKit/537.4 (KHTML, like Gecko) Chrome/22.0.1229.94 Safari/537.4"
10.20.2.178 - - [29/Oct/2012:11:05:52 -0500] "GET /spinabifida/administrator/index.php?option=com_sobipro&task=txt.js&tmpl=component HTTP/1.1" 200 2904 "http://bitaction01.academic.rrc.ca/spinabifida/administrator/index.php?option=com_sobipro&task=config" "Mozilla/5.0 (Windows NT 6.1) AppleWebKit/537.4 (KHTML, like Gecko) Chrome/22.0.1229.94 Safari/537.4"
10.20.2.178 - - [29/Oct/2012:11:05:52 -0500] "GET /spinabifida/media/sobipro/32x32/document-save.png HTTP/1.1" 200 1635 "http://bitaction01.academic.rrc.ca/spinabifida/administrator/index.php?option=com_sobipro&task=config" "Mozilla/5.0 (Windows NT 6.1) AppleWebKit/537.4 (KHTML, like Gecko) Chrome/22.0.1229.94 Safari/537.4"
10.20.2.178 - - [29/Oct/2012:11:05:52 -0500] "GET /spinabifida/media/sobipro/32x32/sobipro-help.png HTTP/1.1" 200 1912 "http://bitaction01.academic.rrc.ca/spinabifida/administrator/index.php?option=com_sobipro&task=config" "Mozilla/5.0 (Windows NT 6.1) AppleWebKit/537.4 (KHTML, like Gecko) Chrome/22.0.1229.94 Safari/537.4"
10.20.2.178 - - [29/Oct/2012:11:05:52 -0500] "GET /spinabifida/media/sobipro/48x48/folder-configuration.png HTTP/1.1" 200 3766 "http://bitaction01.academic.rrc.ca/spinabifida/administrator/index.php?option=com_sobipro&task=config" "Mozilla/5.0 (Windows NT 6.1) AppleWebKit/537.4 (KHTML, like Gecko) Chrome/22.0.1229.94 Safari/537.4"
10.20.2.178 - - [29/Oct/2012:11:05:52 -0500] "GET /spinabifida//media/sobipro/sobipro-menu.png HTTP/1.1" 200 5916 "http://bitaction01.academic.rrc.ca/spinabifida/administrator/index.php?option=com_sobipro&task=config" "Mozilla/5.0 (Windows NT 6.1) AppleWebKit/537.4 (KHTML, like Gecko) Chrome/22.0.1229.94 Safari/537.4"
10.20.2.178 - - [29/Oct/2012:11:05:52 -0500] "GET /spinabifida//media/sobipro/donate.png HTTP/1.1" 200 1099 "http://bitaction01.academic.rrc.ca/spinabifida/administrator/index.php?option=com_sobipro&task=config" "Mozilla/5.0 (Windows NT 6.1) AppleWebKit/537.4 (KHTML, like Gecko) Chrome/22.0.1229.94 Safari/537.4"
10.20.2.178 - - [29/Oct/2012:11:05:52 -0500] "GET /spinabifida/media/sobipro/tree/base.gif HTTP/1.1" 200 1333 "http://bitaction01.academic.rrc.ca/spinabifida/administrator/index.php?option=com_sobipro&task=config" "Mozilla/5.0 (Windows NT 6.1) AppleWebKit/537.4 (KHTML, like Gecko) Chrome/22.0.1229.94 Safari/537.4"
10.20.2.178 - - [29/Oct/2012:11:05:52 -0500] "GET /spinabifida/media/sobipro/tree/plus.gif HTTP/1.1" 200 379 "http://bitaction01.academic.rrc.ca/spinabifida/administrator/index.php?option=com_sobipro&task=config" "Mozilla/5.0 (Windows NT 6.1) AppleWebKit/537.4 (KHTML, like Gecko) Chrome/22.0.1229.94 Safari/537.4"
10.20.2.178 - - [29/Oct/2012:11:05:52 -0500] "GET /spinabifida/media/sobipro/tree/imgfolder.gif HTTP/1.1" 200 914 "http://bitaction01.academic.rrc.ca/spinabifida/administrator/index.php?option=com_sobipro&task=config" "Mozilla/5.0 (Windows NT 6.1) AppleWebKit/537.4 (KHTML, like Gecko) Chrome/22.0.1229.94 Safari/537.4"
10.20.2.178 - - [29/Oct/2012:11:05:52 -0500] "GET /spinabifida/media/sobipro/tree/line.gif HTTP/1.1" 200 356 "http://bitaction01.academic.rrc.ca/spinabifida/administrator/index.php?option=com_sobipro&task=config" "Mozilla/5.0 (Windows NT 6.1) AppleWebKit/537.4 (KHTML, like Gecko) Chrome/22.0.1229.94 Safari/537.4"
10.20.2.178 - - [29/Oct/2012:11:05:52 -0500] "GET /spinabifida/media/sobipro/tree/join.gif HTTP/1.1" 200 359 "http://bitaction01.academic.rrc.ca/spinabifida/administrator/index.php?option=com_sobipro&task=config" "Mozilla/5.0 (Windows NT 6.1) AppleWebKit/537.4 (KHTML, like Gecko) Chrome/22.0.1229.94 Safari/537.4"
10.20.2.178 - - [29/Oct/2012:11:05:52 -0500] "GET /spinabifida/media/sobipro/tree/info.png HTTP/1.1" 200 1480 "http://bitaction01.academic.rrc.ca/spinabifida/administrator/index.php?option=com_sobipro&task=config" "Mozilla/5.0 (Windows NT 6.1) AppleWebKit/537.4 (KHTML, like Gecko) Chrome/22.0.1229.94 Safari/537.4"
10.20.2.178 - - [29/Oct/2012:11:05:52 -0500] "GET /spinabifida/media/sobipro/tree/folder.gif HTTP/1.1" 200 664 "http://bitaction01.academic.rrc.ca/spinabifida/administrator/index.php?option=com_sobipro&task=config" "Mozilla/5.0 (Windows NT 6.1) AppleWebKit/537.4 (KHTML, like Gecko) Chrome/22.0.1229.94 Safari/537.4"
10.20.2.178 - - [29/Oct/2012:11:05:52 -0500] "GET /spinabifida/media/sobipro/tree/joinbottom.gif HTTP/1.1" 200 356 "http://bitaction01.academic.rrc.ca/spinabifida/administrator/index.php?option=com_sobipro&task=config" "Mozilla/5.0 (Windows NT 6.1) AppleWebKit/537.4 (KHTML, like Gecko) Chrome/22.0.1229.94 Safari/537.4"
10.20.2.178 - - [29/Oct/2012:11:05:52 -0500] "GET /spinabifida/media/sobipro/tree/xml.png HTTP/1.1" 200 1101 "http://bitaction01.academic.rrc.ca/spinabifida/administrator/index.php?option=com_sobipro&task=config" "Mozilla/5.0 (Windows NT 6.1) AppleWebKit/537.4 (KHTML, like Gecko) Chrome/22.0.1229.94 Safari/537.4"
10.20.2.178 - - [29/Oct/2012:11:05:52 -0500] "GET /spinabifida/media/sobipro/tree/css.png HTTP/1.1" 200 1221 "http://bitaction01.academic.rrc.ca/spinabifida/administrator/index.php?option=com_sobipro&task=config" "Mozilla/5.0 (Windows NT 6.1) AppleWebKit/537.4 (KHTML, like Gecko) Chrome/22.0.1229.94 Safari/537.4"
10.20.2.178 - - [29/Oct/2012:11:05:52 -0500] "GET /spinabifida/media/sobipro/tree/page.gif HTTP/1.1" 200 874 "http://bitaction01.academic.rrc.ca/spinabifida/administrator/index.php?option=com_sobipro&task=config" "Mozilla/5.0 (Windows NT 6.1) AppleWebKit/537.4 (KHTML, like Gecko) Chrome/22.0.1229.94 Safari/537.4"
10.20.2.178 - - [29/Oct/2012:11:05:52 -0500] "GET /spinabifida/media/sobipro/tree/php.png HTTP/1.1" 200 1053 "http://bitaction01.academic.rrc.ca/spinabifida/administrator/index.php?option=com_sobipro&task=config" "Mozilla/5.0 (Windows NT 6.1) AppleWebKit/537.4 (KHTML, like Gecko) Chrome/22.0.1229.94 Safari/537.4"
10.20.2.178 - - [29/Oct/2012:11:05:52 -0500] "GET /spinabifida/media/sobipro/tree/plusbottom.gif HTTP/1.1" 200 378 "http://bitaction01.academic.rrc.ca/spinabifida/administrator/index.php?option=com_sobipro&task=config" "Mozilla/5.0 (Windows NT 6.1) AppleWebKit/537.4 (KHTML, like Gecko) Chrome/22.0.1229.94 Safari/537.4"
10.20.2.178 - - [29/Oct/2012:11:05:52 -0500] "GET /spinabifida/media/sobipro/tree/empty.gif HTTP/1.1" 200 352 "http://bitaction01.academic.rrc.ca/spinabifida/administrator/index.php?option=com_sobipro&task=config" "Mozilla/5.0 (Windows NT 6.1) AppleWebKit/537.4 (KHTML, like Gecko) Chrome/22.0.1229.94 Safari/537.4"
10.20.2.178 - - [29/Oct/2012:11:05:52 -0500] "GET /spinabifida/media/sobipro/tree/img.png HTTP/1.1" 200 3722 "http://bitaction01.academic.rrc.ca/spinabifida/administrator/index.php?option=com_sobipro&task=config" "Mozilla/5.0 (Windows NT 6.1) AppleWebKit/537.4 (KHTML, like Gecko) Chrome/22.0.1229.94 Safari/537.4"
10.20.2.178 - - [29/Oct/2012:11:05:56 -0500] "GET /spinabifida/administrator/index.php?option=com_sobipro&task=requirements HTTP/1.1" 200 3853 "http://bitaction01.academic.rrc.ca/spinabifida/administrator/index.php?option=com_sobipro&task=config" "Mozilla/5.0 (Windows NT 6.1) AppleWebKit/537.4 (KHTML, like Gecko) Chrome/22.0.1229.94 Safari/537.4"
10.20.2.178 - - [29/Oct/2012:11:05:56 -0500] "GET /spinabifida/components/com_sobipro/lib/js/adm/requirements.js HTTP/1.1" 200 1841 "http://bitaction01.academic.rrc.ca/spinabifida/administrator/index.php?option=com_sobipro&task=requirements" "Mozilla/5.0 (Windows NT 6.1) AppleWebKit/537.4 (KHTML, like Gecko) Chrome/22.0.1229.94 Safari/537.4"
10.20.2.178 - - [29/Oct/2012:11:05:56 -0500] "GET /spinabifida/components/com_sobipro/lib/js/advajax.js HTTP/1.1" 200 4087 "http://bitaction01.academic.rrc.ca/spinabifida/administrator/index.php?option=com_sobipro&task=requirements" "Mozilla/5.0 (Windows NT 6.1) AppleWebKit/537.4 (KHTML, like Gecko) Chrome/22.0.1229.94 Safari/537.4"
10.20.2.178 - - [29/Oct/2012:11:05:56 -0500] "GET /spinabifida/administrator/index.php?option=com_sobipro&task=txt.js&tmpl=component HTTP/1.1" 200 2904 "http://bitaction01.academic.rrc.ca/spinabifida/administrator/index.php?option=com_sobipro&task=requirements" "Mozilla/5.0 (Windows NT 6.1) AppleWebKit/537.4 (KHTML, like Gecko) Chrome/22.0.1229.94 Safari/537.4"
10.20.2.178 - - [29/Oct/2012:11:05:57 -0500] "GET /spinabifida//media/sobipro/16x16/flag-green.png HTTP/1.1" 200 2024 "http://bitaction01.academic.rrc.ca/spinabifida/administrator/index.php?option=com_sobipro&task=requirements" "Mozilla/5.0 (Windows NT 6.1) AppleWebKit/537.4 (KHTML, like Gecko) Chrome/22.0.1229.94 Safari/537.4"
10.20.2.178 - - [29/Oct/2012:11:05:57 -0500] "GET /spinabifida//media/sobipro/16x16/flag-yellow.png HTTP/1.1" 200 1938 "http://bitaction01.academic.rrc.ca/spinabifida/administrator/index.php?option=com_sobipro&task=requirements" "Mozilla/5.0 (Windows NT 6.1) AppleWebKit/537.4 (KHTML, like Gecko) Chrome/22.0.1229.94 Safari/537.4"
10.20.2.178 - - [29/Oct/2012:11:05:57 -0500] "GET /spinabifida//media/sobipro/16x16/flag-red.png HTTP/1.1" 200 1949 "http://bitaction01.academic.rrc.ca/spinabifida/administrator/index.php?option=com_sobipro&task=requirements" "Mozilla/5.0 (Windows NT 6.1) AppleWebKit/537.4 (KHTML, like Gecko) Chrome/22.0.1229.94 Safari/537.4"
10.20.2.178 - - [29/Oct/2012:11:05:57 -0500] "GET /spinabifida/media/sobipro/styles/spinner.gif HTTP/1.1" 200 1862 "http://bitaction01.academic.rrc.ca/spinabifida/administrator/index.php?option=com_sobipro&task=requirements" "Mozilla/5.0 (Windows NT 6.1) AppleWebKit/537.4 (KHTML, like Gecko) Chrome/22.0.1229.94 Safari/537.4"
10.20.2.178 - - [29/Oct/2012:11:05:57 -0500] "GET /spinabifida/administrator/index.php?option=com_sobipro&task=requirements.cmsFtp&retry=5&_uniqid=263328145 HTTP/1.1" 200 620 "http://bitaction01.academic.rrc.ca/spinabifida/administrator/index.php?option=com_sobipro&task=requirements" "Mozilla/5.0 (Windows NT 6.1) AppleWebKit/537.4 (KHTML, like Gecko) Chrome/22.0.1229.94 Safari/537.4"
10.20.2.178 - - [29/Oct/2012:11:05:57 -0500] "GET /spinabifida/administrator/index.php?option=com_sobipro&task=requirements.webServer&retry=5&_uniqid=2633281580 HTTP/1.1" 200 670 "http://bitaction01.academic.rrc.ca/spinabifida/administrator/index.php?option=com_sobipro&task=requirements" "Mozilla/5.0 (Windows NT 6.1) AppleWebKit/537.4 (KHTML, like Gecko) Chrome/22.0.1229.94 Safari/537.4"
10.20.2.178 - - [29/Oct/2012:11:05:57 -0500] "GET /spinabifida/administrator/index.php?option=com_sobipro&task=requirements.cmsEncoding&retry=5&_uniqid=2633281532 HTTP/1.1" 200 668 "http://bitaction01.academic.rrc.ca/spinabifida/administrator/index.php?option=com_sobipro&task=requirements" "Mozilla/5.0 (Windows NT 6.1) AppleWebKit/537.4 (KHTML, like Gecko) Chrome/22.0.1229.94 Safari/537.4"
10.20.2.178 - - [29/Oct/2012:11:05:57 -0500] "GET /spinabifida/administrator/index.php?option=com_sobipro&task=requirements.cms&retry=5&_uniqid=2633281499 HTTP/1.1" 200 698 "http://bitaction01.academic.rrc.ca/spinabifida/administrator/index.php?option=com_sobipro&task=requirements" "Mozilla/5.0 (Windows NT 6.1) AppleWebKit/537.4 (KHTML, like Gecko) Chrome/22.0.1229.94 Safari/537.4"
10.20.2.178 - - [29/Oct/2012:11:05:57 -0500] "GET /spinabifida/administrator/index.php?option=com_sobipro&task=requirements.safeMode&retry=5&_uniqid=2633281698 HTTP/1.1" 200 628 "http://bitaction01.academic.rrc.ca/spinabifida/administrator/index.php?option=com_sobipro&task=requirements" "Mozilla/5.0 (Windows NT 6.1) AppleWebKit/537.4 (KHTML, like Gecko) Chrome/22.0.1229.94 Safari/537.4"
10.20.2.178 - - [29/Oct/2012:11:05:57 -0500] "GET /spinabifida/administrator/index.php?option=com_sobipro&task=requirements.phpVersion&retry=5&_uniqid=2633281642 HTTP/1.1" 200 618 "http://bitaction01.academic.rrc.ca/spinabifida/administrator/index.php?option=com_sobipro&task=requirements" "Mozilla/5.0 (Windows NT 6.1) AppleWebKit/537.4 (KHTML, like Gecko) Chrome/22.0.1229.94 Safari/537.4"
10.20.2.178 - - [29/Oct/2012:11:05:57 -0500] "GET /spinabifida/administrator/index.php?option=com_sobipro&task=requirements.registerGlobals&retry=5&_uniqid=2633281614 HTTP/1.1" 200 642 "http://bitaction01.academic.rrc.ca/spinabifida/administrator/index.php?option=com_sobipro&task=requirements" "Mozilla/5.0 (Windows NT 6.1) AppleWebKit/537.4 (KHTML, like Gecko) Chrome/22.0.1229.94 Safari/537.4"
10.20.2.178 - - [29/Oct/2012:11:05:57 -0500] "GET /spinabifida/administrator/index.php?option=com_sobipro&task=requirements.iniParse&retry=5&_uniqid=2633281731 HTTP/1.1" 200 680 "http://bitaction01.academic.rrc.ca/spinabifida/administrator/index.php?option=com_sobipro&task=requirements" "Mozilla/5.0 (Windows NT 6.1) AppleWebKit/537.4 (KHTML, like Gecko) Chrome/22.0.1229.94 Safari/537.4"
10.20.2.178 - - [29/Oct/2012:11:05:57 -0500] "GET /spinabifida/administrator/index.php?option=com_sobipro&task=requirements.DOM&retry=5&_uniqid=2633281818 HTTP/1.1" 200 640 "http://bitaction01.academic.rrc.ca/spinabifida/administrator/index.php?option=com_sobipro&task=requirements" "Mozilla/5.0 (Windows NT 6.1) AppleWebKit/537.4 (KHTML, like Gecko) Chrome/22.0.1229.94 Safari/537.4"
10.20.2.178 - - [29/Oct/2012:11:05:57 -0500] "GET /spinabifida/administrator/index.php?option=com_sobipro&task=requirements.gDlib&retry=5&_uniqid=2633281865 HTTP/1.1" 200 620 "http://bitaction01.academic.rrc.ca/spinabifida/administrator/index.php?option=com_sobipro&task=requirements" "Mozilla/5.0 (Windows NT 6.1) AppleWebKit/537.4 (KHTML, like Gecko) Chrome/22.0.1229.94 Safari/537.4"
10.20.2.178 - - [29/Oct/2012:11:05:58 -0500] "GET /spinabifida/administrator/index.php?option=com_sobipro&task=requirements.XPath&retry=5&_uniqid=2633281928 HTTP/1.1" 200 614 "http://bitaction01.academic.rrc.ca/spinabifida/administrator/index.php?option=com_sobipro&task=requirements" "Mozilla/5.0 (Windows NT 6.1) AppleWebKit/537.4 (KHTML, like Gecko) Chrome/22.0.1229.94 Safari/537.4"
10.20.2.178 - - [29/Oct/2012:11:05:58 -0500] "GET /spinabifida/administrator/index.php?option=com_sobipro&task=requirements.XSL&retry=5&_uniqid=2633281861 HTTP/1.1" 200 640 "http://bitaction01.academic.rrc.ca/spinabifida/administrator/index.php?option=com_sobipro&task=requirements" "Mozilla/5.0 (Windows NT 6.1) AppleWebKit/537.4 (KHTML, like Gecko) Chrome/22.0.1229.94 Safari/537.4"
10.20.2.178 - - [29/Oct/2012:11:05:58 -0500] "GET /spinabifida/administrator/index.php?option=com_sobipro&task=requirements.tidy&retry=5&_uniqid=2633281938 HTTP/1.1" 200 789 "http://bitaction01.academic.rrc.ca/spinabifida/administrator/index.php?option=com_sobipro&task=requirements" "Mozilla/5.0 (Windows NT 6.1) AppleWebKit/537.4 (KHTML, like Gecko) Chrome/22.0.1229.94 Safari/537.4"
10.20.2.178 - - [29/Oct/2012:11:05:58 -0500] "GET /spinabifida/administrator/index.php?option=com_sobipro&task=requirements.SPL&retry=5&_uniqid=2633282076 HTTP/1.1" 200 638 "http://bitaction01.academic.rrc.ca/spinabifida/administrator/index.php?option=com_sobipro&task=requirements" "Mozilla/5.0 (Windows NT 6.1) AppleWebKit/537.4 (KHTML, like Gecko) Chrome/22.0.1229.94 Safari/537.4"
10.20.2.178 - - [29/Oct/2012:11:05:58 -0500] "GET /spinabifida/administrator/index.php?option=com_sobipro&task=requirements.filter&retry=5&_uniqid=2633282043 HTTP/1.1" 200 638 "http://bitaction01.academic.rrc.ca/spinabifida/administrator/index.php?option=com_sobipro&task=requirements" "Mozilla/5.0 (Windows NT 6.1) AppleWebKit/537.4 (KHTML, like Gecko) Chrome/22.0.1229.94 Safari/537.4"
10.20.2.178 - - [29/Oct/2012:11:05:58 -0500] "GET /spinabifida/administrator/index.php?option=com_sobipro&task=requirements.PCRE&retry=5&_uniqid=2633282034 HTTP/1.1" 200 672 "http://bitaction01.academic.rrc.ca/spinabifida/administrator/index.php?option=com_sobipro&task=requirements" "Mozilla/5.0 (Windows NT 6.1) AppleWebKit/537.4 (KHTML, like Gecko) Chrome/22.0.1229.94 Safari/537.4"
10.20.2.178 - - [29/Oct/2012:11:05:58 -0500] "GET /spinabifida/administrator/index.php?option=com_sobipro&task=requirements.CURL&retry=5&_uniqid=2633282154 HTTP/1.1" 200 650 "http://bitaction01.academic.rrc.ca/spinabifida/administrator/index.php?option=com_sobipro&task=requirements" "Mozilla/5.0 (Windows NT 6.1) AppleWebKit/537.4 (KHTML, like Gecko) Chrome/22.0.1229.94 Safari/537.4"
10.20.2.178 - - [29/Oct/2012:11:05:58 -0500] "GET /spinabifida/administrator/index.php?option=com_sobipro&task=requirements.SQLite&retry=5&_uniqid=2633282170 HTTP/1.1" 200 681 "http://bitaction01.academic.rrc.ca/spinabifida/administrator/index.php?option=com_sobipro&task=requirements" "Mozilla/5.0 (Windows NT 6.1) AppleWebKit/537.4 (KHTML, like Gecko) Chrome/22.0.1229.94 Safari/537.4"
10.20.2.178 - - [29/Oct/2012:11:05:58 -0500] "GET /spinabifida/administrator/index.php?option=com_sobipro&task=requirements.SOAP&retry=5&_uniqid=2633282157 HTTP/1.1" 200 626 "http://bitaction01.academic.rrc.ca/spinabifida/administrator/index.php?option=com_sobipro&task=requirements" "Mozilla/5.0 (Windows NT 6.1) AppleWebKit/537.4 (KHTML, like Gecko) Chrome/22.0.1229.94 Safari/537.4"
10.20.2.178 - - [29/Oct/2012:11:05:59 -0500] "GET /spinabifida/administrator/index.php?option=com_sobipro&task=requirements.OpenSSL&retry=5&_uniqid=2633282232 HTTP/1.1" 200 626 "http://bitaction01.academic.rrc.ca/spinabifida/administrator/index.php?option=com_sobipro&task=requirements" "Mozilla/5.0 (Windows NT 6.1) AppleWebKit/537.4 (KHTML, like Gecko) Chrome/22.0.1229.94 Safari/537.4"
10.20.2.178 - - [29/Oct/2012:11:05:59 -0500] "GET /spinabifida/administrator/index.php?option=com_sobipro&task=requirements.memoryLimit&retry=5&_uniqid=2633282216 HTTP/1.1" 200 618 "http://bitaction01.academic.rrc.ca/spinabifida/administrator/index.php?option=com_sobipro&task=requirements" "Mozilla/5.0 (Windows NT 6.1) AppleWebKit/537.4 (KHTML, like Gecko) Chrome/22.0.1229.94 Safari/537.4"
10.20.2.178 - - [29/Oct/2012:11:05:59 -0500] "GET /spinabifida/administrator/index.php?option=com_sobipro&task=requirements.maxExecutionTime&retry=5&_uniqid=2633282237 HTTP/1.1" 200 636 "http://bitaction01.academic.rrc.ca/spinabifida/administrator/index.php?option=com_sobipro&task=requirements" "Mozilla/5.0 (Windows NT 6.1) AppleWebKit/537.4 (KHTML, like Gecko) Chrome/22.0.1229.94 Safari/537.4"
10.20.2.178 - - [29/Oct/2012:11:05:59 -0500] "GET /spinabifida/administrator/index.php?option=com_sobipro&task=requirements.ZipArchive&retry=5&_uniqid=2633282236 HTTP/1.1" 200 624 "http://bitaction01.academic.rrc.ca/spinabifida/administrator/index.php?option=com_sobipro&task=requirements" "Mozilla/5.0 (Windows NT 6.1) AppleWebKit/537.4 (KHTML, like Gecko) Chrome/22.0.1229.94 Safari/537.4"
10.20.2.178 - - [29/Oct/2012:11:05:59 -0500] "GET /spinabifida/administrator/index.php?option=com_sobipro&task=requirements.json&retry=5&_uniqid=2633282217 HTTP/1.1" 200 626 "http://bitaction01.academic.rrc.ca/spinabifida/administrator/index.php?option=com_sobipro&task=requirements" "Mozilla/5.0 (Windows NT 6.1) AppleWebKit/537.4 (KHTML, like Gecko) Chrome/22.0.1229.94 Safari/537.4"
10.20.2.178 - - [29/Oct/2012:11:05:59 -0500] "GET /spinabifida/administrator/index.php?option=com_sobipro&task=requirements.reflection&retry=5&_uniqid=263328230 HTTP/1.1" 200 626 "http://bitaction01.academic.rrc.ca/spinabifida/administrator/index.php?option=com_sobipro&task=requirements" "Mozilla/5.0 (Windows NT 6.1) AppleWebKit/537.4 (KHTML, like Gecko) Chrome/22.0.1229.94 Safari/537.4"
10.20.2.178 - - [29/Oct/2012:11:05:59 -0500] "GET /spinabifida/administrator/index.php?option=com_sobipro&task=requirements.exec&retry=5&_uniqid=2633282359 HTTP/1.1" 200 642 "http://bitaction01.academic.rrc.ca/spinabifida/administrator/index.php?option=com_sobipro&task=requirements" "Mozilla/5.0 (Windows NT 6.1) AppleWebKit/537.4 (KHTML, like Gecko) Chrome/22.0.1229.94 Safari/537.4"
10.20.2.178 - - [29/Oct/2012:11:05:59 -0500] "GET /spinabifida/administrator/index.php?option=com_sobipro&task=requirements.mySQLversion&retry=5&_uniqid=2633282398 HTTP/1.1" 200 624 "http://bitaction01.academic.rrc.ca/spinabifida/administrator/index.php?option=com_sobipro&task=requirements" "Mozilla/5.0 (Windows NT 6.1) AppleWebKit/537.4 (KHTML, like Gecko) Chrome/22.0.1229.94 Safari/537.4"
10.20.2.178 - - [29/Oct/2012:11:05:59 -0500] "GET /spinabifida/administrator/index.php?option=com_sobipro&task=requirements.mySQLcharset&retry=5&_uniqid=2633282371 HTTP/1.1" 200 672 "http://bitaction01.academic.rrc.ca/spinabifida/administrator/index.php?option=com_sobipro&task=requirements" "Mozilla/5.0 (Windows NT 6.1) AppleWebKit/537.4 (KHTML, like Gecko) Chrome/22.0.1229.94 Safari/537.4"
10.20.2.178 - - [29/Oct/2012:11:05:59 -0500] "GET /spinabifida/administrator/index.php?option=com_sobipro&task=requirements.createView&retry=5&_uniqid=2633284047 HTTP/1.1" 200 628 "http://bitaction01.academic.rrc.ca/spinabifida/administrator/index.php?option=com_sobipro&task=requirements" "Mozilla/5.0 (Windows NT 6.1) AppleWebKit/537.4 (KHTML, like Gecko) Chrome/22.0.1229.94 Safari/537.4"
10.20.2.178 - - [29/Oct/2012:11:05:59 -0500] "GET /spinabifida/administrator/index.php?option=com_sobipro&task=requirements.createProcedure&retry=5&_uniqid=2633282356 HTTP/1.1" 200 638 "http://bitaction01.academic.rrc.ca/spinabifida/administrator/index.php?option=com_sobipro&task=requirements" "Mozilla/5.0 (Windows NT 6.1) AppleWebKit/537.4 (KHTML, like Gecko) Chrome/22.0.1229.94 Safari/537.4"
::1 - - [29/Oct/2012:11:06:17 -0500] "OPTIONS * HTTP/1.0" 200 152 "-" "Apache/2.2.16 (Debian) (internal dummy connection)"
10.20.2.179 - - [29/Oct/2012:11:06:30 -0500] "GET /spinabifida/index.php HTTP/1.1" 200 5050 "-" "Mozilla/5.0 (Windows NT 6.1) AppleWebKit/537.4 (KHTML, like Gecko) Chrome/22.0.1229.94 Safari/537.4"
10.20.2.179 - - [29/Oct/2012:11:06:34 -0500] "GET /spinabifida/login HTTP/1.1" 404 517 "http://bitaction01.academic.rrc.ca/spinabifida/index.php" "Mozilla/5.0 (Windows NT 6.1) AppleWebKit/537.4 (KHTML, like Gecko) Chrome/22.0.1229.94 Safari/537.4"
10.20.2.179 - - [29/Oct/2012:11:06:34 -0500] "GET /favicon.ico HTTP/1.1" 404 511 "-" "Mozilla/5.0 (Windows NT 6.1) AppleWebKit/537.4 (KHTML, like Gecko) Chrome/22.0.1229.94 Safari/537.4"
::1 - - [29/Oct/2012:11:06:55 -0500] "OPTIONS * HTTP/1.0" 200 152 "-" "Apache/2.2.16 (Debian) (internal dummy connection)"
10.20.2.178 - - [29/Oct/2012:11:15:02 -0500] "GET /spinabifida/administrator/index.php?option=com_sobipro&task=config HTTP/1.1" 200 9974 "http://bitaction01.academic.rrc.ca/spinabifida/administrator/index.php?option=com_sobipro&task=requirements" "Mozilla/5.0 (Windows NT 6.1) AppleWebKit/537.4 (KHTML, like Gecko) Chrome/22.0.1229.94 Safari/537.4"
10.20.2.178 - - [29/Oct/2012:11:15:03 -0500] "GET /spinabifida/administrator/index.php?option=com_sobipro&task=txt.js&tmpl=component HTTP/1.1" 200 2904 "http://bitaction01.academic.rrc.ca/spinabifida/administrator/index.php?option=com_sobipro&task=config" "Mozilla/5.0 (Windows NT 6.1) AppleWebKit/537.4 (KHTML, like Gecko) Chrome/22.0.1229.94 Safari/537.4"
10.20.2.178 - - [29/Oct/2012:11:15:10 -0500] "GET /spinabifida/administrator/index.php?option=com_config HTTP/1.1" 200 24203 "http://bitaction01.academic.rrc.ca/spinabifida/administrator/index.php?option=com_sobipro&task=config" "Mozilla/5.0 (Windows NT 6.1) AppleWebKit/537.4 (KHTML, like Gecko) Chrome/22.0.1229.94 Safari/537.4"
10.20.2.178 - - [29/Oct/2012:11:15:45 -0500] "GET /spinabifida/administrator/index.php?option=com_admin&view=sysinfo HTTP/1.1" 200 16828 "http://bitaction01.academic.rrc.ca/spinabifida/administrator/index.php?option=com_config" "Mozilla/5.0 (Windows NT 6.1) AppleWebKit/537.4 (KHTML, like Gecko) Chrome/22.0.1229.94 Safari/537.4"
10.20.2.178 - - [29/Oct/2012:11:15:46 -0500] "GET /spinabifida/administrator/index.php?=PHPE9568F34-D428-11d2-A769-00AA001ACF42 HTTP/1.1" 200 2752 "http://bitaction01.academic.rrc.ca/spinabifida/administrator/index.php?option=com_admin&view=sysinfo" "Mozilla/5.0 (Windows NT 6.1) AppleWebKit/537.4 (KHTML, like Gecko) Chrome/22.0.1229.94 Safari/537.4"
10.20.2.178 - - [29/Oct/2012:11:15:46 -0500] "GET /spinabifida/administrator/index.php?=SUHO8567F54-D428-14d2-A769-00DA302A5F18 HTTP/1.1" 200 3043 "http://bitaction01.academic.rrc.ca/spinabifida/administrator/index.php?option=com_admin&view=sysinfo" "Mozilla/5.0 (Windows NT 6.1) AppleWebKit/537.4 (KHTML, like Gecko) Chrome/22.0.1229.94 Safari/537.4"
10.20.2.178 - - [29/Oct/2012:11:15:46 -0500] "GET /spinabifida/administrator/index.php?=PHPE9568F35-D428-11d2-A769-00AA001ACF42 HTTP/1.1" 200 2375 "http://bitaction01.academic.rrc.ca/spinabifida/administrator/index.php?option=com_admin&view=sysinfo" "Mozilla/5.0 (Windows NT 6.1) AppleWebKit/537.4 (KHTML, like Gecko) Chrome/22.0.1229.94 Safari/537.4"
207.230.251.114 - - [29/Oct/2012:11:15:54 -0500] "GET /spinabifida/index.php HTTP/1.1" 200 5131 "-" "Mozilla/5.0 (Windows NT 6.1; WOW64) AppleWebKit/537.4 (KHTML, like Gecko) Chrome/22.0.1229.94 Safari/537.4"
207.230.251.114 - - [29/Oct/2012:11:15:54 -0500] "GET /spinabifida/templates/jv-framework/themes/jv-melody/css/horizontal.css HTTP/1.1" 200 1113 "http://bitaction01.academic.rrc.ca/spinabifida/index.php" "Mozilla/5.0 (Windows NT 6.1; WOW64) AppleWebKit/537.4 (KHTML, like Gecko) Chrome/22.0.1229.94 Safari/537.4"
207.230.251.114 - - [29/Oct/2012:11:15:54 -0500] "GET /spinabifida/plugins/system/jvframework/jvframework/basethemes/css/typo.css HTTP/1.1" 200 2543 "http://bitaction01.academic.rrc.ca/spinabifida/index.php" "Mozilla/5.0 (Windows NT 6.1; WOW64) AppleWebKit/537.4 (KHTML, like Gecko) Chrome/22.0.1229.94 Safari/537.4"
