10.34.26.24 - - [06/Oct/2011:11:19:51 -0500] "POST /formreturn.php HTTP/1.1" 200 361 "-" "Mozilla/5.0 (Windows NT 6.1; rv:7.0.1) Gecko/20100101 Firefox/7.0.1"
10.34.26.24 - - [06/Oct/2011:11:19:52 -0500] "GET /favicon.ico HTTP/1.1" 404 507 "-" "Mozilla/5.0 (Windows NT 6.1; rv:7.0.1) Gecko/20100101 Firefox/7.0.1"
10.34.26.24 - - [06/Oct/2011:11:19:52 -0500] "GET /favicon.ico HTTP/1.1" 404 507 "-" "Mozilla/5.0 (Windows NT 6.1; rv:7.0.1) Gecko/20100101 Firefox/7.0.1"
10.34.26.24 - - [06/Oct/2011:11:19:52 -0500] "GET /favicon.ico HTTP/1.1" 404 507 "-" "Mozilla/5.0 (Windows NT 6.1; rv:7.0.1) Gecko/20100101 Firefox/7.0.1"
10.34.26.24 - - [06/Oct/2011:11:20:04 -0500] "GET / HTTP/1.1" 200 484 "-" "Mozilla/5.0 (Windows NT 6.1; rv:7.0.1) Gecko/20100101 Firefox/7.0.1"
10.34.26.24 - - [06/Oct/2011:11:20:05 -0500] "GET /phpmyadmin/ HTTP/1.1" 200 3673 "-" "Mozilla/5.0 (Windows NT 6.1; rv:7.0.1) Gecko/20100101 Firefox/7.0.1"
10.34.26.24 - - [06/Oct/2011:11:20:07 -0500] "GET /phpmyadmin/print.css HTTP/1.1" 200 650 "http://istpro19.rrc.mb.ca/phpmyadmin/" "Mozilla/5.0 (Windows NT 6.1; rv:7.0.1) Gecko/20100101 Firefox/7.0.1"
10.34.26.24 - - [06/Oct/2011:11:20:07 -0500] "GET /phpmyadmin/themes/original/img/b_help.png HTTP/1.1" 200 521 "http://istpro19.rrc.mb.ca/phpmyadmin/" "Mozilla/5.0 (Windows NT 6.1; rv:7.0.1) Gecko/20100101 Firefox/7.0.1"
10.34.26.24 - - [06/Oct/2011:11:20:07 -0500] "GET /phpmyadmin/themes/original/img/logo_right.png HTTP/1.1" 200 5953 "http://istpro19.rrc.mb.ca/phpmyadmin/" "Mozilla/5.0 (Windows NT 6.1; rv:7.0.1) Gecko/20100101 Firefox/7.0.1"
10.34.26.24 - - [06/Oct/2011:11:20:07 -0500] "GET /phpmyadmin/favicon.ico HTTP/1.1" 200 19201 "-" "Mozilla/5.0 (Windows NT 6.1; rv:7.0.1) Gecko/20100101 Firefox/7.0.1"
10.34.26.24 - - [06/Oct/2011:11:20:07 -0500] "GET /phpmyadmin/phpmyadmin.css.php?lang=en-utf-8&convcharset=utf-8&collation_connection=utf8_general_ci&token=a79a32f1481da104ef63b8c1f61f7b71&js_frame=right&nocache=3879455035 HTTP/1.1" 200 5477 "http://istpro19.rrc.mb.ca/phpmyadmin/" "Mozilla/5.0 (Windows NT 6.1; rv:7.0.1) Gecko/20100101 Firefox/7.0.1"
::1 - - [06/Oct/2011:11:20:22 -0500] "OPTIONS * HTTP/1.0" 200 152 "-" "Apache/2.2.16 (Debian) (internal dummy connection)"
::1 - - [06/Oct/2011:11:20:23 -0500] "OPTIONS * HTTP/1.0" 200 152 "-" "Apache/2.2.16 (Debian) (internal dummy connection)"
::1 - - [06/Oct/2011:11:20:24 -0500] "OPTIONS * HTTP/1.0" 200 152 "-" "Apache/2.2.16 (Debian) (internal dummy connection)"
10.34.26.24 - - [06/Oct/2011:11:21:20 -0500] "POST /formreturn.php HTTP/1.1" 200 386 "-" "Mozilla/5.0 (Windows NT 6.1; rv:7.0.1) Gecko/20100101 Firefox/7.0.1"
10.34.26.24 - - [06/Oct/2011:11:21:47 -0500] "POST /formreturn.php HTTP/1.1" 200 392 "-" "Mozilla/5.0 (Windows NT 6.1; rv:7.0.1) Gecko/20100101 Firefox/7.0.1"
10.34.26.24 - - [06/Oct/2011:11:22:30 -0500] "POST /formreturn.php HTTP/1.1" 200 392 "-" "Mozilla/5.0 (Windows NT 6.1; rv:7.0.1) Gecko/20100101 Firefox/7.0.1"
10.34.26.24 - - [06/Oct/2011:11:22:37 -0500] "POST /formreturn.php HTTP/1.1" 200 391 "-" "Mozilla/5.0 (Windows NT 6.1; rv:7.0.1) Gecko/20100101 Firefox/7.0.1"
10.34.26.24 - - [06/Oct/2011:11:24:50 -0500] "POST /formreturn.php HTTP/1.1" 200 392 "-" "Mozilla/5.0 (Windows NT 6.1; rv:7.0.1) Gecko/20100101 Firefox/7.0.1"
10.34.26.24 - - [06/Oct/2011:11:25:19 -0500] "POST /formreturn.php HTTP/1.1" 200 392 "-" "Mozilla/5.0 (Windows NT 6.1; rv:7.0.1) Gecko/20100101 Firefox/7.0.1"
10.34.26.24 - - [06/Oct/2011:11:25:31 -0500] "POST /formreturn.php HTTP/1.1" 200 349 "-" "Mozilla/5.0 (Windows NT 6.1; rv:7.0.1) Gecko/20100101 Firefox/7.0.1"
10.34.26.24 - - [06/Oct/2011:11:25:47 -0500] "POST /formreturn.php HTTP/1.1" 200 392 "-" "Mozilla/5.0 (Windows NT 6.1; rv:7.0.1) Gecko/20100101 Firefox/7.0.1"
10.34.26.24 - - [06/Oct/2011:11:26:14 -0500] "POST /formreturn.php HTTP/1.1" 200 392 "-" "Mozilla/5.0 (Windows NT 6.1; rv:7.0.1) Gecko/20100101 Firefox/7.0.1"
10.34.26.24 - - [06/Oct/2011:11:28:25 -0500] "POST /formreturn.php HTTP/1.1" 200 314 "-" "Mozilla/5.0 (Windows NT 6.1; rv:7.0.1) Gecko/20100101 Firefox/7.0.1"
10.34.26.24 - - [06/Oct/2011:11:28:50 -0500] "POST /formreturn.php HTTP/1.1" 200 314 "-" "Mozilla/5.0 (Windows NT 6.1; rv:7.0.1) Gecko/20100101 Firefox/7.0.1"
10.34.26.24 - - [06/Oct/2011:11:29:03 -0500] "POST /formreturn.php HTTP/1.1" 200 313 "-" "Mozilla/5.0 (Windows NT 6.1; rv:7.0.1) Gecko/20100101 Firefox/7.0.1"
10.34.26.24 - - [06/Oct/2011:11:29:26 -0500] "GET /formreturn.php HTTP/1.1" 200 314 "-" "Mozilla/5.0 (Windows NT 6.1; rv:7.0.1) Gecko/20100101 Firefox/7.0.1"
10.34.26.24 - - [06/Oct/2011:11:29:34 -0500] "GET /formreturn.php HTTP/1.1" 200 313 "-" "Mozilla/5.0 (Windows NT 6.1; rv:7.0.1) Gecko/20100101 Firefox/7.0.1"
10.34.26.24 - - [06/Oct/2011:11:29:45 -0500] "GET /formreturn.php HTTP/1.1" 200 313 "-" "Mozilla/5.0 (Windows NT 6.1; rv:7.0.1) Gecko/20100101 Firefox/7.0.1"
10.34.26.24 - - [06/Oct/2011:11:29:53 -0500] "GET /formreturn.php?thedoctor=donna&time_tardis=tardis HTTP/1.1" 200 367 "-" "Mozilla/5.0 (Windows NT 6.1; rv:7.0.1) Gecko/20100101 Firefox/7.0.1"
10.34.26.24 - - [06/Oct/2011:11:30:03 -0500] "GET /formreturn.php?thedoctor=donna&time_tardis=tardis HTTP/1.1" 200 367 "-" "Mozilla/5.0 (Windows NT 6.1; rv:7.0.1) Gecko/20100101 Firefox/7.0.1"
10.18.44.34 - - [06/Oct/2011:11:53:45 -0500] "POST /formreturn.php HTTP/1.1" 200 358 "-" "Mozilla/5.0 (Windows; U; Windows NT 6.1; en-US; rv:1.9.2.23) Gecko/20110920 Firefox/3.6.23"
10.18.44.34 - - [06/Oct/2011:11:53:45 -0500] "GET /favicon.ico HTTP/1.1" 404 507 "-" "Mozilla/5.0 (Windows; U; Windows NT 6.1; en-US; rv:1.9.2.23) Gecko/20110920 Firefox/3.6.23"
10.18.44.34 - - [06/Oct/2011:11:53:45 -0500] "GET /favicon.ico HTTP/1.1" 404 507 "-" "Mozilla/5.0 (Windows; U; Windows NT 6.1; en-US; rv:1.9.2.23) Gecko/20110920 Firefox/3.6.23"
10.18.44.34 - - [06/Oct/2011:11:53:48 -0500] "GET /favicon.ico HTTP/1.1" 404 507 "-" "Mozilla/5.0 (Windows; U; Windows NT 6.1; en-US; rv:1.9.2.23) Gecko/20110920 Firefox/3.6.23"
10.18.44.45 - - [06/Oct/2011:11:53:52 -0500] "POST /formreturn.php HTTP/1.1" 200 365 "-" "Mozilla/5.0 (X11; Linux x86_64; rv:6.0.2) Gecko/20100101 Firefox/6.0.2"
10.18.44.45 - - [06/Oct/2011:11:53:52 -0500] "GET /favicon.ico HTTP/1.1" 404 507 "-" "Mozilla/5.0 (X11; Linux x86_64; rv:6.0.2) Gecko/20100101 Firefox/6.0.2"
10.18.44.45 - - [06/Oct/2011:11:53:52 -0500] "GET /favicon.ico HTTP/1.1" 404 507 "-" "Mozilla/5.0 (X11; Linux x86_64; rv:6.0.2) Gecko/20100101 Firefox/6.0.2"
10.18.44.35 - - [06/Oct/2011:11:54:20 -0500] "POST /formreturn.php HTTP/1.1" 200 365 "-" "Mozilla/5.0 (Windows NT 6.1) AppleWebKit/535.1 (KHTML, like Gecko) Chrome/14.0.835.187 Safari/535.1"
10.18.44.35 - - [06/Oct/2011:11:54:20 -0500] "GET /favicon.ico HTTP/1.1" 404 507 "-" "Mozilla/5.0 (Windows NT 6.1) AppleWebKit/535.1 (KHTML, like Gecko) Chrome/14.0.835.187 Safari/535.1"
10.18.44.50 - - [06/Oct/2011:11:54:23 -0500] "POST /formreturn.php HTTP/1.1" 200 360 "-" "Mozilla/5.0 (Windows NT 6.1; rv:7.0.1) Gecko/20100101 Firefox/7.0.1"
10.18.44.34 - - [06/Oct/2011:11:54:34 -0500] "POST /formreturn.php HTTP/1.1" 200 358 "-" "Mozilla/5.0 (Windows; U; Windows NT 6.1; en-US; rv:1.9.2.23) Gecko/20110920 Firefox/3.6.23"
10.18.44.50 - - [06/Oct/2011:11:54:35 -0500] "POST /formreturn.php HTTP/1.1" 200 368 "-" "Mozilla/5.0 (Windows NT 6.1; rv:7.0.1) Gecko/20100101 Firefox/7.0.1"
10.18.44.41 - - [06/Oct/2011:11:54:49 -0500] "POST /formreturn.php HTTP/1.1" 200 361 "-" "Mozilla/5.0 (Windows NT 6.1; rv:7.0.1) Gecko/20100101 Firefox/7.0.1"
10.18.44.41 - - [06/Oct/2011:11:54:49 -0500] "GET /favicon.ico HTTP/1.1" 404 507 "-" "Mozilla/5.0 (Windows NT 6.1; rv:7.0.1) Gecko/20100101 Firefox/7.0.1"
10.18.44.41 - - [06/Oct/2011:11:54:49 -0500] "GET /favicon.ico HTTP/1.1" 404 507 "-" "Mozilla/5.0 (Windows NT 6.1; rv:7.0.1) Gecko/20100101 Firefox/7.0.1"
10.18.44.41 - - [06/Oct/2011:11:54:49 -0500] "GET /favicon.ico HTTP/1.1" 404 507 "-" "Mozilla/5.0 (Windows NT 6.1; rv:7.0.1) Gecko/20100101 Firefox/7.0.1"
10.18.44.41 - - [06/Oct/2011:11:54:56 -0500] "POST /formreturn.php HTTP/1.1" 200 362 "-" "Mozilla/5.0 (Windows NT 6.1; rv:7.0.1) Gecko/20100101 Firefox/7.0.1"
10.18.44.39 - - [06/Oct/2011:11:55:05 -0500] "POST /formreturn.php HTTP/1.1" 200 365 "-" "Mozilla/5.0 (Windows NT 6.1; rv:7.0.1) Gecko/20100101 Firefox/7.0.1"
10.18.44.39 - - [06/Oct/2011:11:55:05 -0500] "GET /favicon.ico HTTP/1.1" 404 507 "-" "Mozilla/5.0 (Windows NT 6.1; rv:7.0.1) Gecko/20100101 Firefox/7.0.1"
10.18.44.39 - - [06/Oct/2011:11:55:05 -0500] "GET /favicon.ico HTTP/1.1" 404 507 "-" "Mozilla/5.0 (Windows NT 6.1; rv:7.0.1) Gecko/20100101 Firefox/7.0.1"
10.18.44.39 - - [06/Oct/2011:11:55:05 -0500] "GET /favicon.ico HTTP/1.1" 404 507 "-" "Mozilla/5.0 (Windows NT 6.1; rv:7.0.1) Gecko/20100101 Firefox/7.0.1"
10.18.44.44 - - [06/Oct/2011:11:55:07 -0500] "POST /formreturn.php HTTP/1.1" 200 375 "-" "Mozilla/4.0 (compatible; MSIE 8.0; Windows NT 5.1; Trident/4.0; .NET CLR 2.0.50727; .NET CLR 1.1.4322; .NET CLR 3.0.4506.2152; .NET CLR 3.5.30729; InfoPath.2)"
10.18.44.44 - - [06/Oct/2011:11:55:08 -0500] "GET /favicon.ico HTTP/1.1" 404 507 "-" "Mozilla/4.0 (compatible; MSIE 8.0; Windows NT 5.1; Trident/4.0; .NET CLR 2.0.50727; .NET CLR 1.1.4322; .NET CLR 3.0.4506.2152; .NET CLR 3.5.30729; InfoPath.2)"
10.18.44.45 - - [06/Oct/2011:11:55:11 -0500] "POST /formreturn.php HTTP/1.1" 200 365 "-" "Mozilla/5.0 (X11; Linux x86_64; rv:6.0.2) Gecko/20100101 Firefox/6.0.2"
10.65.4.236 - - [06/Oct/2011:11:55:12 -0500] "POST /formreturn.php HTTP/1.1" 200 367 "-" "Mozilla/5.0 (Windows NT 6.1; rv:8.0) Gecko/20100101 Firefox/8.0"
10.65.4.236 - - [06/Oct/2011:11:55:12 -0500] "GET /favicon.ico HTTP/1.1" 404 507 "-" "Mozilla/5.0 (Windows NT 6.1; rv:8.0) Gecko/20100101 Firefox/8.0"
10.65.4.236 - - [06/Oct/2011:11:55:12 -0500] "GET /favicon.ico HTTP/1.1" 404 507 "-" "Mozilla/5.0 (Windows NT 6.1; rv:8.0) Gecko/20100101 Firefox/8.0"
10.65.4.236 - - [06/Oct/2011:11:55:12 -0500] "GET /favicon.ico HTTP/1.1" 404 507 "-" "Mozilla/5.0 (Windows NT 6.1; rv:8.0) Gecko/20100101 Firefox/8.0"
10.18.44.36 - - [06/Oct/2011:11:55:19 -0500] "POST /formreturn.php HTTP/1.1" 200 356 "-" "Mozilla/5.0 (Windows NT 6.1) AppleWebKit/535.2 (KHTML, like Gecko) Chrome/15.0.874.81 Safari/535.2"
10.18.44.36 - - [06/Oct/2011:11:55:19 -0500] "GET /favicon.ico HTTP/1.1" 404 507 "-" "Mozilla/5.0 (Windows NT 6.1) AppleWebKit/535.2 (KHTML, like Gecko) Chrome/15.0.874.81 Safari/535.2"
10.65.1.37 - - [06/Oct/2011:11:55:21 -0500] "POST /formreturn.php HTTP/1.1" 200 367 "-" "Mozilla/5.0 (Windows NT 6.1) AppleWebKit/535.1 (KHTML, like Gecko) Chrome/14.0.835.202 Safari/535.1"
10.65.1.37 - - [06/Oct/2011:11:55:21 -0500] "GET /favicon.ico HTTP/1.1" 404 507 "-" "Mozilla/5.0 (Windows NT 6.1) AppleWebKit/535.1 (KHTML, like Gecko) Chrome/14.0.835.202 Safari/535.1"
10.18.44.44 - - [06/Oct/2011:11:55:24 -0500] "POST /formreturn.php HTTP/1.1" 200 379 "-" "Mozilla/4.0 (compatible; MSIE 8.0; Windows NT 5.1; Trident/4.0; .NET CLR 2.0.50727; .NET CLR 1.1.4322; .NET CLR 3.0.4506.2152; .NET CLR 3.5.30729; InfoPath.2)"
10.18.44.44 - - [06/Oct/2011:11:55:24 -0500] "GET /favicon.ico HTTP/1.1" 404 507 "-" "Mozilla/4.0 (compatible; MSIE 8.0; Windows NT 5.1; Trident/4.0; .NET CLR 2.0.50727; .NET CLR 1.1.4322; .NET CLR 3.0.4506.2152; .NET CLR 3.5.30729; InfoPath.2)"
10.18.44.37 - - [06/Oct/2011:11:55:31 -0500] "POST /formreturn.php HTTP/1.1" 200 355 "-" "Mozilla/5.0 (X11; Linux x86_64; rv:7.0.1) Gecko/20100101 Firefox/7.0.1"
10.18.44.37 - - [06/Oct/2011:11:55:31 -0500] "GET /favicon.ico HTTP/1.1" 404 507 "-" "Mozilla/5.0 (X11; Linux x86_64; rv:7.0.1) Gecko/20100101 Firefox/7.0.1"
10.18.44.37 - - [06/Oct/2011:11:55:31 -0500] "GET /favicon.ico HTTP/1.1" 404 507 "-" "Mozilla/5.0 (X11; Linux x86_64; rv:7.0.1) Gecko/20100101 Firefox/7.0.1"
10.65.1.135 - - [06/Oct/2011:11:55:39 -0500] "POST /formreturn.php HTTP/1.1" 200 381 "-" "Mozilla/5.0 (Windows NT 6.1; rv:7.0.1) Gecko/20100101 Firefox/7.0.1"
10.65.1.135 - - [06/Oct/2011:11:55:39 -0500] "GET /favicon.ico HTTP/1.1" 404 507 "-" "Mozilla/5.0 (Windows NT 6.1; rv:7.0.1) Gecko/20100101 Firefox/7.0.1"
10.65.1.135 - - [06/Oct/2011:11:55:39 -0500] "GET /favicon.ico HTTP/1.1" 404 507 "-" "Mozilla/5.0 (Windows NT 6.1; rv:7.0.1) Gecko/20100101 Firefox/7.0.1"
10.65.1.135 - - [06/Oct/2011:11:55:39 -0500] "GET /favicon.ico HTTP/1.1" 404 507 "-" "Mozilla/5.0 (Windows NT 6.1; rv:7.0.1) Gecko/20100101 Firefox/7.0.1"
10.65.1.135 - - [06/Oct/2011:11:55:44 -0500] "POST /formreturn.php HTTP/1.1" 200 389 "-" "Mozilla/5.0 (Windows NT 6.1; rv:7.0.1) Gecko/20100101 Firefox/7.0.1"
10.18.44.53 - - [06/Oct/2011:11:55:45 -0500] "GET /formreturn.php%20method=?first_name=J&last_name=C HTTP/1.1" 404 516 "-" "Mozilla/5.0 (Windows NT 6.1; rv:7.0.1) Gecko/20100101 Firefox/7.0.1"
10.18.44.53 - - [06/Oct/2011:11:55:45 -0500] "GET /favicon.ico HTTP/1.1" 404 507 "-" "Mozilla/5.0 (Windows NT 6.1; rv:7.0.1) Gecko/20100101 Firefox/7.0.1"
10.18.44.53 - - [06/Oct/2011:11:55:45 -0500] "GET /favicon.ico HTTP/1.1" 404 507 "-" "Mozilla/5.0 (Windows NT 6.1; rv:7.0.1) Gecko/20100101 Firefox/7.0.1"
10.18.44.53 - - [06/Oct/2011:11:55:45 -0500] "GET /favicon.ico HTTP/1.1" 404 507 "-" "Mozilla/5.0 (Windows NT 6.1; rv:7.0.1) Gecko/20100101 Firefox/7.0.1"
10.65.1.135 - - [06/Oct/2011:11:55:47 -0500] "POST /formreturn.php HTTP/1.1" 200 380 "-" "Mozilla/5.0 (Windows NT 6.1; rv:7.0.1) Gecko/20100101 Firefox/7.0.1"
10.65.1.115 - - [06/Oct/2011:11:55:50 -0500] "POST / HTTP/1.1" 200 485 "-" "Mozilla/5.0 (Windows NT 6.1; rv:7.0) Gecko/20100101 Firefox/7.0"
10.65.1.115 - - [06/Oct/2011:11:55:50 -0500] "GET /favicon.ico HTTP/1.1" 404 507 "-" "Mozilla/5.0 (Windows NT 6.1; rv:7.0) Gecko/20100101 Firefox/7.0"
10.65.1.115 - - [06/Oct/2011:11:55:50 -0500] "GET /favicon.ico HTTP/1.1" 404 507 "-" "Mozilla/5.0 (Windows NT 6.1; rv:7.0) Gecko/20100101 Firefox/7.0"
10.65.1.115 - - [06/Oct/2011:11:55:50 -0500] "GET /favicon.ico HTTP/1.1" 404 507 "-" "Mozilla/5.0 (Windows NT 6.1; rv:7.0) Gecko/20100101 Firefox/7.0"
10.65.1.139 - - [06/Oct/2011:11:56:08 -0500] "POST /formreturn.php HTTP/1.1" 200 359 "-" "Mozilla/4.0 (compatible; MSIE 7.0; Windows NT 6.1; Trident/4.0; SLCC2; .NET CLR 2.0.50727; Media Center PC 6.0; InfoPath.2; Tablet PC 2.0; .NET CLR 3.5.30729; .NET CLR 3.0.30729; .NET4.0C; .NET4.0E)"
10.18.44.54 - - [06/Oct/2011:11:56:09 -0500] "POST /formreturn.php HTTP/1.1" 200 357 "-" "Mozilla/5.0 (Windows NT 6.1; rv:7.0.1) Gecko/20100101 Firefox/7.0.1"
10.18.44.54 - - [06/Oct/2011:11:56:09 -0500] "GET /favicon.ico HTTP/1.1" 404 507 "-" "Mozilla/5.0 (Windows NT 6.1; rv:7.0.1) Gecko/20100101 Firefox/7.0.1"
10.18.44.54 - - [06/Oct/2011:11:56:09 -0500] "GET /favicon.ico HTTP/1.1" 404 507 "-" "Mozilla/5.0 (Windows NT 6.1; rv:7.0.1) Gecko/20100101 Firefox/7.0.1"
10.18.44.54 - - [06/Oct/2011:11:56:09 -0500] "GET /favicon.ico HTTP/1.1" 404 507 "-" "Mozilla/5.0 (Windows NT 6.1; rv:7.0.1) Gecko/20100101 Firefox/7.0.1"
10.18.44.53 - - [06/Oct/2011:11:56:10 -0500] "POST /formreturn.php HTTP/1.1" 200 352 "-" "Mozilla/5.0 (Windows NT 6.1; rv:7.0.1) Gecko/20100101 Firefox/7.0.1"
10.18.44.53 - - [06/Oct/2011:11:56:10 -0500] "GET /favicon.ico HTTP/1.1" 404 507 "-" "Mozilla/5.0 (Windows NT 6.1; rv:7.0.1) Gecko/20100101 Firefox/7.0.1"
10.18.44.53 - - [06/Oct/2011:11:56:10 -0500] "GET /favicon.ico HTTP/1.1" 404 507 "-" "Mozilla/5.0 (Windows NT 6.1; rv:7.0.1) Gecko/20100101 Firefox/7.0.1"
10.18.44.53 - - [06/Oct/2011:11:56:10 -0500] "GET /favicon.ico HTTP/1.1" 404 507 "-" "Mozilla/5.0 (Windows NT 6.1; rv:7.0.1) Gecko/20100101 Firefox/7.0.1"
10.18.44.42 - - [06/Oct/2011:11:56:14 -0500] "POST /formreturn/php HTTP/1.1" 200 366 "-" "Mozilla/5.0 (Windows; U; Windows NT 6.1; en-US; rv:1.9.2.23) Gecko/20110920 Firefox/3.6.23"
10.18.44.42 - - [06/Oct/2011:11:56:14 -0500] "GET /favicon.ico HTTP/1.1" 404 507 "-" "Mozilla/5.0 (Windows; U; Windows NT 6.1; en-US; rv:1.9.2.23) Gecko/20110920 Firefox/3.6.23"
10.18.44.42 - - [06/Oct/2011:11:56:14 -0500] "GET /favicon.ico HTTP/1.1" 404 507 "-" "Mozilla/5.0 (Windows; U; Windows NT 6.1; en-US; rv:1.9.2.23) Gecko/20110920 Firefox/3.6.23"
10.18.44.42 - - [06/Oct/2011:11:56:17 -0500] "GET /favicon.ico HTTP/1.1" 404 507 "-" "Mozilla/5.0 (Windows; U; Windows NT 6.1; en-US; rv:1.9.2.23) Gecko/20110920 Firefox/3.6.23"
10.18.44.43 - - [06/Oct/2011:11:56:18 -0500] "POST /formreturn.php HTTP/1.1" 200 366 "-" "Mozilla/5.0 (Windows NT 6.1; rv:7.0.1) Gecko/20100101 Firefox/7.0.1"
10.18.44.43 - - [06/Oct/2011:11:56:18 -0500] "GET /favicon.ico HTTP/1.1" 404 507 "-" "Mozilla/5.0 (Windows NT 6.1; rv:7.0.1) Gecko/20100101 Firefox/7.0.1"
10.18.44.43 - - [06/Oct/2011:11:56:18 -0500] "GET /favicon.ico HTTP/1.1" 404 507 "-" "Mozilla/5.0 (Windows NT 6.1; rv:7.0.1) Gecko/20100101 Firefox/7.0.1"
10.18.44.43 - - [06/Oct/2011:11:56:18 -0500] "GET /favicon.ico HTTP/1.1" 404 507 "-" "Mozilla/5.0 (Windows NT 6.1; rv:7.0.1) Gecko/20100101 Firefox/7.0.1"
10.18.44.44 - - [06/Oct/2011:11:56:18 -0500] "POST /formreturn.php HTTP/1.1" 200 370 "-" "Mozilla/4.0 (compatible; MSIE 8.0; Windows NT 5.1; Trident/4.0; .NET CLR 2.0.50727; .NET CLR 1.1.4322; .NET CLR 3.0.4506.2152; .NET CLR 3.5.30729; InfoPath.2)"
10.18.44.46 - - [06/Oct/2011:11:56:21 -0500] "POST /formreturn.php HTTP/1.1" 200 360 "-" "Mozilla/5.0 (Windows; U; Windows NT 6.1; en-US; rv:1.9.1.14pre) Gecko/20110126 Komodo/6.1.2"
10.18.44.38 - - [06/Oct/2011:11:56:25 -0500] "POST /formreturn.php HTTP/1.1" 200 365 "-" "Mozilla/5.0 (Windows NT 6.1; rv:8.0) Gecko/20100101 Firefox/8.0"
10.18.44.38 - - [06/Oct/2011:11:56:25 -0500] "GET /favicon.ico HTTP/1.1" 404 507 "-" "Mozilla/5.0 (Windows NT 6.1; rv:8.0) Gecko/20100101 Firefox/8.0"
10.18.44.38 - - [06/Oct/2011:11:56:25 -0500] "GET /favicon.ico HTTP/1.1" 404 507 "-" "Mozilla/5.0 (Windows NT 6.1; rv:8.0) Gecko/20100101 Firefox/8.0"
10.18.44.38 - - [06/Oct/2011:11:56:26 -0500] "GET /favicon.ico HTTP/1.1" 404 507 "-" "Mozilla/5.0 (Windows NT 6.1; rv:8.0) Gecko/20100101 Firefox/8.0"
::1 - - [06/Oct/2011:11:56:37 -0500] "OPTIONS * HTTP/1.0" 200 152 "-" "Apache/2.2.16 (Debian) (internal dummy connection)"
::1 - - [06/Oct/2011:11:56:38 -0500] "OPTIONS * HTTP/1.0" 200 152 "-" "Apache/2.2.16 (Debian) (internal dummy connection)"
10.18.44.53 - - [06/Oct/2011:11:56:40 -0500] "POST /formreturn.php HTTP/1.1" 200 351 "-" "Mozilla/5.0 (Windows NT 6.1; rv:7.0.1) Gecko/20100101 Firefox/7.0.1"
10.18.44.42 - - [06/Oct/2011:11:56:41 -0500] "POST /formreturn/php HTTP/1.1" 200 361 "-" "Mozilla/5.0 (Windows; U; Windows NT 6.1; en-US; rv:1.9.2.23) Gecko/20110920 Firefox/3.6.23"
10.65.1.115 - - [06/Oct/2011:11:56:44 -0500] "POST / HTTP/1.1" 200 485 "-" "Mozilla/5.0 (Windows NT 6.1; rv:7.0) Gecko/20100101 Firefox/7.0"
10.65.1.139 - - [06/Oct/2011:11:56:46 -0500] "POST /formreturn.php HTTP/1.1" 200 365 "-" "Mozilla/5.0 (Windows NT 6.1; rv:7.0.1) Gecko/20100101 Firefox/7.0.1"
10.65.1.139 - - [06/Oct/2011:11:56:46 -0500] "GET /favicon.ico HTTP/1.1" 404 507 "-" "Mozilla/5.0 (Windows NT 6.1; rv:7.0.1) Gecko/20100101 Firefox/7.0.1"
10.65.1.139 - - [06/Oct/2011:11:56:46 -0500] "GET /favicon.ico HTTP/1.1" 404 507 "-" "Mozilla/5.0 (Windows NT 6.1; rv:7.0.1) Gecko/20100101 Firefox/7.0.1"
10.65.1.139 - - [06/Oct/2011:11:56:46 -0500] "GET /favicon.ico HTTP/1.1" 404 507 "-" "Mozilla/5.0 (Windows NT 6.1; rv:7.0.1) Gecko/20100101 Firefox/7.0.1"
10.18.44.43 - - [06/Oct/2011:11:56:49 -0500] "POST /formreturn.php HTTP/1.1" 200 366 "-" "Mozilla/5.0 (Windows NT 6.1; rv:7.0.1) Gecko/20100101 Firefox/7.0.1"
10.65.1.253 - - [06/Oct/2011:11:56:51 -0500] "POST /formreturn.php HTTP/1.1" 200 367 "-" "Mozilla/5.0 (Windows; U; Windows NT 6.1; en-US; rv:1.9.2.17) Gecko/20110420 Firefox/3.6.17"
10.65.1.253 - - [06/Oct/2011:11:56:51 -0500] "GET /favicon.ico HTTP/1.1" 404 507 "-" "Mozilla/5.0 (Windows; U; Windows NT 6.1; en-US; rv:1.9.2.17) Gecko/20110420 Firefox/3.6.17"
10.65.1.253 - - [06/Oct/2011:11:56:51 -0500] "GET /favicon.ico HTTP/1.1" 404 507 "-" "Mozilla/5.0 (Windows; U; Windows NT 6.1; en-US; rv:1.9.2.17) Gecko/20110420 Firefox/3.6.17"
10.65.1.115 - - [06/Oct/2011:11:56:52 -0500] "POST /formreturn.php HTTP/1.1" 200 364 "-" "Mozilla/5.0 (Windows NT 6.1; rv:7.0) Gecko/20100101 Firefox/7.0"
10.65.1.253 - - [06/Oct/2011:11:56:54 -0500] "GET /favicon.ico HTTP/1.1" 404 507 "-" "Mozilla/5.0 (Windows; U; Windows NT 6.1; en-US; rv:1.9.2.17) Gecko/20110420 Firefox/3.6.17"
10.18.44.48 - - [06/Oct/2011:11:56:54 -0500] "POST /formreturn.php HTTP/1.1" 200 359 "-" "Mozilla/5.0 (Windows; U; Windows NT 6.1; en-US; rv:1.9.2.23) Gecko/20110920 Firefox/3.6.23"
10.18.44.48 - - [06/Oct/2011:11:56:54 -0500] "GET /favicon.ico HTTP/1.1" 404 507 "-" "Mozilla/5.0 (Windows; U; Windows NT 6.1; en-US; rv:1.9.2.23) Gecko/20110920 Firefox/3.6.23"
10.18.44.48 - - [06/Oct/2011:11:56:54 -0500] "GET /favicon.ico HTTP/1.1" 404 507 "-" "Mozilla/5.0 (Windows; U; Windows NT 6.1; en-US; rv:1.9.2.23) Gecko/20110920 Firefox/3.6.23"
10.18.44.43 - - [06/Oct/2011:11:56:55 -0500] "POST /formreturn.php HTTP/1.1" 200 365 "-" "Mozilla/5.0 (Windows NT 6.1; rv:7.0.1) Gecko/20100101 Firefox/7.0.1"
10.18.44.48 - - [06/Oct/2011:11:56:57 -0500] "GET /favicon.ico HTTP/1.1" 404 507 "-" "Mozilla/5.0 (Windows; U; Windows NT 6.1; en-US; rv:1.9.2.23) Gecko/20110920 Firefox/3.6.23"
10.18.44.43 - - [06/Oct/2011:11:57:08 -0500] "POST /formreturn.php HTTP/1.1" 200 363 "-" "Mozilla/5.0 (Windows NT 6.1; rv:7.0.1) Gecko/20100101 Firefox/7.0.1"
::1 - - [06/Oct/2011:11:57:14 -0500] "OPTIONS * HTTP/1.0" 200 152 "-" "Apache/2.2.16 (Debian) (internal dummy connection)"
::1 - - [06/Oct/2011:11:57:23 -0500] "OPTIONS * HTTP/1.0" 200 152 "-" "Apache/2.2.16 (Debian) (internal dummy connection)"
10.18.44.41 - - [06/Oct/2011:11:57:26 -0500] "POST /formreturn.php HTTP/1.1" 200 363 "-" "Mozilla/5.0 (Windows NT 6.1; rv:7.0.1) Gecko/20100101 Firefox/7.0.1"
10.65.1.253 - - [06/Oct/2011:11:57:43 -0500] "POST /formreturn.php HTTP/1.1" 200 367 "-" "Mozilla/5.0 (Windows; U; Windows NT 6.1; en-US; rv:1.9.2.17) Gecko/20110420 Firefox/3.6.17"
10.18.44.42 - - [06/Oct/2011:11:57:45 -0500] "POST /formreturn/php HTTP/1.1" 200 361 "-" "Mozilla/5.0 (Windows; U; Windows NT 6.1; en-US; rv:1.9.2.23) Gecko/20110920 Firefox/3.6.23"
10.65.1.253 - - [06/Oct/2011:11:57:46 -0500] "POST /formreturn.php HTTP/1.1" 200 366 "-" "Mozilla/5.0 (Windows; U; Windows NT 6.1; en-US; rv:1.9.2.17) Gecko/20110420 Firefox/3.6.17"
10.65.1.106 - - [06/Oct/2011:11:57:46 -0500] "POST /formreturn.php HTTP/1.1" 200 365 "-" "Mozilla/5.0 (Windows NT 6.1) AppleWebKit/535.1 (KHTML, like Gecko) Chrome/14.0.835.202 Safari/535.1"
10.18.44.50 - - [06/Oct/2011:11:57:46 -0500] "GET /formreturn.php HTTP/1.1" 200 314 "-" "Mozilla/5.0 (Windows NT 6.1; rv:7.0.1) Gecko/20100101 Firefox/7.0.1"
10.65.1.106 - - [06/Oct/2011:11:57:46 -0500] "GET /favicon.ico HTTP/1.1" 404 507 "-" "Mozilla/5.0 (Windows NT 6.1) AppleWebKit/535.1 (KHTML, like Gecko) Chrome/14.0.835.202 Safari/535.1"
10.18.44.51 - - [06/Oct/2011:11:57:55 -0500] "POST /formreturn.php HTTP/1.1" 200 354 "-" "Mozilla/5.0 (Windows NT 6.1) AppleWebKit/535.1 (KHTML, like Gecko) Chrome/14.0.835.202 Safari/535.1"
10.18.44.51 - - [06/Oct/2011:11:57:55 -0500] "GET /favicon.ico HTTP/1.1" 404 507 "-" "Mozilla/5.0 (Windows NT 6.1) AppleWebKit/535.1 (KHTML, like Gecko) Chrome/14.0.835.202 Safari/535.1"
10.18.44.45 - - [06/Oct/2011:11:57:55 -0500] "POST /formreturn.php HTTP/1.1" 200 351 "-" "Mozilla/5.0 (X11; Linux x86_64; rv:6.0.2) Gecko/20100101 Firefox/6.0.2"
10.18.44.44 - - [06/Oct/2011:11:58:19 -0500] "POST /formreturn.php HTTP/1.1" 200 370 "-" "Mozilla/4.0 (compatible; MSIE 8.0; Windows NT 5.1; Trident/4.0; .NET CLR 2.0.50727; .NET CLR 1.1.4322; .NET CLR 3.0.4506.2152; .NET CLR 3.5.30729; InfoPath.2)"
10.18.44.50 - - [06/Oct/2011:11:59:01 -0500] "GET /formreturn.php?first_name=Stephen&last_name=The+Great HTTP/1.1" 200 369 "-" "Mozilla/5.0 (Windows NT 6.1; rv:7.0.1) Gecko/20100101 Firefox/7.0.1"
10.18.44.47 - - [06/Oct/2011:11:59:25 -0500] "POST /formreturn.php HTTP/1.1" 200 368 "-" "Mozilla/5.0 (Windows; U; Windows NT 6.1; en-US; rv:1.9.2.22) Gecko/20110902 Firefox/3.6.22"
10.18.44.47 - - [06/Oct/2011:11:59:25 -0500] "GET /favicon.ico HTTP/1.1" 404 507 "-" "Mozilla/5.0 (Windows; U; Windows NT 6.1; en-US; rv:1.9.2.22) Gecko/20110902 Firefox/3.6.22"
10.18.44.47 - - [06/Oct/2011:11:59:25 -0500] "GET /favicon.ico HTTP/1.1" 404 507 "-" "Mozilla/5.0 (Windows; U; Windows NT 6.1; en-US; rv:1.9.2.22) Gecko/20110902 Firefox/3.6.22"
10.18.44.42 - - [06/Oct/2011:11:59:27 -0500] "POST /formreturn/php HTTP/1.1" 200 361 "-" "Mozilla/5.0 (Windows; U; Windows NT 6.1; en-US; rv:1.9.2.23) Gecko/20110920 Firefox/3.6.23"
10.18.44.47 - - [06/Oct/2011:11:59:28 -0500] "GET /favicon.ico HTTP/1.1" 404 507 "-" "Mozilla/5.0 (Windows; U; Windows NT 6.1; en-US; rv:1.9.2.22) Gecko/20110902 Firefox/3.6.22"
10.18.44.52 - - [06/Oct/2011:11:59:37 -0500] "POST /formreturn.php HTTP/1.1" 200 360 "-" "Mozilla/5.0 (Windows; U; Windows NT 6.1; en-US; rv:1.9.2.23) Gecko/20110920 AskTbBLPV5/3.13.1.18107 Firefox/3.6.23"
10.18.44.52 - - [06/Oct/2011:11:59:37 -0500] "GET /favicon.ico HTTP/1.1" 404 507 "-" "Mozilla/5.0 (Windows; U; Windows NT 6.1; en-US; rv:1.9.2.23) Gecko/20110920 AskTbBLPV5/3.13.1.18107 Firefox/3.6.23"
10.18.44.52 - - [06/Oct/2011:11:59:37 -0500] "GET /favicon.ico HTTP/1.1" 404 507 "-" "Mozilla/5.0 (Windows; U; Windows NT 6.1; en-US; rv:1.9.2.23) Gecko/20110920 AskTbBLPV5/3.13.1.18107 Firefox/3.6.23"
10.18.44.52 - - [06/Oct/2011:11:59:40 -0500] "GET /favicon.ico HTTP/1.1" 404 507 "-" "Mozilla/5.0 (Windows; U; Windows NT 6.1; en-US; rv:1.9.2.23) Gecko/20110920 AskTbBLPV5/3.13.1.18107 Firefox/3.6.23"
10.18.44.50 - - [06/Oct/2011:11:59:49 -0500] "POST /formreturn.php HTTP/1.1" 200 369 "-" "Mozilla/5.0 (Windows NT 6.1; rv:7.0.1) Gecko/20100101 Firefox/7.0.1"
10.18.44.42 - - [06/Oct/2011:12:00:09 -0500] "POST /formreturn/php HTTP/1.1" 200 361 "-" "Mozilla/5.0 (Windows; U; Windows NT 6.1; en-US; rv:1.9.2.23) Gecko/20110920 Firefox/3.6.23"
10.18.44.35 - - [06/Oct/2011:12:02:23 -0500] "POST /formreturn.php HTTP/1.1" 200 365 "-" "Mozilla/5.0 (Windows NT 6.1) AppleWebKit/535.1 (KHTML, like Gecko) Chrome/14.0.835.187 Safari/535.1"
10.18.44.35 - - [06/Oct/2011:12:02:23 -0500] "GET /favicon.ico HTTP/1.1" 404 507 "-" "Mozilla/5.0 (Windows NT 6.1) AppleWebKit/535.1 (KHTML, like Gecko) Chrome/14.0.835.187 Safari/535.1"
10.65.1.253 - - [06/Oct/2011:12:02:28 -0500] "POST /formreturn.php HTTP/1.1" 200 367 "-" "Mozilla/5.0 (Windows; U; Windows NT 6.1; en-US; rv:1.9.2.17) Gecko/20110420 Firefox/3.6.17"
10.65.1.139 - - [06/Oct/2011:12:02:35 -0500] "POST /formreturn.php HTTP/1.1" 200 356 "-" "Mozilla/4.0 (compatible; MSIE 7.0; Windows NT 6.1; Trident/4.0; SLCC2; .NET CLR 2.0.50727; Media Center PC 6.0; InfoPath.2; Tablet PC 2.0; .NET CLR 3.5.30729; .NET CLR 3.0.30729; .NET4.0C; .NET4.0E)"
10.65.1.37 - - [06/Oct/2011:12:03:03 -0500] "POST /formreturn.php HTTP/1.1" 200 367 "-" "Mozilla/5.0 (Windows NT 6.1) AppleWebKit/535.1 (KHTML, like Gecko) Chrome/14.0.835.202 Safari/535.1"
10.65.1.37 - - [06/Oct/2011:12:03:03 -0500] "GET /favicon.ico HTTP/1.1" 404 507 "-" "Mozilla/5.0 (Windows NT 6.1) AppleWebKit/535.1 (KHTML, like Gecko) Chrome/14.0.835.202 Safari/535.1"
10.18.44.44 - - [06/Oct/2011:12:03:19 -0500] "POST /formreturn.php HTTP/1.1" 200 376 "-" "Mozilla/4.0 (compatible; MSIE 8.0; Windows NT 5.1; Trident/4.0; .NET CLR 2.0.50727; .NET CLR 1.1.4322; .NET CLR 3.0.4506.2152; .NET CLR 3.5.30729; InfoPath.2)"
10.65.1.106 - - [06/Oct/2011:12:03:21 -0500] "POST /formreturn.php HTTP/1.1" 200 351 "-" "Mozilla/5.0 (Windows NT 6.1) AppleWebKit/535.1 (KHTML, like Gecko) Chrome/14.0.835.202 Safari/535.1"
10.65.1.106 - - [06/Oct/2011:12:03:21 -0500] "GET /favicon.ico HTTP/1.1" 404 507 "-" "Mozilla/5.0 (Windows NT 6.1) AppleWebKit/535.1 (KHTML, like Gecko) Chrome/14.0.835.202 Safari/535.1"
10.65.1.115 - - [06/Oct/2011:12:04:00 -0500] "POST /formreturn.php HTTP/1.1" 200 351 "-" "Mozilla/5.0 (Windows NT 6.1; rv:7.0) Gecko/20100101 Firefox/7.0"
10.65.1.135 - - [06/Oct/2011:12:04:10 -0500] "POST /formreturn.php HTTP/1.1" 200 381 "-" "Mozilla/5.0 (Windows NT 6.1; rv:7.0.1) Gecko/20100101 Firefox/7.0.1"
10.18.44.43 - - [06/Oct/2011:12:04:16 -0500] "POST /formreturn.php HTTP/1.1" 200 351 "-" "Mozilla/5.0 (Windows NT 6.1; rv:7.0.1) Gecko/20100101 Firefox/7.0.1"
10.18.44.45 - - [06/Oct/2011:12:06:05 -0500] "POST /formreturn.php HTTP/1.1" 200 387 "-" "Mozilla/5.0 (X11; Linux x86_64; rv:6.0.2) Gecko/20100101 Firefox/6.0.2"
10.18.44.41 - - [06/Oct/2011:12:06:09 -0500] "POST /formreturn.php HTTP/1.1" 200 375 "-" "Mozilla/5.0 (Windows NT 6.1; rv:7.0.1) Gecko/20100101 Firefox/7.0.1"
10.18.44.47 - - [06/Oct/2011:12:06:10 -0500] "POST /formreturn.php HTTP/1.1" 200 390 "-" "Mozilla/5.0 (Windows; U; Windows NT 6.1; en-US; rv:1.9.2.22) Gecko/20110902 Firefox/3.6.22"
10.18.44.47 - - [06/Oct/2011:12:06:12 -0500] "GET /favicon.ico HTTP/1.1" 404 507 "-" "Mozilla/5.0 (Windows; U; Windows NT 6.1; en-US; rv:1.9.2.22) Gecko/20110902 Firefox/3.6.22"
10.18.44.51 - - [06/Oct/2011:12:06:29 -0500] "POST /formreturn.php HTTP/1.1" 200 359 "-" "Mozilla/5.0 (Windows NT 6.1) AppleWebKit/535.1 (KHTML, like Gecko) Chrome/14.0.835.202 Safari/535.1"
10.18.44.51 - - [06/Oct/2011:12:06:29 -0500] "GET /favicon.ico HTTP/1.1" 404 507 "-" "Mozilla/5.0 (Windows NT 6.1) AppleWebKit/535.1 (KHTML, like Gecko) Chrome/14.0.835.202 Safari/535.1"
10.18.44.42 - - [06/Oct/2011:12:06:31 -0500] "POST /formreturn/php HTTP/1.1" 200 404 "-" "Mozilla/5.0 (Windows; U; Windows NT 6.1; en-US; rv:1.9.2.23) Gecko/20110920 Firefox/3.6.23"
10.18.44.48 - - [06/Oct/2011:12:06:33 -0500] "GET /formreturn.php?first_name=gdfgvkdngkjndfgkbndfjkgbn&last_name=vvd%2Cnvs%2Cdnfgklnvklsdnvskldncvlvnlsvnlsdn HTTP/1.1" 200 403 "-" "Mozilla/5.0 (Windows; U; Windows NT 6.1; en-US; rv:1.9.2.23) Gecko/20110920 Firefox/3.6.23"
10.65.1.37 - - [06/Oct/2011:12:06:35 -0500] "POST /formreturn.php HTTP/1.1" 200 367 "-" "Mozilla/5.0 (Windows NT 6.1) AppleWebKit/535.1 (KHTML, like Gecko) Chrome/14.0.835.202 Safari/535.1"
10.65.1.37 - - [06/Oct/2011:12:06:35 -0500] "GET /favicon.ico HTTP/1.1" 404 507 "-" "Mozilla/5.0 (Windows NT 6.1) AppleWebKit/535.1 (KHTML, like Gecko) Chrome/14.0.835.202 Safari/535.1"
10.18.44.51 - - [06/Oct/2011:12:07:00 -0500] "POST /formreturn.php HTTP/1.1" 200 356 "-" "Mozilla/5.0 (Windows NT 6.1) AppleWebKit/535.1 (KHTML, like Gecko) Chrome/14.0.835.202 Safari/535.1"
10.18.44.51 - - [06/Oct/2011:12:07:00 -0500] "GET /favicon.ico HTTP/1.1" 404 507 "-" "Mozilla/5.0 (Windows NT 6.1) AppleWebKit/535.1 (KHTML, like Gecko) Chrome/14.0.835.202 Safari/535.1"
10.18.44.34 - - [06/Oct/2011:12:07:03 -0500] "POST /formreturn.php HTTP/1.1" 200 366 "-" "Mozilla/5.0 (Windows; U; Windows NT 6.1; en-US; rv:1.9.2.23) Gecko/20110920 Firefox/3.6.23"
10.18.44.53 - - [06/Oct/2011:12:07:12 -0500] "POST /formreturn.php HTTP/1.1" 200 351 "-" "Mozilla/5.0 (Windows NT 6.1; rv:7.0.1) Gecko/20100101 Firefox/7.0.1"
10.18.44.42 - - [06/Oct/2011:12:07:19 -0500] "POST /formreturn/php HTTP/1.1" 200 404 "-" "Mozilla/5.0 (Windows; U; Windows NT 6.1; en-US; rv:1.9.2.23) Gecko/20110920 Firefox/3.6.23"
10.18.44.39 - - [06/Oct/2011:12:07:26 -0500] "POST /formreturn.php HTTP/1.1" 200 375 "-" "Mozilla/5.0 (Windows NT 6.1; rv:7.0.1) Gecko/20100101 Firefox/7.0.1"
10.18.44.47 - - [06/Oct/2011:12:07:31 -0500] "POST /formreturn.php HTTP/1.1" 200 355 "-" "Mozilla/5.0 (Windows; U; Windows NT 6.1; en-US; rv:1.9.2.22) Gecko/20110902 Firefox/3.6.22"
10.18.44.47 - - [06/Oct/2011:12:07:33 -0500] "GET /favicon.ico HTTP/1.1" 404 507 "-" "Mozilla/5.0 (Windows; U; Windows NT 6.1; en-US; rv:1.9.2.22) Gecko/20110902 Firefox/3.6.22"
10.18.44.53 - - [06/Oct/2011:12:07:41 -0500] "POST /formreturn.php HTTP/1.1" 200 358 "-" "Mozilla/5.0 (Windows NT 6.1; rv:7.0.1) Gecko/20100101 Firefox/7.0.1"
10.18.44.39 - - [06/Oct/2011:12:08:12 -0500] "POST /formreturn.php HTTP/1.1" 200 389 "-" "Mozilla/5.0 (Windows NT 6.1; rv:7.0.1) Gecko/20100101 Firefox/7.0.1"
10.18.44.39 - - [06/Oct/2011:12:10:48 -0500] "POST /formreturn.php HTTP/1.1" 200 372 "-" "Mozilla/5.0 (Windows NT 6.1; rv:7.0.1) Gecko/20100101 Firefox/7.0.1"
10.18.44.53 - - [06/Oct/2011:12:10:48 -0500] "POST /formreturn.php HTTP/1.1" 200 358 "-" "Mozilla/5.0 (Windows NT 6.1; rv:7.0.1) Gecko/20100101 Firefox/7.0.1"
10.18.44.48 - - [06/Oct/2011:12:10:56 -0500] "GET /formreturn.php?first_name=Rob&last_name=MacPherson HTTP/1.1" 200 366 "-" "Mozilla/5.0 (Windows; U; Windows NT 6.1; en-US; rv:1.9.2.23) Gecko/20110920 Firefox/3.6.23"
10.18.44.53 - - [06/Oct/2011:12:11:23 -0500] "POST /formreturn.php HTTP/1.1" 200 358 "-" "Mozilla/5.0 (Windows NT 6.1; rv:7.0.1) Gecko/20100101 Firefox/7.0.1"
10.18.44.53 - - [06/Oct/2011:12:11:23 -0500] "GET /favicon.ico HTTP/1.1" 404 507 "-" "Mozilla/5.0 (Windows NT 6.1; rv:7.0.1) Gecko/20100101 Firefox/7.0.1"
10.18.44.53 - - [06/Oct/2011:12:11:23 -0500] "GET /favicon.ico HTTP/1.1" 404 507 "-" "Mozilla/5.0 (Windows NT 6.1; rv:7.0.1) Gecko/20100101 Firefox/7.0.1"
10.18.44.53 - - [06/Oct/2011:12:11:23 -0500] "GET /favicon.ico HTTP/1.1" 404 507 "-" "Mozilla/5.0 (Windows NT 6.1; rv:7.0.1) Gecko/20100101 Firefox/7.0.1"
10.65.1.37 - - [06/Oct/2011:12:13:04 -0500] "POST /formreturn.php HTTP/1.1" 200 389 "-" "Mozilla/5.0 (Windows NT 6.1) AppleWebKit/535.1 (KHTML, like Gecko) Chrome/14.0.835.202 Safari/535.1"
10.65.1.37 - - [06/Oct/2011:12:13:04 -0500] "GET /favicon.ico HTTP/1.1" 404 507 "-" "Mozilla/5.0 (Windows NT 6.1) AppleWebKit/535.1 (KHTML, like Gecko) Chrome/14.0.835.202 Safari/535.1"
10.65.1.37 - - [06/Oct/2011:12:14:18 -0500] "POST /formreturn.php HTTP/1.1" 200 389 "-" "Mozilla/5.0 (Windows NT 6.1) AppleWebKit/535.1 (KHTML, like Gecko) Chrome/14.0.835.202 Safari/535.1"
10.65.1.37 - - [06/Oct/2011:12:14:18 -0500] "GET /favicon.ico HTTP/1.1" 404 507 "-" "Mozilla/5.0 (Windows NT 6.1) AppleWebKit/535.1 (KHTML, like Gecko) Chrome/14.0.835.202 Safari/535.1"
10.65.1.37 - - [06/Oct/2011:12:14:21 -0500] "POST /formreturn.php HTTP/1.1" 200 388 "-" "Mozilla/5.0 (Windows NT 6.1) AppleWebKit/535.1 (KHTML, like Gecko) Chrome/14.0.835.202 Safari/535.1"
10.65.1.37 - - [06/Oct/2011:12:14:21 -0500] "GET /favicon.ico HTTP/1.1" 404 507 "-" "Mozilla/5.0 (Windows NT 6.1) AppleWebKit/535.1 (KHTML, like Gecko) Chrome/14.0.835.202 Safari/535.1"
10.18.44.34 - - [06/Oct/2011:12:14:32 -0500] "POST /formreturn.php HTTP/1.1" 200 390 "-" "Mozilla/5.0 (Windows; U; Windows NT 6.1; en-US; rv:1.9.2.23) Gecko/20110920 Firefox/3.6.23"
10.18.44.38 - - [06/Oct/2011:12:14:50 -0500] "POST /formreturn.php HTTP/1.1" 200 370 "-" "Mozilla/5.0 (Windows NT 6.1; rv:8.0) Gecko/20100101 Firefox/8.0"
10.18.44.38 - - [06/Oct/2011:12:14:54 -0500] "POST /formreturn.php HTTP/1.1" 200 367 "-" "Mozilla/5.0 (Windows NT 6.1; rv:8.0) Gecko/20100101 Firefox/8.0"
10.18.44.38 - - [06/Oct/2011:12:14:56 -0500] "POST /formreturn.php HTTP/1.1" 200 368 "-" "Mozilla/5.0 (Windows NT 6.1; rv:8.0) Gecko/20100101 Firefox/8.0"
10.18.44.51 - - [06/Oct/2011:12:15:00 -0500] "POST /formreturn.php HTTP/1.1" 200 387 "-" "Mozilla/5.0 (Windows NT 6.1) AppleWebKit/535.1 (KHTML, like Gecko) Chrome/14.0.835.202 Safari/535.1"
10.18.44.51 - - [06/Oct/2011:12:15:01 -0500] "GET /favicon.ico HTTP/1.1" 404 507 "-" "Mozilla/5.0 (Windows NT 6.1) AppleWebKit/535.1 (KHTML, like Gecko) Chrome/14.0.835.202 Safari/535.1"
10.18.44.41 - - [06/Oct/2011:12:15:02 -0500] "POST /formreturn.php HTTP/1.1" 200 389 "-" "Mozilla/5.0 (Windows NT 6.1; rv:7.0.1) Gecko/20100101 Firefox/7.0.1"
10.18.44.51 - - [06/Oct/2011:12:15:04 -0500] "POST /formreturn.php HTTP/1.1" 200 386 "-" "Mozilla/5.0 (Windows NT 6.1) AppleWebKit/535.1 (KHTML, like Gecko) Chrome/14.0.835.202 Safari/535.1"
10.18.44.51 - - [06/Oct/2011:12:15:04 -0500] "GET /favicon.ico HTTP/1.1" 404 507 "-" "Mozilla/5.0 (Windows NT 6.1) AppleWebKit/535.1 (KHTML, like Gecko) Chrome/14.0.835.202 Safari/535.1"
10.18.44.51 - - [06/Oct/2011:12:15:31 -0500] "POST /formreturn.php HTTP/1.1" 200 386 "-" "Mozilla/5.0 (Windows NT 6.1) AppleWebKit/535.1 (KHTML, like Gecko) Chrome/14.0.835.202 Safari/535.1"
10.18.44.51 - - [06/Oct/2011:12:15:31 -0500] "GET /favicon.ico HTTP/1.1" 404 507 "-" "Mozilla/5.0 (Windows NT 6.1) AppleWebKit/535.1 (KHTML, like Gecko) Chrome/14.0.835.202 Safari/535.1"
10.18.44.51 - - [06/Oct/2011:12:15:36 -0500] "POST /formreturn.php HTTP/1.1" 200 386 "-" "Mozilla/5.0 (Windows NT 6.1) AppleWebKit/535.1 (KHTML, like Gecko) Chrome/14.0.835.202 Safari/535.1"
10.18.44.51 - - [06/Oct/2011:12:15:37 -0500] "GET /favicon.ico HTTP/1.1" 404 507 "-" "Mozilla/5.0 (Windows NT 6.1) AppleWebKit/535.1 (KHTML, like Gecko) Chrome/14.0.835.202 Safari/535.1"
10.18.44.47 - - [06/Oct/2011:12:15:47 -0500] "POST /formreturn.php HTTP/1.1" 200 389 "-" "Mozilla/5.0 (Windows; U; Windows NT 6.1; en-US; rv:1.9.2.22) Gecko/20110902 Firefox/3.6.22"
10.18.44.50 - - [06/Oct/2011:12:15:49 -0500] "POST /formreturn.php HTTP/1.1" 200 387 "-" "Mozilla/5.0 (Windows NT 6.1; rv:7.0.1) Gecko/20100101 Firefox/7.0.1"
10.18.44.47 - - [06/Oct/2011:12:15:50 -0500] "GET /favicon.ico HTTP/1.1" 404 507 "-" "Mozilla/5.0 (Windows; U; Windows NT 6.1; en-US; rv:1.9.2.22) Gecko/20110902 Firefox/3.6.22"
10.18.44.34 - - [06/Oct/2011:12:15:50 -0500] "POST /formreturn.php HTTP/1.1" 200 389 "-" "Mozilla/5.0 (Windows; U; Windows NT 6.1; en-US; rv:1.9.2.23) Gecko/20110920 Firefox/3.6.23"
10.18.44.39 - - [06/Oct/2011:12:15:51 -0500] "POST /formreturn.php HTTP/1.1" 200 389 "-" "Mozilla/5.0 (Windows NT 6.1; rv:7.0.1) Gecko/20100101 Firefox/7.0.1"
10.18.44.53 - - [06/Oct/2011:12:15:52 -0500] "POST /formreturn.php HTTP/1.1" 200 376 "-" "Mozilla/5.0 (Windows NT 6.1; rv:7.0.1) Gecko/20100101 Firefox/7.0.1"
10.18.44.53 - - [06/Oct/2011:12:15:52 -0500] "GET /favicon.ico HTTP/1.1" 404 507 "-" "Mozilla/5.0 (Windows NT 6.1; rv:7.0.1) Gecko/20100101 Firefox/7.0.1"
10.18.44.53 - - [06/Oct/2011:12:15:52 -0500] "GET /favicon.ico HTTP/1.1" 404 507 "-" "Mozilla/5.0 (Windows NT 6.1; rv:7.0.1) Gecko/20100101 Firefox/7.0.1"
10.18.44.53 - - [06/Oct/2011:12:15:52 -0500] "GET /favicon.ico HTTP/1.1" 404 507 "-" "Mozilla/5.0 (Windows NT 6.1; rv:7.0.1) Gecko/20100101 Firefox/7.0.1"
10.18.44.41 - - [06/Oct/2011:12:15:54 -0500] "POST /formreturn.php HTTP/1.1" 200 387 "-" "Mozilla/5.0 (Windows NT 6.1; rv:7.0.1) Gecko/20100101 Firefox/7.0.1"
10.65.4.236 - - [06/Oct/2011:12:15:56 -0500] "POST /formreturn.php HTTP/1.1" 200 387 "-" "Mozilla/5.0 (Windows NT 6.1; rv:8.0) Gecko/20100101 Firefox/8.0"
10.65.1.135 - - [06/Oct/2011:12:15:56 -0500] "POST /formreturn.php HTTP/1.1" 200 395 "-" "Mozilla/5.0 (Windows NT 6.1; rv:7.0.1) Gecko/20100101 Firefox/7.0.1"
10.18.44.44 - - [06/Oct/2011:12:15:56 -0500] "POST /formreturn.php HTTP/1.1" 200 391 "-" "Mozilla/4.0 (compatible; MSIE 8.0; Windows NT 5.1; Trident/4.0; .NET CLR 2.0.50727; .NET CLR 1.1.4322; .NET CLR 3.0.4506.2152; .NET CLR 3.5.30729; InfoPath.2)"
10.65.4.236 - - [06/Oct/2011:12:16:02 -0500] "POST /formreturn.php HTTP/1.1" 200 388 "-" "Mozilla/5.0 (Windows NT 6.1; rv:8.0) Gecko/20100101 Firefox/8.0"
10.18.44.41 - - [06/Oct/2011:12:16:02 -0500] "POST /formreturn.php HTTP/1.1" 200 388 "-" "Mozilla/5.0 (Windows NT 6.1; rv:7.0.1) Gecko/20100101 Firefox/7.0.1"
10.18.44.48 - - [06/Oct/2011:12:16:04 -0500] "GET /formreturn.php?first_name=enter+first+name&last_name=enter+last+name&thedoctor=Rose HTTP/1.1" 200 383 "-" "Mozilla/5.0 (Windows; U; Windows NT 6.1; en-US; rv:1.9.2.23) Gecko/20110920 Firefox/3.6.23"
10.65.1.135 - - [06/Oct/2011:12:16:04 -0500] "POST /formreturn.php HTTP/1.1" 200 394 "-" "Mozilla/5.0 (Windows NT 6.1; rv:7.0.1) Gecko/20100101 Firefox/7.0.1"
10.18.44.41 - - [06/Oct/2011:12:16:06 -0500] "POST /formreturn.php HTTP/1.1" 200 388 "-" "Mozilla/5.0 (Windows NT 6.1; rv:7.0.1) Gecko/20100101 Firefox/7.0.1"
10.65.4.236 - - [06/Oct/2011:12:16:07 -0500] "POST /formreturn.php HTTP/1.1" 200 388 "-" "Mozilla/5.0 (Windows NT 6.1; rv:8.0) Gecko/20100101 Firefox/8.0"
10.18.44.53 - - [06/Oct/2011:12:16:09 -0500] "POST /formreturn.php HTTP/1.1" 200 376 "-" "Mozilla/5.0 (Windows NT 6.1; rv:7.0.1) Gecko/20100101 Firefox/7.0.1"
10.18.44.42 - - [06/Oct/2011:12:16:11 -0500] "POST /formreturn/php HTTP/1.1" 200 389 "-" "Mozilla/5.0 (Windows; U; Windows NT 6.1; en-US; rv:1.9.2.23) Gecko/20110920 Firefox/3.6.23"
10.18.44.37 - - [06/Oct/2011:12:16:11 -0500] "POST /formreturn.php HTTP/1.1" 200 387 "-" "Mozilla/5.0 (X11; Linux x86_64; rv:7.0.1) Gecko/20100101 Firefox/7.0.1"
::1 - - [06/Oct/2011:12:16:24 -0500] "OPTIONS * HTTP/1.0" 200 152 "-" "Apache/2.2.16 (Debian) (internal dummy connection)"
::1 - - [06/Oct/2011:12:16:26 -0500] "OPTIONS * HTTP/1.0" 200 152 "-" "Apache/2.2.16 (Debian) (internal dummy connection)"
::1 - - [06/Oct/2011:12:16:28 -0500] "OPTIONS * HTTP/1.0" 200 152 "-" "Apache/2.2.16 (Debian) (internal dummy connection)"
10.18.44.54 - - [06/Oct/2011:12:16:31 -0500] "POST /formreturn.php HTTP/1.1" 200 392 "-" "Mozilla/5.0 (Windows NT 6.1; rv:7.0.1) Gecko/20100101 Firefox/7.0.1"
10.65.1.106 - - [06/Oct/2011:12:16:32 -0500] "POST /formreturn.php HTTP/1.1" 200 385 "-" "Mozilla/5.0 (Windows NT 6.1) AppleWebKit/535.1 (KHTML, like Gecko) Chrome/14.0.835.202 Safari/535.1"
10.65.1.106 - - [06/Oct/2011:12:16:32 -0500] "GET /favicon.ico HTTP/1.1" 404 507 "-" "Mozilla/5.0 (Windows NT 6.1) AppleWebKit/535.1 (KHTML, like Gecko) Chrome/14.0.835.202 Safari/535.1"
10.65.1.153 - - [06/Oct/2011:12:16:32 -0500] "POST /formreturn.php HTTP/1.1" 200 387 "-" "Mozilla/5.0 (X11; Linux x86_64; rv:6.0.2) Gecko/20100101 Firefox/6.0.2"
10.18.44.35 - - [06/Oct/2011:12:16:40 -0500] "POST /formreturn.php HTTP/1.1" 200 381 "-" "Mozilla/5.0 (Windows NT 6.1) AppleWebKit/535.1 (KHTML, like Gecko) Chrome/14.0.835.187 Safari/535.1"
10.18.44.35 - - [06/Oct/2011:12:16:40 -0500] "GET /favicon.ico HTTP/1.1" 404 507 "-" "Mozilla/5.0 (Windows NT 6.1) AppleWebKit/535.1 (KHTML, like Gecko) Chrome/14.0.835.187 Safari/535.1"
10.65.1.106 - - [06/Oct/2011:12:16:41 -0500] "POST /formreturn.php HTTP/1.1" 200 387 "-" "Mozilla/5.0 (Windows NT 6.1) AppleWebKit/535.1 (KHTML, like Gecko) Chrome/14.0.835.202 Safari/535.1"
10.65.1.106 - - [06/Oct/2011:12:16:42 -0500] "GET /favicon.ico HTTP/1.1" 404 507 "-" "Mozilla/5.0 (Windows NT 6.1) AppleWebKit/535.1 (KHTML, like Gecko) Chrome/14.0.835.202 Safari/535.1"
10.18.44.54 - - [06/Oct/2011:12:17:31 -0500] "POST /formreturn.php HTTP/1.1" 200 389 "-" "Mozilla/5.0 (Windows NT 6.1; rv:7.0.1) Gecko/20100101 Firefox/7.0.1"
10.18.44.34 - - [06/Oct/2011:12:19:05 -0500] "POST /formreturn.php HTTP/1.1" 200 387 "-" "Mozilla/5.0 (Windows; U; Windows NT 6.1; en-US; rv:1.9.2.23) Gecko/20110920 Firefox/3.6.23"
10.65.1.153 - - [06/Oct/2011:12:20:36 -0500] "POST /formreturn.php HTTP/1.1" 200 397 "-" "Mozilla/5.0 (X11; Linux x86_64; rv:6.0.2) Gecko/20100101 Firefox/6.0.2"
10.18.44.51 - - [06/Oct/2011:12:21:03 -0500] "POST /formreturn.php HTTP/1.1" 200 397 "-" "Mozilla/5.0 (Windows NT 6.1) AppleWebKit/535.1 (KHTML, like Gecko) Chrome/14.0.835.202 Safari/535.1"
10.18.44.51 - - [06/Oct/2011:12:21:03 -0500] "GET /favicon.ico HTTP/1.1" 404 507 "-" "Mozilla/5.0 (Windows NT 6.1) AppleWebKit/535.1 (KHTML, like Gecko) Chrome/14.0.835.202 Safari/535.1"
10.18.44.50 - - [06/Oct/2011:12:21:29 -0500] "POST /formreturn.php HTTP/1.1" 200 403 "-" "Mozilla/5.0 (Windows NT 6.1; rv:7.0.1) Gecko/20100101 Firefox/7.0.1"
10.18.44.34 - - [06/Oct/2011:12:21:32 -0500] "POST /formreturn.php HTTP/1.1" 200 389 "-" "Mozilla/5.0 (Windows; U; Windows NT 6.1; en-US; rv:1.9.2.23) Gecko/20110920 Firefox/3.6.23"
10.65.1.153 - - [06/Oct/2011:12:21:34 -0500] "POST /formreturn.php HTTP/1.1" 200 397 "-" "Mozilla/5.0 (X11; Linux x86_64; rv:6.0.2) Gecko/20100101 Firefox/6.0.2"
10.65.4.236 - - [06/Oct/2011:12:21:35 -0500] "POST /formreturn.php HTTP/1.1" 200 413 "-" "Mozilla/5.0 (Windows NT 6.1; rv:8.0) Gecko/20100101 Firefox/8.0"
10.18.44.53 - - [06/Oct/2011:12:21:37 -0500] "POST /formreturn.php HTTP/1.1" 200 376 "-" "Mozilla/5.0 (Windows NT 6.1; rv:7.0.1) Gecko/20100101 Firefox/7.0.1"
10.18.44.53 - - [06/Oct/2011:12:21:37 -0500] "GET /favicon.ico HTTP/1.1" 404 507 "-" "Mozilla/5.0 (Windows NT 6.1; rv:7.0.1) Gecko/20100101 Firefox/7.0.1"
10.18.44.53 - - [06/Oct/2011:12:21:37 -0500] "GET /favicon.ico HTTP/1.1" 404 507 "-" "Mozilla/5.0 (Windows NT 6.1; rv:7.0.1) Gecko/20100101 Firefox/7.0.1"
10.18.44.53 - - [06/Oct/2011:12:21:37 -0500] "GET /favicon.ico HTTP/1.1" 404 507 "-" "Mozilla/5.0 (Windows NT 6.1; rv:7.0.1) Gecko/20100101 Firefox/7.0.1"
10.65.1.135 - - [06/Oct/2011:12:21:38 -0500] "POST /formreturn.php HTTP/1.1" 200 404 "-" "Mozilla/5.0 (Windows NT 6.1; rv:7.0.1) Gecko/20100101 Firefox/7.0.1"
10.18.44.43 - - [06/Oct/2011:12:21:40 -0500] "POST /formreturn.php HTTP/1.1" 200 410 "-" "Mozilla/5.0 (Windows NT 6.1; rv:7.0.1) Gecko/20100101 Firefox/7.0.1"
10.18.44.39 - - [06/Oct/2011:12:21:42 -0500] "POST /formreturn.php HTTP/1.1" 200 400 "-" "Mozilla/5.0 (Windows NT 6.1; rv:7.0.1) Gecko/20100101 Firefox/7.0.1"
10.18.44.53 - - [06/Oct/2011:12:21:44 -0500] "POST /formreturn.php HTTP/1.1" 200 390 "-" "Mozilla/5.0 (Windows NT 6.1; rv:7.0.1) Gecko/20100101 Firefox/7.0.1"
10.18.44.46 - - [06/Oct/2011:12:21:46 -0500] "POST /formreturn.php HTTP/1.1" 200 368 "-" "Mozilla/5.0 (Windows; U; Windows NT 6.1; en-US; rv:1.9.1.14pre) Gecko/20110126 Komodo/6.1.2"
10.18.44.41 - - [06/Oct/2011:12:21:49 -0500] "POST /formreturn.php HTTP/1.1" 200 403 "-" "Mozilla/5.0 (Windows NT 6.1; rv:7.0.1) Gecko/20100101 Firefox/7.0.1"
10.18.44.47 - - [06/Oct/2011:12:21:56 -0500] "POST /formreturn.php HTTP/1.1" 200 388 "-" "Mozilla/5.0 (Windows; U; Windows NT 6.1; en-US; rv:1.9.2.22) Gecko/20110902 Firefox/3.6.22"
10.18.44.54 - - [06/Oct/2011:12:21:57 -0500] "POST /formreturn.php HTTP/1.1" 200 400 "-" "Mozilla/5.0 (Windows NT 6.1; rv:7.0.1) Gecko/20100101 Firefox/7.0.1"
10.18.44.47 - - [06/Oct/2011:12:21:58 -0500] "GET /favicon.ico HTTP/1.1" 404 507 "-" "Mozilla/5.0 (Windows; U; Windows NT 6.1; en-US; rv:1.9.2.22) Gecko/20110902 Firefox/3.6.22"
::1 - - [06/Oct/2011:12:22:03 -0500] "OPTIONS * HTTP/1.0" 200 152 "-" "Apache/2.2.16 (Debian) (internal dummy connection)"
::1 - - [06/Oct/2011:12:22:05 -0500] "OPTIONS * HTTP/1.0" 200 152 "-" "Apache/2.2.16 (Debian) (internal dummy connection)"
10.18.44.46 - - [06/Oct/2011:12:22:10 -0500] "POST /formreturn.php HTTP/1.1" 200 368 "-" "Mozilla/5.0 (Windows; U; Windows NT 6.1; en-US; rv:1.9.1.14pre) Gecko/20110126 Komodo/6.1.2"
10.18.44.41 - - [06/Oct/2011:12:22:12 -0500] "POST /formreturn.php HTTP/1.1" 200 403 "-" "Mozilla/5.0 (Windows NT 6.1; rv:7.0.1) Gecko/20100101 Firefox/7.0.1"
10.18.44.34 - - [06/Oct/2011:12:22:14 -0500] "POST /formreturn.php HTTP/1.1" 200 415 "-" "Mozilla/5.0 (Windows; U; Windows NT 6.1; en-US; rv:1.9.2.23) Gecko/20110920 Firefox/3.6.23"
10.65.1.37 - - [06/Oct/2011:12:22:14 -0500] "POST /formreturn.php HTTP/1.1" 200 415 "-" "Mozilla/5.0 (Windows NT 6.1) AppleWebKit/535.1 (KHTML, like Gecko) Chrome/14.0.835.202 Safari/535.1"
10.65.1.37 - - [06/Oct/2011:12:22:14 -0500] "GET /favicon.ico HTTP/1.1" 404 507 "-" "Mozilla/5.0 (Windows NT 6.1) AppleWebKit/535.1 (KHTML, like Gecko) Chrome/14.0.835.202 Safari/535.1"
10.18.44.50 - - [06/Oct/2011:12:22:15 -0500] "POST /formreturn.php HTTP/1.1" 200 426 "-" "Mozilla/5.0 (Windows NT 6.1; rv:7.0.1) Gecko/20100101 Firefox/7.0.1"
10.65.1.153 - - [06/Oct/2011:12:22:17 -0500] "POST /formreturn.php HTTP/1.1" 200 397 "-" "Mozilla/5.0 (X11; Linux x86_64; rv:6.0.2) Gecko/20100101 Firefox/6.0.2"
10.65.1.135 - - [06/Oct/2011:12:22:19 -0500] "POST /formreturn.php HTTP/1.1" 200 430 "-" "Mozilla/5.0 (Windows NT 6.1; rv:7.0.1) Gecko/20100101 Firefox/7.0.1"
10.18.44.37 - - [06/Oct/2011:12:22:22 -0500] "POST /formreturn.php HTTP/1.1" 200 412 "-" "Mozilla/5.0 (X11; Linux x86_64; rv:7.0.1) Gecko/20100101 Firefox/7.0.1"
10.18.44.51 - - [06/Oct/2011:12:22:23 -0500] "POST /formreturn.php HTTP/1.1" 200 413 "-" "Mozilla/5.0 (Windows NT 6.1) AppleWebKit/535.1 (KHTML, like Gecko) Chrome/14.0.835.202 Safari/535.1"
10.18.44.51 - - [06/Oct/2011:12:22:23 -0500] "GET /favicon.ico HTTP/1.1" 404 507 "-" "Mozilla/5.0 (Windows NT 6.1) AppleWebKit/535.1 (KHTML, like Gecko) Chrome/14.0.835.202 Safari/535.1"
10.18.44.38 - - [06/Oct/2011:12:22:25 -0500] "POST /formreturn.php HTTP/1.1" 200 385 "-" "Mozilla/5.0 (Windows NT 6.1; rv:8.0) Gecko/20100101 Firefox/8.0"
10.65.1.153 - - [06/Oct/2011:12:22:25 -0500] "POST /formreturn.php HTTP/1.1" 200 394 "-" "Mozilla/5.0 (X11; Linux x86_64; rv:6.0.2) Gecko/20100101 Firefox/6.0.2"
10.65.1.115 - - [06/Oct/2011:12:22:25 -0500] "POST /formreturn.php HTTP/1.1" 200 407 "-" "Mozilla/5.0 (Windows NT 6.1; rv:7.0) Gecko/20100101 Firefox/7.0"
10.18.44.39 - - [06/Oct/2011:12:22:26 -0500] "POST /formreturn.php HTTP/1.1" 200 426 "-" "Mozilla/5.0 (Windows NT 6.1; rv:7.0.1) Gecko/20100101 Firefox/7.0.1"
::1 - - [06/Oct/2011:12:22:31 -0500] "OPTIONS * HTTP/1.0" 200 152 "-" "Apache/2.2.16 (Debian) (internal dummy connection)"
10.65.4.236 - - [06/Oct/2011:12:22:31 -0500] "POST /formreturn.php HTTP/1.1" 200 425 "-" "Mozilla/5.0 (Windows NT 6.1; rv:8.0) Gecko/20100101 Firefox/8.0"
10.18.44.50 - - [06/Oct/2011:12:22:35 -0500] "POST /formreturn.php HTTP/1.1" 200 426 "-" "Mozilla/5.0 (Windows NT 6.1; rv:7.0.1) Gecko/20100101 Firefox/7.0.1"
::1 - - [06/Oct/2011:12:22:40 -0500] "OPTIONS * HTTP/1.0" 200 152 "-" "Apache/2.2.16 (Debian) (internal dummy connection)"
10.18.44.43 - - [06/Oct/2011:12:22:40 -0500] "POST /formreturn.php HTTP/1.1" 200 428 "-" "Mozilla/5.0 (Windows NT 6.1; rv:7.0.1) Gecko/20100101 Firefox/7.0.1"
::1 - - [06/Oct/2011:12:22:41 -0500] "OPTIONS * HTTP/1.0" 200 152 "-" "Apache/2.2.16 (Debian) (internal dummy connection)"
::1 - - [06/Oct/2011:12:22:42 -0500] "OPTIONS * HTTP/1.0" 200 152 "-" "Apache/2.2.16 (Debian) (internal dummy connection)"
::1 - - [06/Oct/2011:12:22:43 -0500] "OPTIONS * HTTP/1.0" 200 152 "-" "Apache/2.2.16 (Debian) (internal dummy connection)"
10.18.44.42 - - [06/Oct/2011:12:22:46 -0500] "POST /formreturn/php HTTP/1.1" 200 419 "-" "Mozilla/5.0 (Windows; U; Windows NT 6.1; en-US; rv:1.9.2.23) Gecko/20110920 Firefox/3.6.23"
10.18.44.36 - - [06/Oct/2011:12:22:48 -0500] "POST /formreturn.php HTTP/1.1" 200 402 "-" "Mozilla/5.0 (Windows NT 6.1) AppleWebKit/535.2 (KHTML, like Gecko) Chrome/15.0.874.81 Safari/535.2"
10.18.44.36 - - [06/Oct/2011:12:22:48 -0500] "GET /favicon.ico HTTP/1.1" 404 507 "-" "Mozilla/5.0 (Windows NT 6.1) AppleWebKit/535.2 (KHTML, like Gecko) Chrome/15.0.874.81 Safari/535.2"
