10.20.2.178 - - [29/Oct/2012:11:01:37 -0500] "GET /spinabifida/administrator/components/com_jdownloads/images/m_categories.gif HTTP/1.1" 200 942 "http://bitaction01.academic.rrc.ca/spinabifida/administrator/index.php" "Mozilla/5.0 (Windows NT 6.1) AppleWebKit/537.4 (KHTML, like Gecko) Chrome/22.0.1229.94 Safari/537.4"
10.20.2.178 - - [29/Oct/2012:11:01:37 -0500] "GET /spinabifida/administrator/components/com_jdownloads/images/m_downloads.gif HTTP/1.1" 200 888 "http://bitaction01.academic.rrc.ca/spinabifida/administrator/index.php" "Mozilla/5.0 (Windows NT 6.1) AppleWebKit/537.4 (KHTML, like Gecko) Chrome/22.0.1229.94 Safari/537.4"
10.20.2.178 - - [29/Oct/2012:11:01:37 -0500] "GET /spinabifida/administrator/components/com_jdownloads/images/m_files.gif HTTP/1.1" 200 1304 "http://bitaction01.academic.rrc.ca/spinabifida/administrator/index.php" "Mozilla/5.0 (Windows NT 6.1) AppleWebKit/537.4 (KHTML, like Gecko) Chrome/22.0.1229.94 Safari/537.4"
10.20.2.178 - - [29/Oct/2012:11:01:37 -0500] "GET /spinabifida/administrator/components/com_jdownloads/images/m_licenses.gif HTTP/1.1" 200 915 "http://bitaction01.academic.rrc.ca/spinabifida/administrator/index.php" "Mozilla/5.0 (Windows NT 6.1) AppleWebKit/537.4 (KHTML, like Gecko) Chrome/22.0.1229.94 Safari/537.4"
10.20.2.178 - - [29/Oct/2012:11:01:37 -0500] "GET /spinabifida/administrator/components/com_jdownloads/images/m_groups.gif HTTP/1.1" 200 895 "http://bitaction01.academic.rrc.ca/spinabifida/administrator/index.php" "Mozilla/5.0 (Windows NT 6.1) AppleWebKit/537.4 (KHTML, like Gecko) Chrome/22.0.1229.94 Safari/537.4"
10.20.2.178 - - [29/Oct/2012:11:01:37 -0500] "GET /spinabifida/administrator/components/com_jdownloads/images/m_templates.gif HTTP/1.1" 200 878 "http://bitaction01.academic.rrc.ca/spinabifida/administrator/index.php" "Mozilla/5.0 (Windows NT 6.1) AppleWebKit/537.4 (KHTML, like Gecko) Chrome/22.0.1229.94 Safari/537.4"
10.20.2.178 - - [29/Oct/2012:11:01:37 -0500] "GET /spinabifida/administrator/components/com_jdownloads/images/m_logs.gif HTTP/1.1" 200 940 "http://bitaction01.academic.rrc.ca/spinabifida/administrator/index.php" "Mozilla/5.0 (Windows NT 6.1) AppleWebKit/537.4 (KHTML, like Gecko) Chrome/22.0.1229.94 Safari/537.4"
10.20.2.178 - - [29/Oct/2012:11:01:37 -0500] "GET /spinabifida/administrator/components/com_jdownloads/images/m_config.gif HTTP/1.1" 200 645 "http://bitaction01.academic.rrc.ca/spinabifida/administrator/index.php" "Mozilla/5.0 (Windows NT 6.1) AppleWebKit/537.4 (KHTML, like Gecko) Chrome/22.0.1229.94 Safari/537.4"
10.20.2.178 - - [29/Oct/2012:11:01:37 -0500] "GET /spinabifida/administrator/components/com_jdownloads/images/m_backup.gif HTTP/1.1" 200 875 "http://bitaction01.academic.rrc.ca/spinabifida/administrator/index.php" "Mozilla/5.0 (Windows NT 6.1) AppleWebKit/537.4 (KHTML, like Gecko) Chrome/22.0.1229.94 Safari/537.4"
10.20.2.178 - - [29/Oct/2012:11:01:37 -0500] "GET /spinabifida/administrator/components/com_jdownloads/images/m_restore.gif HTTP/1.1" 200 873 "http://bitaction01.academic.rrc.ca/spinabifida/administrator/index.php" "Mozilla/5.0 (Windows NT 6.1) AppleWebKit/537.4 (KHTML, like Gecko) Chrome/22.0.1229.94 Safari/537.4"
10.20.2.178 - - [29/Oct/2012:11:01:37 -0500] "GET /spinabifida/administrator/components/com_jdownloads/images/m_info.gif HTTP/1.1" 200 890 "http://bitaction01.academic.rrc.ca/spinabifida/administrator/index.php" "Mozilla/5.0 (Windows NT 6.1) AppleWebKit/537.4 (KHTML, like Gecko) Chrome/22.0.1229.94 Safari/537.4"
10.20.2.178 - - [29/Oct/2012:11:01:37 -0500] "GET /spinabifida/administrator/templates/bluestork/images/menu/icon-16-module.png HTTP/1.1" 200 731 "http://bitaction01.academic.rrc.ca/spinabifida/administrator/index.php" "Mozilla/5.0 (Windows NT 6.1) AppleWebKit/537.4 (KHTML, like Gecko) Chrome/22.0.1229.94 Safari/537.4"
10.20.2.178 - - [29/Oct/2012:11:01:37 -0500] "GET /spinabifida/administrator/templates/bluestork/images/menu/icon-16-help.png HTTP/1.1" 200 1056 "http://bitaction01.academic.rrc.ca/spinabifida/administrator/index.php" "Mozilla/5.0 (Windows NT 6.1) AppleWebKit/537.4 (KHTML, like Gecko) Chrome/22.0.1229.94 Safari/537.4"
10.20.2.178 - - [29/Oct/2012:11:01:37 -0500] "GET /spinabifida/administrator/templates/bluestork/images/menu/icon-16-help-forum.png HTTP/1.1" 200 772 "http://bitaction01.academic.rrc.ca/spinabifida/administrator/index.php" "Mozilla/5.0 (Windows NT 6.1) AppleWebKit/537.4 (KHTML, like Gecko) Chrome/22.0.1229.94 Safari/537.4"
10.20.2.178 - - [29/Oct/2012:11:01:37 -0500] "GET /spinabifida/administrator/templates/bluestork/images/menu/icon-16-help-docs.png HTTP/1.1" 200 810 "http://bitaction01.academic.rrc.ca/spinabifida/administrator/index.php" "Mozilla/5.0 (Windows NT 6.1) AppleWebKit/537.4 (KHTML, like Gecko) Chrome/22.0.1229.94 Safari/537.4"
10.20.2.178 - - [29/Oct/2012:11:01:37 -0500] "GET /spinabifida/administrator/templates/bluestork/images/menu/icon-16-help-jed.png HTTP/1.1" 200 767 "http://bitaction01.academic.rrc.ca/spinabifida/administrator/index.php" "Mozilla/5.0 (Windows NT 6.1) AppleWebKit/537.4 (KHTML, like Gecko) Chrome/22.0.1229.94 Safari/537.4"
10.20.2.178 - - [29/Oct/2012:11:01:37 -0500] "GET /spinabifida/administrator/templates/bluestork/images/menu/icon-16-help-trans.png HTTP/1.1" 200 916 "http://bitaction01.academic.rrc.ca/spinabifida/administrator/index.php" "Mozilla/5.0 (Windows NT 6.1) AppleWebKit/537.4 (KHTML, like Gecko) Chrome/22.0.1229.94 Safari/537.4"
10.20.2.178 - - [29/Oct/2012:11:01:37 -0500] "GET /spinabifida/administrator/templates/bluestork/images/menu/icon-16-help-jrd.png HTTP/1.1" 200 814 "http://bitaction01.academic.rrc.ca/spinabifida/administrator/index.php" "Mozilla/5.0 (Windows NT 6.1) AppleWebKit/537.4 (KHTML, like Gecko) Chrome/22.0.1229.94 Safari/537.4"
10.20.2.178 - - [29/Oct/2012:11:01:37 -0500] "GET /spinabifida/administrator/templates/bluestork/images/menu/icon-16-help-community.png HTTP/1.1" 200 991 "http://bitaction01.academic.rrc.ca/spinabifida/administrator/index.php" "Mozilla/5.0 (Windows NT 6.1) AppleWebKit/537.4 (KHTML, like Gecko) Chrome/22.0.1229.94 Safari/537.4"
10.20.2.178 - - [29/Oct/2012:11:01:37 -0500] "GET /spinabifida/administrator/templates/bluestork/images/menu/icon-16-help-security.png HTTP/1.1" 200 929 "http://bitaction01.academic.rrc.ca/spinabifida/administrator/index.php" "Mozilla/5.0 (Windows NT 6.1) AppleWebKit/537.4 (KHTML, like Gecko) Chrome/22.0.1229.94 Safari/537.4"
10.20.2.178 - - [29/Oct/2012:11:01:37 -0500] "GET /spinabifida/administrator/templates/bluestork/images/menu/icon-16-help-dev.png HTTP/1.1" 200 804 "http://bitaction01.academic.rrc.ca/spinabifida/administrator/index.php" "Mozilla/5.0 (Windows NT 6.1) AppleWebKit/537.4 (KHTML, like Gecko) Chrome/22.0.1229.94 Safari/537.4"
10.20.2.178 - - [29/Oct/2012:11:01:37 -0500] "GET /spinabifida/administrator/templates/bluestork/images/menu/icon-16-help-shop.png HTTP/1.1" 200 810 "http://bitaction01.academic.rrc.ca/spinabifida/administrator/index.php" "Mozilla/5.0 (Windows NT 6.1) AppleWebKit/537.4 (KHTML, like Gecko) Chrome/22.0.1229.94 Safari/537.4"
10.20.2.178 - - [29/Oct/2012:11:01:37 -0500] "GET /spinabifida/administrator/templates/bluestork/images/header/icon-48-article-add.png HTTP/1.1" 200 2568 "http://bitaction01.academic.rrc.ca/spinabifida/administrator/index.php" "Mozilla/5.0 (Windows NT 6.1) AppleWebKit/537.4 (KHTML, like Gecko) Chrome/22.0.1229.94 Safari/537.4"
10.20.2.178 - - [29/Oct/2012:11:01:37 -0500] "GET /spinabifida/administrator/templates/bluestork/images/header/icon-48-article.png HTTP/1.1" 200 2321 "http://bitaction01.academic.rrc.ca/spinabifida/administrator/index.php" "Mozilla/5.0 (Windows NT 6.1) AppleWebKit/537.4 (KHTML, like Gecko) Chrome/22.0.1229.94 Safari/537.4"
10.20.2.178 - - [29/Oct/2012:11:01:37 -0500] "GET /spinabifida/administrator/templates/bluestork/images/header/icon-48-category.png HTTP/1.1" 200 1014 "http://bitaction01.academic.rrc.ca/spinabifida/administrator/index.php" "Mozilla/5.0 (Windows NT 6.1) AppleWebKit/537.4 (KHTML, like Gecko) Chrome/22.0.1229.94 Safari/537.4"
10.20.2.178 - - [29/Oct/2012:11:01:37 -0500] "GET /spinabifida/administrator/templates/bluestork/images/header/icon-48-media.png HTTP/1.1" 200 2463 "http://bitaction01.academic.rrc.ca/spinabifida/administrator/index.php" "Mozilla/5.0 (Windows NT 6.1) AppleWebKit/537.4 (KHTML, like Gecko) Chrome/22.0.1229.94 Safari/537.4"
10.20.2.178 - - [29/Oct/2012:11:01:37 -0500] "GET /spinabifida/administrator/templates/bluestork/images/header/icon-48-menumgr.png HTTP/1.1" 200 1497 "http://bitaction01.academic.rrc.ca/spinabifida/administrator/index.php" "Mozilla/5.0 (Windows NT 6.1) AppleWebKit/537.4 (KHTML, like Gecko) Chrome/22.0.1229.94 Safari/537.4"
10.20.2.178 - - [29/Oct/2012:11:01:37 -0500] "GET /spinabifida/administrator/templates/bluestork/images/header/icon-48-user.png HTTP/1.1" 200 2603 "http://bitaction01.academic.rrc.ca/spinabifida/administrator/index.php" "Mozilla/5.0 (Windows NT 6.1) AppleWebKit/537.4 (KHTML, like Gecko) Chrome/22.0.1229.94 Safari/537.4"
10.20.2.178 - - [29/Oct/2012:11:01:37 -0500] "GET /spinabifida/administrator/templates/bluestork/images/header/icon-48-groups.png HTTP/1.1" 200 3573 "http://bitaction01.academic.rrc.ca/spinabifida/administrator/index.php" "Mozilla/5.0 (Windows NT 6.1) AppleWebKit/537.4 (KHTML, like Gecko) Chrome/22.0.1229.94 Safari/537.4"
10.20.2.178 - - [29/Oct/2012:11:01:37 -0500] "GET /spinabifida/administrator/templates/bluestork/images/header/icon-48-module.png HTTP/1.1" 200 1693 "http://bitaction01.academic.rrc.ca/spinabifida/administrator/index.php" "Mozilla/5.0 (Windows NT 6.1) AppleWebKit/537.4 (KHTML, like Gecko) Chrome/22.0.1229.94 Safari/537.4"
10.20.2.178 - - [29/Oct/2012:11:01:37 -0500] "GET /spinabifida/administrator/templates/bluestork/images/header/icon-48-extension.png HTTP/1.1" 200 1792 "http://bitaction01.academic.rrc.ca/spinabifida/administrator/index.php" "Mozilla/5.0 (Windows NT 6.1) AppleWebKit/537.4 (KHTML, like Gecko) Chrome/22.0.1229.94 Safari/537.4"
10.20.2.178 - - [29/Oct/2012:11:01:37 -0500] "GET /spinabifida/administrator/templates/bluestork/images/header/icon-48-language.png HTTP/1.1" 200 3525 "http://bitaction01.academic.rrc.ca/spinabifida/administrator/index.php" "Mozilla/5.0 (Windows NT 6.1) AppleWebKit/537.4 (KHTML, like Gecko) Chrome/22.0.1229.94 Safari/537.4"
10.20.2.178 - - [29/Oct/2012:11:01:37 -0500] "GET /spinabifida/administrator/templates/bluestork/images/header/icon-48-config.png HTTP/1.1" 200 3005 "http://bitaction01.academic.rrc.ca/spinabifida/administrator/index.php" "Mozilla/5.0 (Windows NT 6.1) AppleWebKit/537.4 (KHTML, like Gecko) Chrome/22.0.1229.94 Safari/537.4"
10.20.2.178 - - [29/Oct/2012:11:01:37 -0500] "GET /spinabifida/administrator/templates/bluestork/images/header/icon-48-themes.png HTTP/1.1" 200 1351 "http://bitaction01.academic.rrc.ca/spinabifida/administrator/index.php" "Mozilla/5.0 (Windows NT 6.1) AppleWebKit/537.4 (KHTML, like Gecko) Chrome/22.0.1229.94 Safari/537.4"
10.20.2.178 - - [29/Oct/2012:11:01:37 -0500] "GET /spinabifida/administrator/templates/bluestork/images/header/icon-48-user-profile.png HTTP/1.1" 200 2562 "http://bitaction01.academic.rrc.ca/spinabifida/administrator/index.php" "Mozilla/5.0 (Windows NT 6.1) AppleWebKit/537.4 (KHTML, like Gecko) Chrome/22.0.1229.94 Safari/537.4"
10.20.2.178 - - [29/Oct/2012:11:01:37 -0500] "GET /spinabifida/administrator/templates/bluestork/images/header/icon-48-download.png HTTP/1.1" 200 2350 "http://bitaction01.academic.rrc.ca/spinabifida/administrator/index.php" "Mozilla/5.0 (Windows NT 6.1) AppleWebKit/537.4 (KHTML, like Gecko) Chrome/22.0.1229.94 Safari/537.4"
10.20.2.178 - - [29/Oct/2012:11:01:37 -0500] "GET /spinabifida/administrator/templates/bluestork/images/admin/tick.png HTTP/1.1" 200 855 "http://bitaction01.academic.rrc.ca/spinabifida/administrator/index.php" "Mozilla/5.0 (Windows NT 6.1) AppleWebKit/537.4 (KHTML, like Gecko) Chrome/22.0.1229.94 Safari/537.4"
10.20.2.178 - - [29/Oct/2012:11:01:37 -0500] "GET /spinabifida/administrator/templates/bluestork/images/j_arrow_down.png HTTP/1.1" 200 514 "http://bitaction01.academic.rrc.ca/spinabifida/administrator/index.php" "Mozilla/5.0 (Windows NT 6.1) AppleWebKit/537.4 (KHTML, like Gecko) Chrome/22.0.1229.94 Safari/537.4"
10.20.2.179 - - [29/Oct/2012:11:01:37 -0500] "GET /spinabifida/administrator/ HTTP/1.1" 200 2166 "-" "Mozilla/5.0 (Windows NT 6.1) AppleWebKit/537.4 (KHTML, like Gecko) Chrome/22.0.1229.94 Safari/537.4"
10.20.2.179 - - [29/Oct/2012:11:01:37 -0500] "GET /spinabifida/administrator/templates/system/css/system.css HTTP/1.1" 200 550 "http://bitaction01.academic.rrc.ca/spinabifida/administrator/" "Mozilla/5.0 (Windows NT 6.1) AppleWebKit/537.4 (KHTML, like Gecko) Chrome/22.0.1229.94 Safari/537.4"
10.20.2.179 - - [29/Oct/2012:11:01:37 -0500] "GET /spinabifida/administrator/templates/bluestork/css/template.css HTTP/1.1" 200 13229 "http://bitaction01.academic.rrc.ca/spinabifida/administrator/" "Mozilla/5.0 (Windows NT 6.1) AppleWebKit/537.4 (KHTML, like Gecko) Chrome/22.0.1229.94 Safari/537.4"
10.20.2.179 - - [29/Oct/2012:11:01:38 -0500] "GET /spinabifida/media/system/css/system.css HTTP/1.1" 200 887 "http://bitaction01.academic.rrc.ca/spinabifida/administrator/" "Mozilla/5.0 (Windows NT 6.1) AppleWebKit/537.4 (KHTML, like Gecko) Chrome/22.0.1229.94 Safari/537.4"
10.20.2.179 - - [29/Oct/2012:11:01:38 -0500] "GET /spinabifida/administrator/templates/bluestork/images/j_header_middle.png HTTP/1.1" 200 549 "http://bitaction01.academic.rrc.ca/spinabifida/administrator/" "Mozilla/5.0 (Windows NT 6.1) AppleWebKit/537.4 (KHTML, like Gecko) Chrome/22.0.1229.94 Safari/537.4"
10.20.2.179 - - [29/Oct/2012:11:01:38 -0500] "GET /spinabifida/administrator/templates/bluestork/images/j_button1_left.png HTTP/1.1" 200 620 "http://bitaction01.academic.rrc.ca/spinabifida/administrator/" "Mozilla/5.0 (Windows NT 6.1) AppleWebKit/537.4 (KHTML, like Gecko) Chrome/22.0.1229.94 Safari/537.4"
10.20.2.179 - - [29/Oct/2012:11:01:38 -0500] "GET /spinabifida/administrator/templates/bluestork/images/j_button1_next.png HTTP/1.1" 200 1280 "http://bitaction01.academic.rrc.ca/spinabifida/administrator/" "Mozilla/5.0 (Windows NT 6.1) AppleWebKit/537.4 (KHTML, like Gecko) Chrome/22.0.1229.94 Safari/537.4"
10.20.2.179 - - [29/Oct/2012:11:01:38 -0500] "GET /spinabifida/administrator/templates/bluestork/images/j_login_lock.png HTTP/1.1" 200 3837 "http://bitaction01.academic.rrc.ca/spinabifida/administrator/" "Mozilla/5.0 (Windows NT 6.1) AppleWebKit/537.4 (KHTML, like Gecko) Chrome/22.0.1229.94 Safari/537.4"
10.20.2.179 - - [29/Oct/2012:11:01:38 -0500] "GET /spinabifida/administrator/templates/bluestork/favicon.ico HTTP/1.1" 200 1446 "-" "Mozilla/5.0 (Windows NT 6.1) AppleWebKit/537.4 (KHTML, like Gecko) Chrome/22.0.1229.94 Safari/537.4"
10.20.2.178 - - [29/Oct/2012:11:01:37 -0500] "POST /spinabifida/administrator/index.php?option=com_installer&view=update&task=update.ajax HTTP/1.1" 200 295 "http://bitaction01.academic.rrc.ca/spinabifida/administrator/index.php" "Mozilla/5.0 (Windows NT 6.1) AppleWebKit/537.4 (KHTML, like Gecko) Chrome/22.0.1229.94 Safari/537.4"
10.20.2.178 - - [29/Oct/2012:11:01:39 -0500] "POST /spinabifida/administrator/index.php?option=com_installer&view=update&task=update.ajax HTTP/1.1" 200 295 "http://bitaction01.academic.rrc.ca/spinabifida/administrator/index.php" "Mozilla/5.0 (Windows NT 6.1) AppleWebKit/537.4 (KHTML, like Gecko) Chrome/22.0.1229.94 Safari/537.4"
10.20.2.178 - - [29/Oct/2012:11:01:39 -0500] "GET /spinabifida/administrator/templates/bluestork/images/header/icon-48-jupdate-uptodate.png HTTP/1.1" 200 3320 "http://bitaction01.academic.rrc.ca/spinabifida/administrator/index.php" "Mozilla/5.0 (Windows NT 6.1) AppleWebKit/537.4 (KHTML, like Gecko) Chrome/22.0.1229.94 Safari/537.4"
10.20.2.178 - - [29/Oct/2012:11:01:45 -0500] "GET /spinabifida/administrator/index.php?option=com_config HTTP/1.1" 200 24203 "http://bitaction01.academic.rrc.ca/spinabifida/administrator/index.php" "Mozilla/5.0 (Windows NT 6.1) AppleWebKit/537.4 (KHTML, like Gecko) Chrome/22.0.1229.94 Safari/537.4"
10.20.2.178 - - [29/Oct/2012:11:01:46 -0500] "GET /spinabifida/media/system/js/validate.js HTTP/1.1" 200 1492 "http://bitaction01.academic.rrc.ca/spinabifida/administrator/index.php?option=com_config" "Mozilla/5.0 (Windows NT 6.1) AppleWebKit/537.4 (KHTML, like Gecko) Chrome/22.0.1229.94 Safari/537.4"
10.20.2.178 - - [29/Oct/2012:11:01:46 -0500] "GET /spinabifida/media/system/js/switcher.js HTTP/1.1" 200 887 "http://bitaction01.academic.rrc.ca/spinabifida/administrator/index.php?option=com_config" "Mozilla/5.0 (Windows NT 6.1) AppleWebKit/537.4 (KHTML, like Gecko) Chrome/22.0.1229.94 Safari/537.4"
10.20.2.178 - - [29/Oct/2012:11:01:46 -0500] "GET /spinabifida/administrator/templates/bluestork/images/toolbar/icon-32-apply.png HTTP/1.1" 200 1676 "http://bitaction01.academic.rrc.ca/spinabifida/administrator/index.php?option=com_config" "Mozilla/5.0 (Windows NT 6.1) AppleWebKit/537.4 (KHTML, like Gecko) Chrome/22.0.1229.94 Safari/537.4"
10.20.2.178 - - [29/Oct/2012:11:01:46 -0500] "GET /spinabifida/administrator/templates/bluestork/images/toolbar/icon-32-save.png HTTP/1.1" 200 1525 "http://bitaction01.academic.rrc.ca/spinabifida/administrator/index.php?option=com_config" "Mozilla/5.0 (Windows NT 6.1) AppleWebKit/537.4 (KHTML, like Gecko) Chrome/22.0.1229.94 Safari/537.4"
10.20.2.178 - - [29/Oct/2012:11:01:46 -0500] "GET /spinabifida/administrator/templates/bluestork/images/toolbar/icon-32-cancel.png HTTP/1.1" 200 2822 "http://bitaction01.academic.rrc.ca/spinabifida/administrator/index.php?option=com_config" "Mozilla/5.0 (Windows NT 6.1) AppleWebKit/537.4 (KHTML, like Gecko) Chrome/22.0.1229.94 Safari/537.4"
10.20.2.178 - - [29/Oct/2012:11:01:46 -0500] "GET /spinabifida/administrator/templates/bluestork/images/toolbar/icon-32-help.png HTTP/1.1" 200 3252 "http://bitaction01.academic.rrc.ca/spinabifida/administrator/index.php?option=com_config" "Mozilla/5.0 (Windows NT 6.1) AppleWebKit/537.4 (KHTML, like Gecko) Chrome/22.0.1229.94 Safari/537.4"
10.20.2.178 - - [29/Oct/2012:11:01:46 -0500] "GET /spinabifida/administrator/templates/bluestork/images/j_button2_left.png HTTP/1.1" 200 598 "http://bitaction01.academic.rrc.ca/spinabifida/administrator/index.php?option=com_config" "Mozilla/5.0 (Windows NT 6.1) AppleWebKit/537.4 (KHTML, like Gecko) Chrome/22.0.1229.94 Safari/537.4"
10.20.2.178 - - [29/Oct/2012:11:01:46 -0500] "GET /spinabifida/administrator/templates/bluestork/images/j_button2_blank.png HTTP/1.1" 200 569 "http://bitaction01.academic.rrc.ca/spinabifida/administrator/index.php?option=com_config" "Mozilla/5.0 (Windows NT 6.1) AppleWebKit/537.4 (KHTML, like Gecko) Chrome/22.0.1229.94 Safari/537.4"
10.20.2.178 - - [29/Oct/2012:11:01:46 -0500] "GET /spinabifida/administrator/templates/bluestork/images/admin/icon-16-notice-note.png HTTP/1.1" 200 802 "http://bitaction01.academic.rrc.ca/spinabifida/administrator/index.php?option=com_config" "Mozilla/5.0 (Windows NT 6.1) AppleWebKit/537.4 (KHTML, like Gecko) Chrome/22.0.1229.94 Safari/537.4"
10.20.2.178 - - [29/Oct/2012:11:01:49 -0500] "GET /spinabifida/administrator/templates/bluestork/images/selector-arrow.png HTTP/1.1" 200 502 "http://bitaction01.academic.rrc.ca/spinabifida/administrator/index.php?option=com_config" "Mozilla/5.0 (Windows NT 6.1) AppleWebKit/537.4 (KHTML, like Gecko) Chrome/22.0.1229.94 Safari/537.4"
::1 - - [29/Oct/2012:11:01:56 -0500] "OPTIONS * HTTP/1.0" 200 152 "-" "Apache/2.2.16 (Debian) (internal dummy connection)"
::1 - - [29/Oct/2012:11:02:03 -0500] "OPTIONS * HTTP/1.0" 200 152 "-" "Apache/2.2.16 (Debian) (internal dummy connection)"
::1 - - [29/Oct/2012:11:02:04 -0500] "OPTIONS * HTTP/1.0" 200 152 "-" "Apache/2.2.16 (Debian) (internal dummy connection)"
::1 - - [29/Oct/2012:11:02:05 -0500] "OPTIONS * HTTP/1.0" 200 152 "-" "Apache/2.2.16 (Debian) (internal dummy connection)"
::1 - - [29/Oct/2012:11:02:06 -0500] "OPTIONS * HTTP/1.0" 200 152 "-" "Apache/2.2.16 (Debian) (internal dummy connection)"
::1 - - [29/Oct/2012:11:02:07 -0500] "OPTIONS * HTTP/1.0" 200 152 "-" "Apache/2.2.16 (Debian) (internal dummy connection)"
::1 - - [29/Oct/2012:11:02:08 -0500] "OPTIONS * HTTP/1.0" 200 152 "-" "Apache/2.2.16 (Debian) (internal dummy connection)"
10.20.2.185 - - [29/Oct/2012:11:02:44 -0500] "GET /spinabifida/index.php HTTP/1.1" 200 5131 "-" "Mozilla/5.0 (Windows NT 6.1; rv:16.0) Gecko/20100101 Firefox/16.0"
10.20.2.185 - - [29/Oct/2012:11:02:44 -0500] "GET /spinabifida/templates/jv-framework/themes/jv-melody/css/horizontal.css HTTP/1.1" 200 1112 "http://bitaction01.academic.rrc.ca/spinabifida/index.php" "Mozilla/5.0 (Windows NT 6.1; rv:16.0) Gecko/20100101 Firefox/16.0"
10.20.2.185 - - [29/Oct/2012:11:02:44 -0500] "GET /spinabifida/plugins/system/jvframework/jvframework/basethemes/css/typo.css HTTP/1.1" 200 2543 "http://bitaction01.academic.rrc.ca/spinabifida/index.php" "Mozilla/5.0 (Windows NT 6.1; rv:16.0) Gecko/20100101 Firefox/16.0"
10.20.2.185 - - [29/Oct/2012:11:02:44 -0500] "GET /spinabifida/templates/jv-framework/themes/jv-melody/css/layout.css HTTP/1.1" 200 2239 "http://bitaction01.academic.rrc.ca/spinabifida/index.php" "Mozilla/5.0 (Windows NT 6.1; rv:16.0) Gecko/20100101 Firefox/16.0"
10.20.2.185 - - [29/Oct/2012:11:02:44 -0500] "GET /spinabifida/templates/jv-framework/themes/jv-melody/css/css3.css HTTP/1.1" 200 446 "http://bitaction01.academic.rrc.ca/spinabifida/index.php" "Mozilla/5.0 (Windows NT 6.1; rv:16.0) Gecko/20100101 Firefox/16.0"
10.20.2.185 - - [29/Oct/2012:11:02:44 -0500] "GET /spinabifida/templates/jv-framework/themes/jv-melody/css/virtuemart.css HTTP/1.1" 200 6477 "http://bitaction01.academic.rrc.ca/spinabifida/index.php" "Mozilla/5.0 (Windows NT 6.1; rv:16.0) Gecko/20100101 Firefox/16.0"
10.20.2.185 - - [29/Oct/2012:11:02:44 -0500] "GET /spinabifida/plugins/jvframework/usertool/usertool/assets/css/usertool.css HTTP/1.1" 200 1032 "http://bitaction01.academic.rrc.ca/spinabifida/index.php" "Mozilla/5.0 (Windows NT 6.1; rv:16.0) Gecko/20100101 Firefox/16.0"
10.20.2.185 - - [29/Oct/2012:11:02:44 -0500] "GET /spinabifida/media/mod_languages/css/template.css HTTP/1.1" 200 510 "http://bitaction01.academic.rrc.ca/spinabifida/index.php" "Mozilla/5.0 (Windows NT 6.1; rv:16.0) Gecko/20100101 Firefox/16.0"
10.20.2.185 - - [29/Oct/2012:11:02:44 -0500] "GET /spinabifida/modules/mod_ppc_simple_spotlight/css/style.css HTTP/1.1" 200 756 "http://bitaction01.academic.rrc.ca/spinabifida/index.php" "Mozilla/5.0 (Windows NT 6.1; rv:16.0) Gecko/20100101 Firefox/16.0"
10.20.2.185 - - [29/Oct/2012:11:02:44 -0500] "GET /spinabifida/templates/jv-framework/themes/jv-melody/css/template.css HTTP/1.1" 200 1398 "http://bitaction01.academic.rrc.ca/spinabifida/index.php" "Mozilla/5.0 (Windows NT 6.1; rv:16.0) Gecko/20100101 Firefox/16.0"
10.20.2.185 - - [29/Oct/2012:11:02:44 -0500] "GET /spinabifida/templates/jv-framework/themes/jv-melody/css/print.css HTTP/1.1" 200 577 "http://bitaction01.academic.rrc.ca/spinabifida/index.php" "Mozilla/5.0 (Windows NT 6.1; rv:16.0) Gecko/20100101 Firefox/16.0"
10.20.2.185 - - [29/Oct/2012:11:02:44 -0500] "GET /spinabifida/templates/jv-framework/themes/jv-melody/css/colors/black.css HTTP/1.1" 200 359 "http://bitaction01.academic.rrc.ca/spinabifida/index.php" "Mozilla/5.0 (Windows NT 6.1; rv:16.0) Gecko/20100101 Firefox/16.0"
10.20.2.185 - - [29/Oct/2012:11:02:44 -0500] "GET /spinabifida/media/system/js/core.js HTTP/1.1" 200 2067 "http://bitaction01.academic.rrc.ca/spinabifida/index.php" "Mozilla/5.0 (Windows NT 6.1; rv:16.0) Gecko/20100101 Firefox/16.0"
10.20.2.185 - - [29/Oct/2012:11:02:44 -0500] "GET /spinabifida/media/system/js/caption.js HTTP/1.1" 200 755 "http://bitaction01.academic.rrc.ca/spinabifida/index.php" "Mozilla/5.0 (Windows NT 6.1; rv:16.0) Gecko/20100101 Firefox/16.0"
10.20.2.185 - - [29/Oct/2012:11:02:44 -0500] "GET /spinabifida/plugins/system/jvframework/jvframework/basethemes/js/jv.js HTTP/1.1" 200 1035 "http://bitaction01.academic.rrc.ca/spinabifida/index.php" "Mozilla/5.0 (Windows NT 6.1; rv:16.0) Gecko/20100101 Firefox/16.0"
10.20.2.185 - - [29/Oct/2012:11:02:44 -0500] "GET /spinabifida/plugins/jvframework/menu/menu/assets/js/menus.js HTTP/1.1" 200 2947 "http://bitaction01.academic.rrc.ca/spinabifida/index.php" "Mozilla/5.0 (Windows NT 6.1; rv:16.0) Gecko/20100101 Firefox/16.0"
10.20.2.185 - - [29/Oct/2012:11:02:44 -0500] "GET /spinabifida/plugins/jvframework/usertool/usertool/assets/js/usertools.js HTTP/1.1" 200 1952 "http://bitaction01.academic.rrc.ca/spinabifida/index.php" "Mozilla/5.0 (Windows NT 6.1; rv:16.0) Gecko/20100101 Firefox/16.0"
10.20.2.185 - - [29/Oct/2012:11:02:44 -0500] "GET /spinabifida/modules/mod_ppc_simple_spotlight/js/ppc.safejquery.start.js HTTP/1.1" 200 477 "http://bitaction01.academic.rrc.ca/spinabifida/index.php" "Mozilla/5.0 (Windows NT 6.1; rv:16.0) Gecko/20100101 Firefox/16.0"
10.20.2.185 - - [29/Oct/2012:11:02:44 -0500] "GET /spinabifida/modules/mod_ppc_simple_spotlight/js/ppc.safejquery.end.js HTTP/1.1" 200 525 "http://bitaction01.academic.rrc.ca/spinabifida/index.php" "Mozilla/5.0 (Windows NT 6.1; rv:16.0) Gecko/20100101 Firefox/16.0"
10.20.2.185 - - [29/Oct/2012:11:02:44 -0500] "GET /spinabifida/modules/mod_ppc_simple_spotlight/js/ppc.safejqueryplugin.start.js HTTP/1.1" 200 519 "http://bitaction01.academic.rrc.ca/spinabifida/index.php" "Mozilla/5.0 (Windows NT 6.1; rv:16.0) Gecko/20100101 Firefox/16.0"
10.20.2.185 - - [29/Oct/2012:11:02:44 -0500] "GET /spinabifida/modules/mod_ppc_simple_spotlight/js/ppc.safejqueryplugin.end.js HTTP/1.1" 200 511 "http://bitaction01.academic.rrc.ca/spinabifida/index.php" "Mozilla/5.0 (Windows NT 6.1; rv:16.0) Gecko/20100101 Firefox/16.0"
10.20.2.185 - - [29/Oct/2012:11:02:44 -0500] "GET /spinabifida/modules/mod_ppc_simple_spotlight/js/jquery.cycle.all.2.74.js HTTP/1.1" 200 11805 "http://bitaction01.academic.rrc.ca/spinabifida/index.php" "Mozilla/5.0 (Windows NT 6.1; rv:16.0) Gecko/20100101 Firefox/16.0"
10.20.2.185 - - [29/Oct/2012:11:02:44 -0500] "GET /spinabifida/images/rotationalBanner/sbhac_front.jpg HTTP/1.1" 200 18737 "http://bitaction01.academic.rrc.ca/spinabifida/index.php" "Mozilla/5.0 (Windows NT 6.1; rv:16.0) Gecko/20100101 Firefox/16.0"
10.20.2.185 - - [29/Oct/2012:11:02:44 -0500] "GET /spinabifida/modules/mod_ppc_simple_spotlight/js/jquery-1.5.min.js HTTP/1.1" 200 29832 "http://bitaction01.academic.rrc.ca/spinabifida/index.php" "Mozilla/5.0 (Windows NT 6.1; rv:16.0) Gecko/20100101 Firefox/16.0"
10.20.2.185 - - [29/Oct/2012:11:02:44 -0500] "GET /spinabifida/media/system/js/mootools-core.js HTTP/1.1" 200 31453 "http://bitaction01.academic.rrc.ca/spinabifida/index.php" "Mozilla/5.0 (Windows NT 6.1; rv:16.0) Gecko/20100101 Firefox/16.0"
10.20.2.185 - - [29/Oct/2012:11:02:44 -0500] "GET /spinabifida/modules/mod_ppc_simple_spotlight/img/button/prev1.png HTTP/1.1" 200 1411 "http://bitaction01.academic.rrc.ca/spinabifida/index.php" "Mozilla/5.0 (Windows NT 6.1; rv:16.0) Gecko/20100101 Firefox/16.0"
10.20.2.185 - - [29/Oct/2012:11:02:44 -0500] "GET /spinabifida/images/rotationalBanner/hopeclassic.png HTTP/1.1" 200 58598 "http://bitaction01.academic.rrc.ca/spinabifida/index.php" "Mozilla/5.0 (Windows NT 6.1; rv:16.0) Gecko/20100101 Firefox/16.0"
10.20.2.185 - - [29/Oct/2012:11:02:44 -0500] "GET /spinabifida/modules/mod_ppc_simple_spotlight/img/button/next1.png HTTP/1.1" 200 1446 "http://bitaction01.academic.rrc.ca/spinabifida/index.php" "Mozilla/5.0 (Windows NT 6.1; rv:16.0) Gecko/20100101 Firefox/16.0"
10.20.2.185 - - [29/Oct/2012:11:02:44 -0500] "GET /spinabifida/media/system/js/mootools-more.js HTTP/1.1" 200 68455 "http://bitaction01.academic.rrc.ca/spinabifida/index.php" "Mozilla/5.0 (Windows NT 6.1; rv:16.0) Gecko/20100101 Firefox/16.0"
10.20.2.185 - - [29/Oct/2012:11:02:45 -0500] "GET /spinabifida/templates/jv-framework/favicon.ico HTTP/1.1" 200 62096 "-" "Mozilla/5.0 (Windows NT 6.1; rv:16.0) Gecko/20100101 Firefox/16.0"
10.20.2.185 - - [29/Oct/2012:11:02:45 -0500] "GET /spinabifida/images/logo-en.png HTTP/1.1" 200 18898 "http://bitaction01.academic.rrc.ca/spinabifida/index.php" "Mozilla/5.0 (Windows NT 6.1; rv:16.0) Gecko/20100101 Firefox/16.0"
10.20.2.185 - - [29/Oct/2012:11:02:45 -0500] "GET /spinabifida/templates/jv-framework/themes/jv-melody/images/default/menu.jpg HTTP/1.1" 200 11399 "http://bitaction01.academic.rrc.ca/spinabifida/templates/jv-framework/themes/jv-melody/css/template.css" "Mozilla/5.0 (Windows NT 6.1; rv:16.0) Gecko/20100101 Firefox/16.0"
10.20.2.185 - - [29/Oct/2012:11:02:45 -0500] "GET /spinabifida/templates/jv-framework/themes/jv-melody/images/default/line3.jpg HTTP/1.1" 200 7998 "http://bitaction01.academic.rrc.ca/spinabifida/templates/jv-framework/themes/jv-melody/css/horizontal.css" "Mozilla/5.0 (Windows NT 6.1; rv:16.0) Gecko/20100101 Firefox/16.0"
10.20.2.185 - - [29/Oct/2012:11:02:45 -0500] "GET /spinabifida/plugins/jvframework/usertool/usertool/assets/images/arrows.png HTTP/1.1" 200 4276 "http://bitaction01.academic.rrc.ca/spinabifida/plugins/jvframework/usertool/usertool/assets/css/usertool.css" "Mozilla/5.0 (Windows NT 6.1; rv:16.0) Gecko/20100101 Firefox/16.0"
10.20.2.178 - - [29/Oct/2012:11:02:50 -0500] "POST /spinabifida/administrator/index.php?option=com_config HTTP/1.1" 303 416 "http://bitaction01.academic.rrc.ca/spinabifida/administrator/index.php?option=com_config" "Mozilla/5.0 (Windows NT 6.1) AppleWebKit/537.4 (KHTML, like Gecko) Chrome/22.0.1229.94 Safari/537.4"
10.20.2.178 - - [29/Oct/2012:11:02:50 -0500] "GET /spinabifida/administrator/index.php?option=com_config HTTP/1.1" 200 24257 "http://bitaction01.academic.rrc.ca/spinabifida/administrator/index.php?option=com_config" "Mozilla/5.0 (Windows NT 6.1) AppleWebKit/537.4 (KHTML, like Gecko) Chrome/22.0.1229.94 Safari/537.4"
10.20.2.178 - - [29/Oct/2012:11:02:50 -0500] "GET /spinabifida/administrator/templates/bluestork/images/notice-info.png HTTP/1.1" 200 1461 "http://bitaction01.academic.rrc.ca/spinabifida/administrator/index.php?option=com_config" "Mozilla/5.0 (Windows NT 6.1) AppleWebKit/537.4 (KHTML, like Gecko) Chrome/22.0.1229.94 Safari/537.4"
74.216.41.92 - - [29/Oct/2012:11:02:55 -0500] "GET /spinabifida/index.php HTTP/1.1" 200 5139 "-" "Mozilla/4.0 (compatible; MSIE 8.0; Windows NT 5.1; Trident/4.0; GTB7.4; .NET CLR 1.1.4322; .NET CLR 2.0.50727; .NET CLR 3.0.4506.2152; .NET CLR 3.5.30729; BRI/2; OfficeLiveConnector.1.5; OfficeLivePatch.1.3)"
10.20.2.185 - - [29/Oct/2012:11:02:56 -0500] "GET /spinabifida/directory HTTP/1.1" 404 519 "http://bitaction01.academic.rrc.ca/spinabifida/index.php" "Mozilla/5.0 (Windows NT 6.1; rv:16.0) Gecko/20100101 Firefox/16.0"
10.20.2.185 - - [29/Oct/2012:11:02:56 -0500] "GET /favicon.ico HTTP/1.1" 404 511 "-" "Mozilla/5.0 (Windows NT 6.1; rv:16.0) Gecko/20100101 Firefox/16.0"
74.216.41.92 - - [29/Oct/2012:11:02:56 -0500] "GET /spinabifida/templates/jv-framework/themes/jv-melody/css/horizontal.css HTTP/1.1" 200 1112 "http://bitaction01.academic.rrc.ca/spinabifida/index.php" "Mozilla/4.0 (compatible; MSIE 8.0; Windows NT 5.1; Trident/4.0; GTB7.4; .NET CLR 1.1.4322; .NET CLR 2.0.50727; .NET CLR 3.0.4506.2152; .NET CLR 3.5.30729; BRI/2; OfficeLiveConnector.1.5; OfficeLivePatch.1.3)"
74.216.41.92 - - [29/Oct/2012:11:02:56 -0500] "GET /spinabifida/plugins/system/jvframework/jvframework/basethemes/css/typo.css HTTP/1.1" 200 2543 "http://bitaction01.academic.rrc.ca/spinabifida/index.php" "Mozilla/4.0 (compatible; MSIE 8.0; Windows NT 5.1; Trident/4.0; GTB7.4; .NET CLR 1.1.4322; .NET CLR 2.0.50727; .NET CLR 3.0.4506.2152; .NET CLR 3.5.30729; BRI/2; OfficeLiveConnector.1.5; OfficeLivePatch.1.3)"
74.216.41.92 - - [29/Oct/2012:11:02:56 -0500] "GET /spinabifida/templates/jv-framework/themes/jv-melody/css/virtuemart.css HTTP/1.1" 200 6477 "http://bitaction01.academic.rrc.ca/spinabifida/index.php" "Mozilla/4.0 (compatible; MSIE 8.0; Windows NT 5.1; Trident/4.0; GTB7.4; .NET CLR 1.1.4322; .NET CLR 2.0.50727; .NET CLR 3.0.4506.2152; .NET CLR 3.5.30729; BRI/2; OfficeLiveConnector.1.5; OfficeLivePatch.1.3)"
74.216.41.92 - - [29/Oct/2012:11:02:56 -0500] "GET /spinabifida/plugins/jvframework/usertool/usertool/assets/css/usertool.css HTTP/1.1" 200 1033 "http://bitaction01.academic.rrc.ca/spinabifida/index.php" "Mozilla/4.0 (compatible; MSIE 8.0; Windows NT 5.1; Trident/4.0; GTB7.4; .NET CLR 1.1.4322; .NET CLR 2.0.50727; .NET CLR 3.0.4506.2152; .NET CLR 3.5.30729; BRI/2; OfficeLiveConnector.1.5; OfficeLivePatch.1.3)"
74.216.41.92 - - [29/Oct/2012:11:02:56 -0500] "GET /spinabifida/media/mod_languages/css/template.css HTTP/1.1" 200 511 "http://bitaction01.academic.rrc.ca/spinabifida/index.php" "Mozilla/4.0 (compatible; MSIE 8.0; Windows NT 5.1; Trident/4.0; GTB7.4; .NET CLR 1.1.4322; .NET CLR 2.0.50727; .NET CLR 3.0.4506.2152; .NET CLR 3.5.30729; BRI/2; OfficeLiveConnector.1.5; OfficeLivePatch.1.3)"
74.216.41.92 - - [29/Oct/2012:11:02:56 -0500] "GET /spinabifida/templates/jv-framework/themes/jv-melody/css/css3.css HTTP/1.1" 200 447 "http://bitaction01.academic.rrc.ca/spinabifida/index.php" "Mozilla/4.0 (compatible; MSIE 8.0; Windows NT 5.1; Trident/4.0; GTB7.4; .NET CLR 1.1.4322; .NET CLR 2.0.50727; .NET CLR 3.0.4506.2152; .NET CLR 3.5.30729; BRI/2; OfficeLiveConnector.1.5; OfficeLivePatch.1.3)"
74.216.41.92 - - [29/Oct/2012:11:02:57 -0500] "GET /spinabifida/templates/jv-framework/themes/jv-melody/css/layout.css HTTP/1.1" 200 2238 "http://bitaction01.academic.rrc.ca/spinabifida/index.php" "Mozilla/4.0 (compatible; MSIE 8.0; Windows NT 5.1; Trident/4.0; GTB7.4; .NET CLR 1.1.4322; .NET CLR 2.0.50727; .NET CLR 3.0.4506.2152; .NET CLR 3.5.30729; BRI/2; OfficeLiveConnector.1.5; OfficeLivePatch.1.3)"
74.216.41.92 - - [29/Oct/2012:11:02:57 -0500] "GET /spinabifida/modules/mod_ppc_simple_spotlight/css/style.css HTTP/1.1" 200 755 "http://bitaction01.academic.rrc.ca/spinabifida/index.php" "Mozilla/4.0 (compatible; MSIE 8.0; Windows NT 5.1; Trident/4.0; GTB7.4; .NET CLR 1.1.4322; .NET CLR 2.0.50727; .NET CLR 3.0.4506.2152; .NET CLR 3.5.30729; BRI/2; OfficeLiveConnector.1.5; OfficeLivePatch.1.3)"
74.216.41.92 - - [29/Oct/2012:11:02:57 -0500] "GET /spinabifida/templates/jv-framework/themes/jv-melody/css/template.css HTTP/1.1" 200 1397 "http://bitaction01.academic.rrc.ca/spinabifida/index.php" "Mozilla/4.0 (compatible; MSIE 8.0; Windows NT 5.1; Trident/4.0; GTB7.4; .NET CLR 1.1.4322; .NET CLR 2.0.50727; .NET CLR 3.0.4506.2152; .NET CLR 3.5.30729; BRI/2; OfficeLiveConnector.1.5; OfficeLivePatch.1.3)"
74.216.41.92 - - [29/Oct/2012:11:02:57 -0500] "GET /spinabifida/templates/jv-framework/themes/jv-melody/css/ieonly.css HTTP/1.1" 200 355 "http://bitaction01.academic.rrc.ca/spinabifida/index.php" "Mozilla/4.0 (compatible; MSIE 8.0; Windows NT 5.1; Trident/4.0; GTB7.4; .NET CLR 1.1.4322; .NET CLR 2.0.50727; .NET CLR 3.0.4506.2152; .NET CLR 3.5.30729; BRI/2; OfficeLiveConnector.1.5; OfficeLivePatch.1.3)"
74.216.41.92 - - [29/Oct/2012:11:02:57 -0500] "GET /spinabifida/templates/jv-framework/themes/jv-melody/css/print.css HTTP/1.1" 200 577 "http://bitaction01.academic.rrc.ca/spinabifida/index.php" "Mozilla/4.0 (compatible; MSIE 8.0; Windows NT 5.1; Trident/4.0; GTB7.4; .NET CLR 1.1.4322; .NET CLR 2.0.50727; .NET CLR 3.0.4506.2152; .NET CLR 3.5.30729; BRI/2; OfficeLiveConnector.1.5; OfficeLivePatch.1.3)"
74.216.41.92 - - [29/Oct/2012:11:02:57 -0500] "GET /spinabifida/templates/jv-framework/themes/jv-melody/css/colors/black.css HTTP/1.1" 200 359 "http://bitaction01.academic.rrc.ca/spinabifida/index.php" "Mozilla/4.0 (compatible; MSIE 8.0; Windows NT 5.1; Trident/4.0; GTB7.4; .NET CLR 1.1.4322; .NET CLR 2.0.50727; .NET CLR 3.0.4506.2152; .NET CLR 3.5.30729; BRI/2; OfficeLiveConnector.1.5; OfficeLivePatch.1.3)"
74.216.41.92 - - [29/Oct/2012:11:02:57 -0500] "GET /spinabifida/media/system/js/mootools-core.js HTTP/1.1" 200 31453 "http://bitaction01.academic.rrc.ca/spinabifida/index.php" "Mozilla/4.0 (compatible; MSIE 8.0; Windows NT 5.1; Trident/4.0; GTB7.4; .NET CLR 1.1.4322; .NET CLR 2.0.50727; .NET CLR 3.0.4506.2152; .NET CLR 3.5.30729; BRI/2; OfficeLiveConnector.1.5; OfficeLivePatch.1.3)"
74.216.41.92 - - [29/Oct/2012:11:02:57 -0500] "GET /spinabifida/media/system/js/core.js HTTP/1.1" 200 2067 "http://bitaction01.academic.rrc.ca/spinabifida/index.php" "Mozilla/4.0 (compatible; MSIE 8.0; Windows NT 5.1; Trident/4.0; GTB7.4; .NET CLR 1.1.4322; .NET CLR 2.0.50727; .NET CLR 3.0.4506.2152; .NET CLR 3.5.30729; BRI/2; OfficeLiveConnector.1.5; OfficeLivePatch.1.3)"
74.216.41.92 - - [29/Oct/2012:11:02:57 -0500] "GET /spinabifida/media/system/js/caption.js HTTP/1.1" 200 755 "http://bitaction01.academic.rrc.ca/spinabifida/index.php" "Mozilla/4.0 (compatible; MSIE 8.0; Windows NT 5.1; Trident/4.0; GTB7.4; .NET CLR 1.1.4322; .NET CLR 2.0.50727; .NET CLR 3.0.4506.2152; .NET CLR 3.5.30729; BRI/2; OfficeLiveConnector.1.5; OfficeLivePatch.1.3)"
74.216.41.92 - - [29/Oct/2012:11:02:57 -0500] "GET /spinabifida/plugins/system/jvframework/jvframework/basethemes/js/jv.js HTTP/1.1" 200 1035 "http://bitaction01.academic.rrc.ca/spinabifida/index.php" "Mozilla/4.0 (compatible; MSIE 8.0; Windows NT 5.1; Trident/4.0; GTB7.4; .NET CLR 1.1.4322; .NET CLR 2.0.50727; .NET CLR 3.0.4506.2152; .NET CLR 3.5.30729; BRI/2; OfficeLiveConnector.1.5; OfficeLivePatch.1.3)"
74.216.41.92 - - [29/Oct/2012:11:02:58 -0500] "GET /spinabifida/plugins/jvframework/usertool/usertool/assets/js/usertools.js HTTP/1.1" 200 1952 "http://bitaction01.academic.rrc.ca/spinabifida/index.php" "Mozilla/4.0 (compatible; MSIE 8.0; Windows NT 5.1; Trident/4.0; GTB7.4; .NET CLR 1.1.4322; .NET CLR 2.0.50727; .NET CLR 3.0.4506.2152; .NET CLR 3.5.30729; BRI/2; OfficeLiveConnector.1.5; OfficeLivePatch.1.3)"
74.216.41.92 - - [29/Oct/2012:11:02:58 -0500] "GET /spinabifida/modules/mod_ppc_simple_spotlight/js/ppc.safejquery.start.js HTTP/1.1" 200 477 "http://bitaction01.academic.rrc.ca/spinabifida/index.php" "Mozilla/4.0 (compatible; MSIE 8.0; Windows NT 5.1; Trident/4.0; GTB7.4; .NET CLR 1.1.4322; .NET CLR 2.0.50727; .NET CLR 3.0.4506.2152; .NET CLR 3.5.30729; BRI/2; OfficeLiveConnector.1.5; OfficeLivePatch.1.3)"
74.216.41.92 - - [29/Oct/2012:11:02:58 -0500] "GET /spinabifida/modules/mod_ppc_simple_spotlight/js/jquery-1.5.min.js HTTP/1.1" 200 29832 "http://bitaction01.academic.rrc.ca/spinabifida/index.php" "Mozilla/4.0 (compatible; MSIE 8.0; Windows NT 5.1; Trident/4.0; GTB7.4; .NET CLR 1.1.4322; .NET CLR 2.0.50727; .NET CLR 3.0.4506.2152; .NET CLR 3.5.30729; BRI/2; OfficeLiveConnector.1.5; OfficeLivePatch.1.3)"
74.216.41.92 - - [29/Oct/2012:11:02:58 -0500] "GET /spinabifida/modules/mod_ppc_simple_spotlight/js/ppc.safejquery.end.js HTTP/1.1" 200 525 "http://bitaction01.academic.rrc.ca/spinabifida/index.php" "Mozilla/4.0 (compatible; MSIE 8.0; Windows NT 5.1; Trident/4.0; GTB7.4; .NET CLR 1.1.4322; .NET CLR 2.0.50727; .NET CLR 3.0.4506.2152; .NET CLR 3.5.30729; BRI/2; OfficeLiveConnector.1.5; OfficeLivePatch.1.3)"
74.216.41.92 - - [29/Oct/2012:11:02:58 -0500] "GET /spinabifida/modules/mod_ppc_simple_spotlight/js/ppc.safejqueryplugin.start.js HTTP/1.1" 200 519 "http://bitaction01.academic.rrc.ca/spinabifida/index.php" "Mozilla/4.0 (compatible; MSIE 8.0; Windows NT 5.1; Trident/4.0; GTB7.4; .NET CLR 1.1.4322; .NET CLR 2.0.50727; .NET CLR 3.0.4506.2152; .NET CLR 3.5.30729; BRI/2; OfficeLiveConnector.1.5; OfficeLivePatch.1.3)"
74.216.41.92 - - [29/Oct/2012:11:02:58 -0500] "GET /spinabifida/modules/mod_ppc_simple_spotlight/js/jquery.cycle.all.2.74.js HTTP/1.1" 200 11805 "http://bitaction01.academic.rrc.ca/spinabifida/index.php" "Mozilla/4.0 (compatible; MSIE 8.0; Windows NT 5.1; Trident/4.0; GTB7.4; .NET CLR 1.1.4322; .NET CLR 2.0.50727; .NET CLR 3.0.4506.2152; .NET CLR 3.5.30729; BRI/2; OfficeLiveConnector.1.5; OfficeLivePatch.1.3)"
74.216.41.92 - - [29/Oct/2012:11:02:58 -0500] "GET /spinabifida/modules/mod_ppc_simple_spotlight/js/ppc.safejqueryplugin.end.js HTTP/1.1" 200 511 "http://bitaction01.academic.rrc.ca/spinabifida/index.php" "Mozilla/4.0 (compatible; MSIE 8.0; Windows NT 5.1; Trident/4.0; GTB7.4; .NET CLR 1.1.4322; .NET CLR 2.0.50727; .NET CLR 3.0.4506.2152; .NET CLR 3.5.30729; BRI/2; OfficeLiveConnector.1.5; OfficeLivePatch.1.3)"
74.216.41.92 - - [29/Oct/2012:11:02:59 -0500] "GET /spinabifida/plugins/jvframework/menu/menu/assets/js/menus.js HTTP/1.1" 200 2947 "http://bitaction01.academic.rrc.ca/spinabifida/index.php" "Mozilla/4.0 (compatible; MSIE 8.0; Windows NT 5.1; Trident/4.0; GTB7.4; .NET CLR 1.1.4322; .NET CLR 2.0.50727; .NET CLR 3.0.4506.2152; .NET CLR 3.5.30729; BRI/2; OfficeLiveConnector.1.5; OfficeLivePatch.1.3)"
74.216.41.92 - - [29/Oct/2012:11:02:57 -0500] "GET /spinabifida/media/system/js/mootools-more.js HTTP/1.1" 200 68455 "http://bitaction01.academic.rrc.ca/spinabifida/index.php" "Mozilla/4.0 (compatible; MSIE 8.0; Windows NT 5.1; Trident/4.0; GTB7.4; .NET CLR 1.1.4322; .NET CLR 2.0.50727; .NET CLR 3.0.4506.2152; .NET CLR 3.5.30729; BRI/2; OfficeLiveConnector.1.5; OfficeLivePatch.1.3)"
10.20.2.185 - - [29/Oct/2012:11:02:59 -0500] "GET /spinabifida/sbhac HTTP/1.1" 404 517 "http://bitaction01.academic.rrc.ca/spinabifida/index.php" "Mozilla/5.0 (Windows NT 6.1; rv:16.0) Gecko/20100101 Firefox/16.0"
74.216.41.92 - - [29/Oct/2012:11:03:00 -0500] "GET /spinabifida/templates/jv-framework/themes/jv-melody/images/default/menu.jpg HTTP/1.1" 200 11399 "http://bitaction01.academic.rrc.ca/spinabifida/index.php" "Mozilla/4.0 (compatible; MSIE 8.0; Windows NT 5.1; Trident/4.0; GTB7.4; .NET CLR 1.1.4322; .NET CLR 2.0.50727; .NET CLR 3.0.4506.2152; .NET CLR 3.5.30729; BRI/2; OfficeLiveConnector.1.5; OfficeLivePatch.1.3)"
74.216.41.92 - - [29/Oct/2012:11:03:00 -0500] "GET /spinabifida/images/rotationalBanner/sbhac_front.jpg HTTP/1.1" 200 18737 "http://bitaction01.academic.rrc.ca/spinabifida/index.php" "Mozilla/4.0 (compatible; MSIE 8.0; Windows NT 5.1; Trident/4.0; GTB7.4; .NET CLR 1.1.4322; .NET CLR 2.0.50727; .NET CLR 3.0.4506.2152; .NET CLR 3.5.30729; BRI/2; OfficeLiveConnector.1.5; OfficeLivePatch.1.3)"
74.216.41.92 - - [29/Oct/2012:11:03:00 -0500] "GET /spinabifida/modules/mod_ppc_simple_spotlight/img/button/prev1.png HTTP/1.1" 200 1411 "http://bitaction01.academic.rrc.ca/spinabifida/index.php" "Mozilla/4.0 (compatible; MSIE 8.0; Windows NT 5.1; Trident/4.0; GTB7.4; .NET CLR 1.1.4322; .NET CLR 2.0.50727; .NET CLR 3.0.4506.2152; .NET CLR 3.5.30729; BRI/2; OfficeLiveConnector.1.5; OfficeLivePatch.1.3)"
74.216.41.92 - - [29/Oct/2012:11:03:00 -0500] "GET /spinabifida/modules/mod_ppc_simple_spotlight/img/button/next1.png HTTP/1.1" 200 1446 "http://bitaction01.academic.rrc.ca/spinabifida/index.php" "Mozilla/4.0 (compatible; MSIE 8.0; Windows NT 5.1; Trident/4.0; GTB7.4; .NET CLR 1.1.4322; .NET CLR 2.0.50727; .NET CLR 3.0.4506.2152; .NET CLR 3.5.30729; BRI/2; OfficeLiveConnector.1.5; OfficeLivePatch.1.3)"
74.216.41.92 - - [29/Oct/2012:11:03:00 -0500] "GET /spinabifida/images/logo-en.png HTTP/1.1" 200 18898 "http://bitaction01.academic.rrc.ca/spinabifida/index.php" "Mozilla/4.0 (compatible; MSIE 8.0; Windows NT 5.1; Trident/4.0; GTB7.4; .NET CLR 1.1.4322; .NET CLR 2.0.50727; .NET CLR 3.0.4506.2152; .NET CLR 3.5.30729; BRI/2; OfficeLiveConnector.1.5; OfficeLivePatch.1.3)"
::1 - - [29/Oct/2012:11:03:00 -0500] "OPTIONS * HTTP/1.0" 200 152 "-" "Apache/2.2.16 (Debian) (internal dummy connection)"
74.216.41.92 - - [29/Oct/2012:11:03:01 -0500] "GET /spinabifida/templates/jv-framework/themes/jv-melody/images/default/line3.jpg HTTP/1.1" 200 7998 "http://bitaction01.academic.rrc.ca/spinabifida/index.php" "Mozilla/4.0 (compatible; MSIE 8.0; Windows NT 5.1; Trident/4.0; GTB7.4; .NET CLR 1.1.4322; .NET CLR 2.0.50727; .NET CLR 3.0.4506.2152; .NET CLR 3.5.30729; BRI/2; OfficeLiveConnector.1.5; OfficeLivePatch.1.3)"
74.216.41.92 - - [29/Oct/2012:11:03:01 -0500] "GET /spinabifida/plugins/jvframework/usertool/usertool/assets/images/arrows.png HTTP/1.1" 200 4276 "http://bitaction01.academic.rrc.ca/spinabifida/index.php" "Mozilla/4.0 (compatible; MSIE 8.0; Windows NT 5.1; Trident/4.0; GTB7.4; .NET CLR 1.1.4322; .NET CLR 2.0.50727; .NET CLR 3.0.4506.2152; .NET CLR 3.5.30729; BRI/2; OfficeLiveConnector.1.5; OfficeLivePatch.1.3)"
::1 - - [29/Oct/2012:11:03:01 -0500] "OPTIONS * HTTP/1.0" 200 152 "-" "Apache/2.2.16 (Debian) (internal dummy connection)"
74.216.41.92 - - [29/Oct/2012:11:03:00 -0500] "GET /spinabifida/images/rotationalBanner/hopeclassic.png HTTP/1.1" 200 58598 "http://bitaction01.academic.rrc.ca/spinabifida/index.php" "Mozilla/4.0 (compatible; MSIE 8.0; Windows NT 5.1; Trident/4.0; GTB7.4; .NET CLR 1.1.4322; .NET CLR 2.0.50727; .NET CLR 3.0.4506.2152; .NET CLR 3.5.30729; BRI/2; OfficeLiveConnector.1.5; OfficeLivePatch.1.3)"
74.216.41.92 - - [29/Oct/2012:11:03:02 -0500] "GET /spinabifida/templates/jv-framework/favicon.ico HTTP/1.1" 200 62096 "-" "Mozilla/4.0 (compatible; MSIE 8.0; Windows NT 5.1; Trident/4.0; GTB7.4; .NET CLR 1.1.4322; .NET CLR 2.0.50727; .NET CLR 3.0.4506.2152; .NET CLR 3.5.30729; BRI/2; OfficeLiveConnector.1.5; OfficeLivePatch.1.3)"
10.20.2.185 - - [29/Oct/2012:11:03:02 -0500] "GET /spinabifida/login HTTP/1.1" 404 517 "http://bitaction01.academic.rrc.ca/spinabifida/index.php" "Mozilla/5.0 (Windows NT 6.1; rv:16.0) Gecko/20100101 Firefox/16.0"
::1 - - [29/Oct/2012:11:03:08 -0500] "OPTIONS * HTTP/1.0" 200 152 "-" "Apache/2.2.16 (Debian) (internal dummy connection)"
10.20.2.178 - - [29/Oct/2012:11:03:14 -0500] "GET /spinabifida/administrator/index.php?option=com_installer HTTP/1.1" 200 5782 "http://bitaction01.academic.rrc.ca/spinabifida/administrator/index.php?option=com_config" "Mozilla/5.0 (Windows NT 6.1) AppleWebKit/537.4 (KHTML, like Gecko) Chrome/22.0.1229.94 Safari/537.4"
10.20.2.178 - - [29/Oct/2012:11:03:14 -0500] "GET /spinabifida/administrator/templates/bluestork/images/toolbar/icon-32-config.png HTTP/1.1" 200 2084 "http://bitaction01.academic.rrc.ca/spinabifida/administrator/index.php?option=com_installer" "Mozilla/5.0 (Windows NT 6.1) AppleWebKit/537.4 (KHTML, like Gecko) Chrome/22.0.1229.94 Safari/537.4"
10.20.2.178 - - [29/Oct/2012:11:03:16 -0500] "GET /spinabifida/administrator/index.php?option=com_installer&view=database HTTP/1.1" 200 5889 "http://bitaction01.academic.rrc.ca/spinabifida/administrator/index.php?option=com_installer" "Mozilla/5.0 (Windows NT 6.1) AppleWebKit/537.4 (KHTML, like Gecko) Chrome/22.0.1229.94 Safari/537.4"
10.20.2.178 - - [29/Oct/2012:11:03:17 -0500] "GET /spinabifida/administrator/templates/bluestork/images/toolbar/icon-32-refresh.png HTTP/1.1" 200 2583 "http://bitaction01.academic.rrc.ca/spinabifida/administrator/index.php?option=com_installer&view=database" "Mozilla/5.0 (Windows NT 6.1) AppleWebKit/537.4 (KHTML, like Gecko) Chrome/22.0.1229.94 Safari/537.4"
10.20.2.178 - - [29/Oct/2012:11:03:17 -0500] "GET /spinabifida/administrator/templates/bluestork/images/admin/icon-16-allow.png HTTP/1.1" 200 719 "http://bitaction01.academic.rrc.ca/spinabifida/administrator/index.php?option=com_installer&view=database" "Mozilla/5.0 (Windows NT 6.1) AppleWebKit/537.4 (KHTML, like Gecko) Chrome/22.0.1229.94 Safari/537.4"
::1 - - [29/Oct/2012:11:03:18 -0500] "OPTIONS * HTTP/1.0" 200 152 "-" "Apache/2.2.16 (Debian) (internal dummy connection)"
10.20.2.178 - - [29/Oct/2012:11:03:18 -0500] "GET /spinabifida/administrator/index.php?option=com_installer&view=warnings HTTP/1.1" 200 6004 "http://bitaction01.academic.rrc.ca/spinabifida/administrator/index.php?option=com_installer&view=database" "Mozilla/5.0 (Windows NT 6.1) AppleWebKit/537.4 (KHTML, like Gecko) Chrome/22.0.1229.94 Safari/537.4"
74.216.41.92 - - [29/Oct/2012:11:03:19 -0500] "GET /spinabifida/sbhac HTTP/1.1" 404 518 "http://bitaction01.academic.rrc.ca/spinabifida/index.php" "Mozilla/4.0 (compatible; MSIE 8.0; Windows NT 5.1; Trident/4.0; GTB7.4; .NET CLR 1.1.4322; .NET CLR 2.0.50727; .NET CLR 3.0.4506.2152; .NET CLR 3.5.30729; BRI/2; OfficeLiveConnector.1.5; OfficeLivePatch.1.3)"
::1 - - [29/Oct/2012:11:03:19 -0500] "OPTIONS * HTTP/1.0" 200 152 "-" "Apache/2.2.16 (Debian) (internal dummy connection)"
74.216.41.92 - - [29/Oct/2012:11:03:20 -0500] "GET /favicon.ico HTTP/1.1" 404 511 "-" "Mozilla/4.0 (compatible; MSIE 8.0; Windows NT 5.1; Trident/4.0; GTB7.4; .NET CLR 1.1.4322; .NET CLR 2.0.50727; .NET CLR 3.0.4506.2152; .NET CLR 3.5.30729; BRI/2; OfficeLiveConnector.1.5; OfficeLivePatch.1.3)"
::1 - - [29/Oct/2012:11:03:20 -0500] "OPTIONS * HTTP/1.0" 200 152 "-" "Apache/2.2.16 (Debian) (internal dummy connection)"
::1 - - [29/Oct/2012:11:03:21 -0500] "OPTIONS * HTTP/1.0" 200 152 "-" "Apache/2.2.16 (Debian) (internal dummy connection)"
74.216.41.92 - - [29/Oct/2012:11:03:25 -0500] "GET /spinabifida/index.php HTTP/1.1" 200 5057 "-" "Mozilla/4.0 (compatible; MSIE 8.0; Windows NT 5.1; Trident/4.0; GTB7.4; .NET CLR 1.1.4322; .NET CLR 2.0.50727; .NET CLR 3.0.4506.2152; .NET CLR 3.5.30729; BRI/2; OfficeLiveConnector.1.5; OfficeLivePatch.1.3)"
10.20.2.178 - - [29/Oct/2012:11:03:28 -0500] "GET /spinabifida/administrator/index.php?option=com_installer&view=languages HTTP/1.1" 200 7165 "http://bitaction01.academic.rrc.ca/spinabifida/administrator/index.php?option=com_installer&view=warnings" "Mozilla/5.0 (Windows NT 6.1) AppleWebKit/537.4 (KHTML, like Gecko) Chrome/22.0.1229.94 Safari/537.4"
10.20.2.178 - - [29/Oct/2012:11:03:29 -0500] "GET /spinabifida/media/system/js/multiselect.js HTTP/1.1" 200 959 "http://bitaction01.academic.rrc.ca/spinabifida/administrator/index.php?option=com_installer&view=languages" "Mozilla/5.0 (Windows NT 6.1) AppleWebKit/537.4 (KHTML, like Gecko) Chrome/22.0.1229.94 Safari/537.4"
10.20.2.178 - - [29/Oct/2012:11:03:29 -0500] "GET /spinabifida/administrator/templates/bluestork/images/toolbar/icon-32-upload.png HTTP/1.1" 200 2296 "http://bitaction01.academic.rrc.ca/spinabifida/administrator/index.php?option=com_installer&view=languages" "Mozilla/5.0 (Windows NT 6.1) AppleWebKit/537.4 (KHTML, like Gecko) Chrome/22.0.1229.94 Safari/537.4"
